Component: ARM Compiler 5.06 update 6 (build 750) Tool: armlink [4d35ed]

==============================================================================

Section Cross References

    main.o(i.CPU_Task) refers to rt_memclr_w.o(.text) for __aeabi_memclr4
    main.o(i.CPU_Task) refers to tasks.o(i.vTaskList) for vTaskList
    main.o(i.CPU_Task) refers to usart.o(i.App_Printf) for App_Printf
    main.o(i.CPU_Task) refers to tasks.o(i.vTaskGetRunTimeStats) for vTaskGetRunTimeStats
    main.o(i.CPU_Task) refers to tasks.o(i.vTaskDelay) for vTaskDelay
    main.o(i.CPU_Task) refers to main.o(.constdata) for __FUNCTION__
    main.o(i.led_task) refers to dso.o(i.CopyDataToWaveBuff) for CopyDataToWaveBuff
    main.o(i.led_task) refers to dso.o(i.FFT_GetFreq) for FFT_GetFreq
    main.o(i.led_task) refers to tasks.o(i.vTaskDelay) for vTaskDelay
    main.o(i.led_task) refers to dso.o(.constdata) for _tgrade
    main.o(i.main) refers to misc.o(i.NVIC_PriorityGroupConfig) for NVIC_PriorityGroupConfig
    main.o(i.main) refers to delay.o(i.delay_init) for delay_init
    main.o(i.main) refers to usart.o(i.uart_init) for uart_init
    main.o(i.main) refers to bsp_led.o(i.LED_Init) for LED_Init
    main.o(i.main) refers to bsp_dac.o(i.DAC_Mode_Init) for DAC_Mode_Init
    main.o(i.main) refers to bsp_dac.o(i.SetDACFreq) for SetDACFreq
    main.o(i.main) refers to bsp_adc.o(i.ADC_Mode_Init) for ADC_Mode_Init
    main.o(i.main) refers to bsp_adc.o(i.SetADCSampleRate) for SetADCSampleRate
    main.o(i.main) refers to bsp_timbase.o(i.TIM5_Init) for TIM5_Init
    main.o(i.main) refers to arm_cfft_radix4_init_f32.o(.text) for arm_cfft_radix4_init_f32
    main.o(i.main) refers to tasks.o(i.xTaskCreate) for xTaskCreate
    main.o(i.main) refers to main.o(i.xMutexCreate) for xMutexCreate
    main.o(i.main) refers to tasks.o(i.vTaskStartScheduler) for vTaskStartScheduler
    main.o(i.main) refers to dso.o(.constdata) for _tgrade
    main.o(i.main) refers to dso.o(.bss) for scfft
    main.o(i.main) refers to main.o(.data) for StartTask_Handler
    main.o(i.main) refers to main.o(i.start_task) for start_task
    main.o(i.start_task) refers to port.o(i.vPortEnterCritical) for vPortEnterCritical
    main.o(i.start_task) refers to tasks.o(i.xTaskCreate) for xTaskCreate
    main.o(i.start_task) refers to tasks.o(i.vTaskDelete) for vTaskDelete
    main.o(i.start_task) refers to port.o(i.vPortExitCritical) for vPortExitCritical
    main.o(i.start_task) refers to main.o(.data) for LEDTask_Handler
    main.o(i.start_task) refers to main.o(i.led_task) for led_task
    main.o(i.start_task) refers to main.o(i.CPU_Task) for CPU_Task
    main.o(i.xMutexCreate) refers to queue.o(i.xQueueCreateMutex) for xQueueCreateMutex
    main.o(i.xMutexCreate) refers to main.o(.data) for msgProMutex
    stm32f4xx_it.o(i.TIM5_IRQHandler) refers to stm32f4xx_tim.o(i.TIM_GetITStatus) for TIM_GetITStatus
    stm32f4xx_it.o(i.TIM5_IRQHandler) refers to stm32f4xx_tim.o(i.TIM_ClearITPendingBit) for TIM_ClearITPendingBit
    stm32f4xx_it.o(i.TIM5_IRQHandler) refers to stm32f4xx_it.o(.data) for CPU_RunTime
    startup_stm32f40_41xxx.o(STACK) refers (Special) to heapauxi.o(.text) for __use_two_region_memory
    startup_stm32f40_41xxx.o(HEAP) refers (Special) to heapauxi.o(.text) for __use_two_region_memory
    startup_stm32f40_41xxx.o(RESET) refers (Special) to heapauxi.o(.text) for __use_two_region_memory
    startup_stm32f40_41xxx.o(RESET) refers to startup_stm32f40_41xxx.o(STACK) for __initial_sp
    startup_stm32f40_41xxx.o(RESET) refers to startup_stm32f40_41xxx.o(.text) for Reset_Handler
    startup_stm32f40_41xxx.o(RESET) refers to stm32f4xx_it.o(i.NMI_Handler) for NMI_Handler
    startup_stm32f40_41xxx.o(RESET) refers to stm32f4xx_it.o(i.HardFault_Handler) for HardFault_Handler
    startup_stm32f40_41xxx.o(RESET) refers to stm32f4xx_it.o(i.MemManage_Handler) for MemManage_Handler
    startup_stm32f40_41xxx.o(RESET) refers to stm32f4xx_it.o(i.BusFault_Handler) for BusFault_Handler
    startup_stm32f40_41xxx.o(RESET) refers to stm32f4xx_it.o(i.UsageFault_Handler) for UsageFault_Handler
    startup_stm32f40_41xxx.o(RESET) refers to port.o(.emb_text) for SVC_Handler
    startup_stm32f40_41xxx.o(RESET) refers to stm32f4xx_it.o(i.DebugMon_Handler) for DebugMon_Handler
    startup_stm32f40_41xxx.o(RESET) refers to delay.o(i.SysTick_Handler) for SysTick_Handler
    startup_stm32f40_41xxx.o(RESET) refers to bsp_adc.o(i.TIM2_IRQHandler) for TIM2_IRQHandler
    startup_stm32f40_41xxx.o(RESET) refers to usart.o(i.USART1_IRQHandler) for USART1_IRQHandler
    startup_stm32f40_41xxx.o(RESET) refers to stm32f4xx_it.o(i.TIM5_IRQHandler) for TIM5_IRQHandler
    startup_stm32f40_41xxx.o(RESET) refers to bsp_adc.o(i.DMA2_Stream0_IRQHandler) for DMA2_Stream0_IRQHandler
    startup_stm32f40_41xxx.o(.text) refers (Special) to heapauxi.o(.text) for __use_two_region_memory
    startup_stm32f40_41xxx.o(.text) refers to system_stm32f4xx.o(i.SystemInit) for SystemInit
[...]
    _printf_o                                0x0800023d   Thumb Code     0  _printf_o.o(.ARM.Collect$$_printf_percent$$0000000B)
    _printf_x                                0x08000243   Thumb Code     0  _printf_x.o(.ARM.Collect$$_printf_percent$$0000000C)
    _printf_lli                              0x08000249   Thumb Code     0  _printf_lli.o(.ARM.Collect$$_printf_percent$$0000000D)
    _printf_lld                              0x0800024f   Thumb Code     0  _printf_lld.o(.ARM.Collect$$_printf_percent$$0000000E)
    _printf_llu                              0x08000255   Thumb Code     0  _printf_llu.o(.ARM.Collect$$_printf_percent$$0000000F)
    _printf_llo                              0x0800025b   Thumb Code     0  _printf_llo.o(.ARM.Collect$$_printf_percent$$00000010)
    _printf_llx                              0x08000261   Thumb Code     0  _printf_llx.o(.ARM.Collect$$_printf_percent$$00000011)
    _printf_l                                0x08000267   Thumb Code     0  _printf_l.o(.ARM.Collect$$_printf_percent$$00000012)
    _printf_c                                0x08000271   Thumb Code     0  _printf_c.o(.ARM.Collect$$_printf_percent$$00000013)
    _printf_s                                0x08000277   Thumb Code     0  _printf_s.o(.ARM.Collect$$_printf_percent$$00000014)
    _printf_lc                               0x0800027d   Thumb Code     0  _printf_lc.o(.ARM.Collect$$_printf_percent$$00000015)
    _printf_ls                               0x08000283   Thumb Code     0  _printf_ls.o(.ARM.Collect$$_printf_percent$$00000016)
    _printf_percent_end                      0x08000289   Thumb Code     0  _printf_percent_end.o(.ARM.Collect$$_printf_percent$$00000017)
    __rt_lib_init                            0x0800028d   Thumb Code     0  libinit.o(.ARM.Collect$$libinit$$00000000)
    __rt_lib_init_fp_1                       0x0800028f   Thumb Code     0  libinit2.o(.ARM.Collect$$libinit$$00000001)
    __rt_lib_init_heap_1                     0x08000293   Thumb Code     0  libinit2.o(.ARM.Collect$$libinit$$0000000A)
    __rt_lib_init_lc_common                  0x08000293   Thumb Code     0  libinit2.o(.ARM.Collect$$libinit$$0000000F)
    __rt_lib_init_preinit_1                  0x08000293   Thumb Code     0  libinit2.o(.ARM.Collect$$libinit$$00000004)
    __rt_lib_init_rand_1                     0x08000293   Thumb Code     0  libinit2.o(.ARM.Collect$$libinit$$0000000E)
    __rt_lib_init_user_alloc_1               0x08000293   Thumb Code     0  libinit2.o(.ARM.Collect$$libinit$$0000000C)
    __rt_lib_init_lc_collate_1               0x08000299   Thumb Code     0  libinit2.o(.ARM.Collect$$libinit$$00000011)
    __rt_lib_init_lc_ctype_2                 0x08000299   Thumb Code     0  libinit2.o(.ARM.Collect$$libinit$$00000012)
    __rt_lib_init_lc_ctype_1                 0x080002a5   Thumb Code     0  libinit2.o(.ARM.Collect$$libinit$$00000013)
    __rt_lib_init_lc_monetary_1              0x080002a5   Thumb Code     0  libinit2.o(.ARM.Collect$$libinit$$00000015)
    __rt_lib_init_lc_numeric_2               0x080002a5   Thumb Code     0  libinit2.o(.ARM.Collect$$libinit$$00000016)
    __rt_lib_init_alloca_1                   0x080002af   Thumb Code     0  libinit2.o(.ARM.Collect$$libinit$$0000002E)
    __rt_lib_init_argv_1                     0x080002af   Thumb Code     0  libinit2.o(.ARM.Collect$$libinit$$0000002C)
    __rt_lib_init_atexit_1                   0x080002af   Thumb Code     0  libinit2.o(.ARM.Collect$$libinit$$0000001B)
    __rt_lib_init_clock_1                    0x080002af   Thumb Code     0  libinit2.o(.ARM.Collect$$libinit$$00000021)
    __rt_lib_init_cpp_1                      0x080002af   Thumb Code     0  libinit2.o(.ARM.Collect$$libinit$$00000032)
    __rt_lib_init_exceptions_1               0x080002af   Thumb Code     0  libinit2.o(.ARM.Collect$$libinit$$00000030)
    __rt_lib_init_fp_trap_1                  0x080002af   Thumb Code     0  libinit2.o(.ARM.Collect$$libinit$$0000001F)
    __rt_lib_init_getenv_1                   0x080002af   Thumb Code     0  libinit2.o(.ARM.Collect$$libinit$$00000023)
    __rt_lib_init_lc_numeric_1               0x080002af   Thumb Code     0  libinit2.o(.ARM.Collect$$libinit$$00000017)
    __rt_lib_init_lc_time_1                  0x080002af   Thumb Code     0  libinit2.o(.ARM.Collect$$libinit$$00000019)
    __rt_lib_init_return                     0x080002af   Thumb Code     0  libinit2.o(.ARM.Collect$$libinit$$00000033)
    __rt_lib_init_signal_1                   0x080002af   Thumb Code     0  libinit2.o(.ARM.Collect$$libinit$$0000001D)
    __rt_lib_init_stdio_1                    0x080002af   Thumb Code     0  libinit2.o(.ARM.Collect$$libinit$$00000025)
    __rt_lib_shutdown                        0x080002b1   Thumb Code     0  libshutdown.o(.ARM.Collect$$libshutdown$$00000000)
    __rt_lib_shutdown_cpp_1                  0x080002b3   Thumb Code     0  libshutdown2.o(.ARM.Collect$$libshutdown$$00000002)
    __rt_lib_shutdown_fp_trap_1              0x080002b3   Thumb Code     0  libshutdown2.o(.ARM.Collect$$libshutdown$$00000007)
    __rt_lib_shutdown_heap_1                 0x080002b3   Thumb Code     0  libshutdown2.o(.ARM.Collect$$libshutdown$$0000000F)
    __rt_lib_shutdown_return                 0x080002b3   Thumb Code     0  libshutdown2.o(.ARM.Collect$$libshutdown$$00000010)
    __rt_lib_shutdown_signal_1               0x080002b3   Thumb Code     0  libshutdown2.o(.ARM.Collect$$libshutdown$$0000000A)
    __rt_lib_shutdown_stdio_1                0x080002b3   Thumb Code     0  libshutdown2.o(.ARM.Collect$$libshutdown$$00000004)
    __rt_lib_shutdown_user_alloc_1           0x080002b3   Thumb Code     0  libshutdown2.o(.ARM.Collect$$libshutdown$$0000000C)
    __rt_entry                               0x080002b5   Thumb Code     0  __rtentry.o(.ARM.Collect$$rtentry$$00000000)
    __rt_entry_presh_1                       0x080002b5   Thumb Code     0  __rtentry2.o(.ARM.Collect$$rtentry$$00000002)
    __rt_entry_sh                            0x080002b5   Thumb Code     0  __rtentry4.o(.ARM.Collect$$rtentry$$00000004)
    __rt_entry_li                            0x080002bb   Thumb Code     0  __rtentry2.o(.ARM.Collect$$rtentry$$0000000A)
    __rt_entry_postsh_1                      0x080002bb   Thumb Code     0  __rtentry2.o(.ARM.Collect$$rtentry$$00000009)
    __rt_entry_main                          0x080002bf   Thumb Code     0  __rtentry2.o(.ARM.Collect$$rtentry$$0000000D)
    __rt_entry_postli_1                      0x080002bf   Thumb Code     0  __rtentry2.o(.ARM.Collect$$rtentry$$0000000C)
    __rt_exit                                0x080002c7   Thumb Code     0  rtexit.o(.ARM.Collect$$rtexit$$00000000)
    __rt_exit_ls                             0x080002c9   Thumb Code     0  rtexit2.o(.ARM.Collect$$rtexit$$00000003)
    __rt_exit_prels_1                        0x080002c9   Thumb Code     0  rtexit2.o(.ARM.Collect$$rtexit$$00000002)
    __rt_exit_exit                           0x080002cd   Thumb Code     0  rtexit2.o(.ARM.Collect$$rtexit$$00000004)
    SVC_Handler                              0x080002d5   Thumb Code    28  port.o(.emb_text)
    __asm___6_port_c_39a90d8d__prvStartFirstTask 0x080002f5   Thumb Code    36  port.o(.emb_text)
    __asm___6_port_c_39a90d8d__prvEnableVFP  0x0800031d   Thumb Code    16  port.o(.emb_text)
    PendSV_Handler                           0x08000331   Thumb Code    88  port.o(.emb_text)
    vPortGetIPSR                             0x0800038d   Thumb Code     6  port.o(.emb_text)
    Reset_Handler                            0x08000395   Thumb Code     8  startup_stm32f40_41xxx.o(.text)
    ADC_IRQHandler                           0x080003af   Thumb Code     0  startup_stm32f40_41xxx.o(.text)
    CAN1_RX0_IRQHandler                      0x080003af   Thumb Code     0  startup_stm32f40_41xxx.o(.text)
    CAN1_RX1_IRQHandler                      0x080003af   Thumb Code     0  startup_stm32f40_41xxx.o(.text)
    CAN1_SCE_IRQHandler                      0x080003af   Thumb Code     0  startup_stm32f40_41xxx.o(.text)
    CAN1_TX_IRQHandler                       0x080003af   Thumb Code     0  startup_stm32f40_41xxx.o(.text)
    CAN2_RX0_IRQHandler                      0x080003af   Thumb Code     0  startup_stm32f40_41xxx.o(.text)
    CAN2_RX1_IRQHandler                      0x080003af   Thumb Code     0  startup_stm32f40_41xxx.o(.text)
    CAN2_SCE_IRQHandler                      0x080003af   Thumb Code     0  startup_stm32f40_41xxx.o(.text)
    CAN2_TX_IRQHandler                       0x080003af   Thumb Code     0  startup_stm32f40_41xxx.o(.text)
    CRYP_IRQHandler                          0x080003af   Thumb Code     0  startup_stm32f40_41xxx.o(.text)
    DCMI_IRQHandler                          0x080003af   Thumb Code     0  startup_stm32f40_41xxx.o(.text)
    DMA1_Stream0_IRQHandler                  0x080003af   Thumb Code     0  startup_stm32f40_41xxx.o(.text)
    DMA1_Stream1_IRQHandler                  0x080003af   Thumb Code     0  startup_stm32f40_41xxx.o(.text)
    DMA1_Stream2_IRQHandler                  0x080003af   Thumb Code     0  startup_stm32f40_41xxx.o(.text)
    DMA1_Stream3_IRQHandler                  0x080003af   Thumb Code     0  startup_stm32f40_41xxx.o(.text)
    DMA1_Stream4_IRQHandler                  0x080003af   Thumb Code     0  startup_stm32f40_41xxx.o(.text)
    DMA1_Stream5_IRQHandler                  0x080003af   Thumb Code     0  startup_stm32f40_41xxx.o(.text)
    DMA1_Stream6_IRQHandler                  0x080003af   Thumb Code     0  startup_stm32f40_41xxx.o(.text)
    DMA1_Stream7_IRQHandler                  0x080003af   Thumb Code     0  startup_stm32f40_41xxx.o(.text)
    DMA2_Stream1_IRQHandler                  0x080003af   Thumb Code     0  startup_stm32f40_41xxx.o(.text)
    DMA2_Stream2_IRQHandler                  0x080003af   Thumb Code     0  startup_stm32f40_41xxx.o(.text)
    DMA2_Stream3_IRQHandler                  0x080003af   Thumb Code     0  startup_stm32f40_41xxx.o(.text)
    DMA2_Stream4_IRQHandler                  0x080003af   Thumb Code     0  startup_stm32f40_41xxx.o(.text)
    DMA2_Stream5_IRQHandler                  0x080003af   Thumb Code     0  startup_stm32f40_41xxx.o(.text)
    DMA2_Stream6_IRQHandler                  0x080003af   Thumb Code     0  startup_stm32f40_41xxx.o(.text)
    DMA2_Stream7_IRQHandler                  0x080003af   Thumb Code     0  startup_stm32f40_41xxx.o(.text)
    ETH_IRQHandler                           0x080003af   Thumb Code     0  startup_stm32f40_41xxx.o(.text)
    ETH_WKUP_IRQHandler                      0x080003af   Thumb Code     0  startup_stm32f40_41xxx.o(.text)
    EXTI0_IRQHandler                         0x080003af   Thumb Code     0  startup_stm32f40_41xxx.o(.text)
    EXTI15_10_IRQHandler                     0x080003af   Thumb Code     0  startup_stm32f40_41xxx.o(.text)
    EXTI1_IRQHandler                         0x080003af   Thumb Code     0  startup_stm32f40_41xxx.o(.text)
    EXTI2_IRQHandler                         0x080003af   Thumb Code     0  startup_stm32f40_41xxx.o(.text)
    EXTI3_IRQHandler                         0x080003af   Thumb Code     0  startup_stm32f40_41xxx.o(.text)
    EXTI4_IRQHandler                         0x080003af   Thumb Code     0  startup_stm32f40_41xxx.o(.text)
    EXTI9_5_IRQHandler                       0x080003af   Thumb Code     0  startup_stm32f40_41xxx.o(.text)
    FLASH_IRQHandler                         0x080003af   Thumb Code     0  startup_stm32f40_41xxx.o(.text)
    FPU_IRQHandler                           0x080003af   Thumb Code     0  startup_stm32f40_41xxx.o(.text)
    FSMC_IRQHandler                          0x080003af   Thumb Code     0  startup_stm32f40_41xxx.o(.text)
    HASH_RNG_IRQHandler                      0x080003af   Thumb Code     0  startup_stm32f40_41xxx.o(.text)
    I2C1_ER_IRQHandler                       0x080003af   Thumb Code     0  startup_stm32f40_41xxx.o(.text)
    I2C1_EV_IRQHandler                       0x080003af   Thumb Code     0  startup_stm32f40_41xxx.o(.text)
    I2C2_ER_IRQHandler                       0x080003af   Thumb Code     0  startup_stm32f40_41xxx.o(.text)
    I2C2_EV_IRQHandler                       0x080003af   Thumb Code     0  startup_stm32f40_41xxx.o(.text)
    I2C3_ER_IRQHandler                       0x080003af   Thumb Code     0  startup_stm32f40_41xxx.o(.text)
    I2C3_EV_IRQHandler                       0x080003af   Thumb Code     0  startup_stm32f40_41xxx.o(.text)
    OTG_FS_IRQHandler                        0x080003af   Thumb Code     0  startup_stm32f40_41xxx.o(.text)
    OTG_FS_WKUP_IRQHandler                   0x080003af   Thumb Code     0  startup_stm32f40_41xxx.o(.text)
    OTG_HS_EP1_IN_IRQHandler                 0x080003af   Thumb Code     0  startup_stm32f40_41xxx.o(.text)
    OTG_HS_EP1_OUT_IRQHandler                0x080003af   Thumb Code     0  startup_stm32f40_41xxx.o(.text)
    OTG_HS_IRQHandler                        0x080003af   Thumb Code     0  startup_stm32f40_41xxx.o(.text)
    OTG_HS_WKUP_IRQHandler                   0x080003af   Thumb Code     0  startup_stm32f40_41xxx.o(.text)
    PVD_IRQHandler                           0x080003af   Thumb Code     0  startup_stm32f40_41xxx.o(.text)
    RCC_IRQHandler                           0x080003af   Thumb Code     0  startup_stm32f40_41xxx.o(.text)
    RTC_Alarm_IRQHandler                     0x080003af   Thumb Code     0  startup_stm32f40_41xxx.o(.text)
    RTC_WKUP_IRQHandler                      0x080003af   Thumb Code     0  startup_stm32f40_41xxx.o(.text)
    SDIO_IRQHandler                          0x080003af   Thumb Code     0  startup_stm32f40_41xxx.o(.text)
    SPI1_IRQHandler                          0x080003af   Thumb Code     0  startup_stm32f40_41xxx.o(.text)
    SPI2_IRQHandler                          0x080003af   Thumb Code     0  startup_stm32f40_41xxx.o(.text)
    SPI3_IRQHandler                          0x080003af   Thumb Code     0  startup_stm32f40_41xxx.o(.text)
    TAMP_STAMP_IRQHandler                    0x080003af   Thumb Code     0  startup_stm32f40_41xxx.o(.text)
    TIM1_BRK_TIM9_IRQHandler                 0x080003af   Thumb Code     0  startup_stm32f40_41xxx.o(.text)
    TIM1_CC_IRQHandler                       0x080003af   Thumb Code     0  startup_stm32f40_41xxx.o(.text)
    TIM1_TRG_COM_TIM11_IRQHandler            0x080003af   Thumb Code     0  startup_stm32f40_41xxx.o(.text)
    TIM1_UP_TIM10_IRQHandler                 0x080003af   Thumb Code     0  startup_stm32f40_41xxx.o(.text)
    TIM3_IRQHandler                          0x080003af   Thumb Code     0  startup_stm32f40_41xxx.o(.text)
    TIM4_IRQHandler                          0x080003af   Thumb Code     0  startup_stm32f40_41xxx.o(.text)
    TIM6_DAC_IRQHandler                      0x080003af   Thumb Code     0  startup_stm32f40_41xxx.o(.text)
    TIM7_IRQHandler                          0x080003af   Thumb Code     0  startup_stm32f40_41xxx.o(.text)
    TIM8_BRK_TIM12_IRQHandler                0x080003af   Thumb Code     0  startup_stm32f40_41xxx.o(.text)
    TIM8_CC_IRQHandler                       0x080003af   Thumb Code     0  startup_stm32f40_41xxx.o(.text)
    TIM8_TRG_COM_TIM14_IRQHandler            0x080003af   Thumb Code     0  startup_stm32f40_41xxx.o(.text)
    TIM8_UP_TIM13_IRQHandler                 0x080003af   Thumb Code     0  startup_stm32f40_41xxx.o(.text)
    UART4_IRQHandler                         0x080003af   Thumb Code     0  startup_stm32f40_41xxx.o(.text)
    UART5_IRQHandler                         0x080003af   Thumb Code     0  startup_stm32f40_41xxx.o(.text)
    USART2_IRQHandler                        0x080003af   Thumb Code     0  startup_stm32f40_41xxx.o(.text)
    USART3_IRQHandler                        0x080003af   Thumb Code     0  startup_stm32f40_41xxx.o(.text)
    USART6_IRQHandler                        0x080003af   Thumb Code     0  startup_stm32f40_41xxx.o(.text)
    WWDG_IRQHandler                          0x080003af   Thumb Code     0  startup_stm32f40_41xxx.o(.text)
    __user_initial_stackheap                 0x080003b1   Thumb Code     0  startup_stm32f40_41xxx.o(.text)
    arm_cmplx_mag_f32                        0x080003d5   Thumb Code   236  arm_cmplx_mag_f32.o(.text)
    arm_radix4_butterfly_f32                 0x080004c5   Thumb Code   800  arm_cfft_radix4_f32.o(.text)
    arm_radix4_butterfly_inverse_f32         0x080007e5   Thumb Code   836  arm_cfft_radix4_f32.o(.text)
    arm_cfft_radix4_f32                      0x08000b29   Thumb Code    60  arm_cfft_radix4_f32.o(.text)
    arm_cfft_radix4_init_f32                 0x08000b65   Thumb Code   146  arm_cfft_radix4_init_f32.o(.text)
    arm_bitreversal_f32                      0x08000c25   Thumb Code   178  arm_bitreversal.o(.text)
    arm_bitreversal_q31                      0x08000cd7   Thumb Code   180  arm_bitreversal.o(.text)
    arm_bitreversal_q15                      0x08000d8b   Thumb Code   128  arm_bitreversal.o(.text)
    __use_no_semihosting                     0x08000e0b   Thumb Code     2  use_no_semi_2.o(.text)
    vsnprintf                                0x08000e0d   Thumb Code    48  vsnprintf.o(.text)
    __2printf                                0x08000e41   Thumb Code    20  __2printf.o(.text)
    __2sprintf                               0x08000e59   Thumb Code    38  __2sprintf.o(.text)
    _printf_str                              0x08000e85   Thumb Code    82  _printf_str.o(.text)
    _printf_int_dec                          0x08000ed9   Thumb Code   104  _printf_dec.o(.text)
    __printf                                 0x08000f51   Thumb Code   388  __printf_flags_ss_wp.o(.text)
    strcpy                                   0x080010d9   Thumb Code    72  strcpy.o(.text)
    strlen                                   0x08001121   Thumb Code    62  strlen.o(.text)
    __aeabi_memcpy                           0x0800115f   Thumb Code     0  rt_memcpy_v6.o(.text)
    __rt_memcpy                              0x0800115f   Thumb Code   138  rt_memcpy_v6.o(.text)
    _memcpy_lastbytes                        0x080011c5   Thumb Code     0  rt_memcpy_v6.o(.text)
    __aeabi_memset                           0x080011e9   Thumb Code    16  aeabi_memset.o(.text)
    __aeabi_memclr4                          0x080011f9   Thumb Code     0  rt_memclr_w.o(.text)
    __aeabi_memclr8                          0x080011f9   Thumb Code     0  rt_memclr_w.o(.text)
    __rt_memclr_w                            0x080011f9   Thumb Code    78  rt_memclr_w.o(.text)
    _memset_w                                0x080011fd   Thumb Code     0  rt_memclr_w.o(.text)
    __use_two_region_memory                  0x08001247   Thumb Code     2  heapauxi.o(.text)
    __rt_heap_escrow$2region                 0x08001249   Thumb Code     2  heapauxi.o(.text)
    __rt_heap_expand$2region                 0x0800124b   Thumb Code     2  heapauxi.o(.text)
    __I$use$semihosting                      0x0800124d   Thumb Code     0  use_no_semi.o(.text)
    __use_no_semihosting_swi                 0x0800124d   Thumb Code     2  use_no_semi.o(.text)
    _printf_pre_padding                      0x0800124f   Thumb Code    44  _printf_pad.o(.text)
    _printf_post_padding                     0x0800127b   Thumb Code    34  _printf_pad.o(.text)
    _printf_truncate_signed                  0x0800129d   Thumb Code    18  _printf_truncate.o(.text)
    _printf_truncate_unsigned                0x080012af   Thumb Code    18  _printf_truncate.o(.text)
    _printf_int_common                       0x080012c1   Thumb Code   178  _printf_intcommon.o(.text)
    _printf_charcount                        0x08001373   Thumb Code    40  _printf_charcount.o(.text)
    _printf_char_common                      0x080013a7   Thumb Code    32  _printf_char_common.o(.text)
    _sputc                                   0x080013cd   Thumb Code    10  _sputc.o(.text)
    _snputc                                  0x080013d7   Thumb Code    16  _snputc.o(.text)
    _printf_cs_common                        0x080013e7   Thumb Code    20  _printf_char.o(.text)
    _printf_char                             0x080013fb   Thumb Code    16  _printf_char.o(.text)
    _printf_string                           0x0800140b   Thumb Code     8  _printf_char.o(.text)
    _printf_char_file                        0x08001415   Thumb Code    32  _printf_char_file.o(.text)
    _printf_wctomb                           0x08001439   Thumb Code   182  _printf_wctomb.o(.text)
    _printf_longlong_dec                     0x080014f5   Thumb Code   108  _printf_longlong_dec.o(.text)
    _printf_longlong_oct                     0x08001571   Thumb Code    66  _printf_oct_int_ll.o(.text)
    _printf_int_oct                          0x080015b3   Thumb Code    24  _printf_oct_int_ll.o(.text)
    _printf_ll_oct                           0x080015cb   Thumb Code    12  _printf_oct_int_ll.o(.text)
    _printf_longlong_hex                     0x080015e1   Thumb Code    86  _printf_hex_int_ll_ptr.o(.text)
    _printf_int_hex                          0x08001637   Thumb Code    28  _printf_hex_int_ll_ptr.o(.text)
    _printf_ll_hex                           0x08001653   Thumb Code    12  _printf_hex_int_ll_ptr.o(.text)
    _printf_hex_ptr                          0x0800165f   Thumb Code    18  _printf_hex_int_ll_ptr.o(.text)
    __aeabi_memcpy4                          0x08001675   Thumb Code     0  rt_memcpy_w.o(.text)
    __aeabi_memcpy8                          0x08001675   Thumb Code     0  rt_memcpy_w.o(.text)
    __rt_memcpy_w                            0x08001675   Thumb Code   100  rt_memcpy_w.o(.text)
    _memcpy_lastbytes_aligned                0x080016bd   Thumb Code     0  rt_memcpy_w.o(.text)
    __aeabi_memclr                           0x080016d9   Thumb Code     0  rt_memclr.o(.text)
    __rt_memclr                              0x080016d9   Thumb Code    68  rt_memclr.o(.text)
    _memset                                  0x080016dd   Thumb Code     0  rt_memclr.o(.text)
    _ll_udiv10                               0x0800171d   Thumb Code   138  lludiv10.o(.text)
    __lib_sel_fp_printf                      0x080017a7   Thumb Code     2  _printf_fp_dec.o(.text)
    _printf_fp_dec_real                      0x08001959   Thumb Code   620  _printf_fp_dec.o(.text)
    _printf_fp_hex_real                      0x08001bc5   Thumb Code   756  _printf_fp_hex.o(.text)
    _printf_lcs_common                       0x08001ec1   Thumb Code    20  _printf_wchar.o(.text)
    _printf_wchar                            0x08001ed5   Thumb Code    16  _printf_wchar.o(.text)
    _printf_wstring                          0x08001ee5   Thumb Code     8  _printf_wchar.o(.text)
    ferror                                   0x08001eed   Thumb Code     8  ferror.o(.text)
    _wcrtomb                                 0x08001ef5   Thumb Code    64  _wcrtomb.o(.text)
    __user_setup_stackheap                   0x08001f35   Thumb Code    74  sys_stackheap_outer.o(.text)
    __rt_ctype_table                         0x08001f81   Thumb Code    16  rt_ctype_table.o(.text)
    __rt_locale                              0x08001f91   Thumb Code     8  rt_locale_intlibspace.o(.text)
    _printf_fp_infnan                        0x08001f99   Thumb Code   112  _printf_fp_infnan.o(.text)
    _btod_etento                             0x08002019   Thumb Code   224  bigflt0.o(.text)
    exit                                     0x080020fd   Thumb Code    18  exit.o(.text)
    __user_libspace                          0x08002111   Thumb Code     8  libspace.o(.text)
    __user_perproc_libspace                  0x08002111   Thumb Code     0  libspace.o(.text)
    __user_perthread_libspace                0x08002111   Thumb Code     0  libspace.o(.text)
    strcmp                                   0x08002119   Thumb Code   128  strcmpv7m.o(.text)
    _btod_d2e                                0x08002199   Thumb Code    62  btod.o(CL$$btod_d2e)
    _d2e_denorm_low                          0x080021d7   Thumb Code    70  btod.o(CL$$btod_d2e_denorm_low)
    _d2e_norm_op1                            0x0800221d   Thumb Code    96  btod.o(CL$$btod_d2e_norm_op1)
    __btod_div_common                        0x0800227d   Thumb Code   696  btod.o(CL$$btod_div_common)
    _e2e                                     0x080025b5   Thumb Code   220  btod.o(CL$$btod_e2e)
    _btod_ediv                               0x08002691   Thumb Code    42  btod.o(CL$$btod_ediv)
    _btod_emul                               0x080026bb   Thumb Code    42  btod.o(CL$$btod_emul)
    __btod_mult_common                       0x080026e5   Thumb Code   580  btod.o(CL$$btod_mult_common)
    ADC_Cmd                                  0x08002929   Thumb Code    22  stm32f4xx_adc.o(i.ADC_Cmd)
    ADC_CommonInit                           0x08002941   Thumb Code    34  stm32f4xx_adc.o(i.ADC_CommonInit)
    ADC_Config                               0x08002971   Thumb Code   132  bsp_adc.o(i.ADC_Config)
    ADC_DMACmd                               0x080029f9   Thumb Code    22  stm32f4xx_adc.o(i.ADC_DMACmd)
    ADC_DMARequestAfterLastTransferCmd       0x08002a0f   Thumb Code    22  stm32f4xx_adc.o(i.ADC_DMARequestAfterLastTransferCmd)
    ADC_GPIO_Init                            0x08002a25   Thumb Code    36  bsp_adc.o(i.ADC_GPIO_Init)
    ADC_Init                                 0x08002a4d   Thumb Code    74  stm32f4xx_adc.o(i.ADC_Init)
    ADC_Mode_Init                            0x08002aa1   Thumb Code    26  bsp_adc.o(i.ADC_Mode_Init)
    ADC_RegularChannelConfig                 0x08002ac1   Thumb Code   184  stm32f4xx_adc.o(i.ADC_RegularChannelConfig)
    App_Printf                               0x08002b79   Thumb Code    64  usart.o(i.App_Printf)
    BusFault_Handler                         0x08002bc1   Thumb Code     4  stm32f4xx_it.o(i.BusFault_Handler)
    CPU_Task                                 0x08002bc5   Thumb Code   138  main.o(i.CPU_Task)
    CopyDataToWaveBuff                       0x08002d61   Thumb Code   320  dso.o(i.CopyDataToWaveBuff)
    DAC1_Config                              0x08002f01   Thumb Code   172  bsp_dac.o(i.DAC1_Config)
    DAC_Cmd                                  0x08002fbd   Thumb Code    34  stm32f4xx_dac.o(i.DAC_Cmd)
    DAC_DMACmd                               0x08002fe5   Thumb Code    38  stm32f4xx_dac.o(i.DAC_DMACmd)
    DAC_Init                                 0x08003011   Thumb Code    46  stm32f4xx_dac.o(i.DAC_Init)
    DAC_Mode_Init                            0x08003045   Thumb Code    12  bsp_dac.o(i.DAC_Mode_Init)
    DMA2_Stream0_IRQHandler                  0x08003051   Thumb Code    22  bsp_adc.o(i.DMA2_Stream0_IRQHandler)
    DMA_ClearITPendingBit                    0x08003071   Thumb Code    38  stm32f4xx_dma.o(i.DMA_ClearITPendingBit)
    DMA_Cmd                                  0x080030a5   Thumb Code    22  stm32f4xx_dma.o(i.DMA_Cmd)
    DMA_Config                               0x080030bd   Thumb Code   154  bsp_adc.o(i.DMA_Config)
    DMA_DeInit                               0x08003165   Thumb Code   324  stm32f4xx_dma.o(i.DMA_DeInit)
    DMA_GetCmdStatus                         0x080032bd   Thumb Code    20  stm32f4xx_dma.o(i.DMA_GetCmdStatus)
    DMA_GetCurrDataCounter                   0x080032d1   Thumb Code     8  stm32f4xx_dma.o(i.DMA_GetCurrDataCounter)
    DMA_GetITStatus                          0x080032d9   Thumb Code    82  stm32f4xx_dma.o(i.DMA_GetITStatus)
    DMA_ITConfig                             0x0800333d   Thumb Code    58  stm32f4xx_dma.o(i.DMA_ITConfig)
    DMA_Init                                 0x08003379   Thumb Code    82  stm32f4xx_dma.o(i.DMA_Init)
    DebugMon_Handler                         0x080033d1   Thumb Code     2  stm32f4xx_it.o(i.DebugMon_Handler)
    FFT_GetFreq                              0x080033d5   Thumb Code   218  dso.o(i.FFT_GetFreq)
    GPIO_Init                                0x08003519   Thumb Code   144  stm32f4xx_gpio.o(i.GPIO_Init)
    GPIO_PinAFConfig                         0x080035a9   Thumb Code    70  stm32f4xx_gpio.o(i.GPIO_PinAFConfig)
    GPIO_SetBits                             0x080035ef   Thumb Code     4  stm32f4xx_gpio.o(i.GPIO_SetBits)
    HardFault_Handler                        0x080035f3   Thumb Code     4  stm32f4xx_it.o(i.HardFault_Handler)
    LED_Init                                 0x080035f9   Thumb Code    60  bsp_led.o(i.LED_Init)
    MemManage_Handler                        0x08003639   Thumb Code     4  stm32f4xx_it.o(i.MemManage_Handler)
    NMI_Handler                              0x0800363d   Thumb Code     2  stm32f4xx_it.o(i.NMI_Handler)
    NVIC_Config                              0x0800363f   Thumb Code    60  bsp_adc.o(i.NVIC_Config)
    NVIC_Init                                0x0800367d   Thumb Code   106  misc.o(i.NVIC_Init)
    NVIC_PriorityGroupConfig                 0x080036f5   Thumb Code    10  misc.o(i.NVIC_PriorityGroupConfig)
    RCC_AHB1PeriphClockCmd                   0x08003709   Thumb Code    26  stm32f4xx_rcc.o(i.RCC_AHB1PeriphClockCmd)
    RCC_APB1PeriphClockCmd                   0x08003729   Thumb Code    26  stm32f4xx_rcc.o(i.RCC_APB1PeriphClockCmd)
    RCC_APB2PeriphClockCmd                   0x08003749   Thumb Code    26  stm32f4xx_rcc.o(i.RCC_APB2PeriphClockCmd)
    RCC_APB2PeriphResetCmd                   0x08003769   Thumb Code    26  stm32f4xx_rcc.o(i.RCC_APB2PeriphResetCmd)
    RCC_GetClocksFreq                        0x08003789   Thumb Code   214  stm32f4xx_rcc.o(i.RCC_GetClocksFreq)
    SetADCSampleRate                         0x08003871   Thumb Code    26  bsp_adc.o(i.SetADCSampleRate)
    SetDACFreq                               0x08003895   Thumb Code    26  bsp_dac.o(i.SetDACFreq)
    SysTick_CLKSourceConfig                  0x080039a5   Thumb Code    40  misc.o(i.SysTick_CLKSourceConfig)
    SysTick_Handler                          0x080039cd   Thumb Code    16  delay.o(i.SysTick_Handler)
    SystemInit                               0x080039dd   Thumb Code    88  system_stm32f4xx.o(i.SystemInit)
    TIM2_IRQHandler                          0x08003a45   Thumb Code    22  bsp_adc.o(i.TIM2_IRQHandler)
    TIM2_Init                                0x08003a5b   Thumb Code    82  bsp_adc.o(i.TIM2_Init)
    TIM5_IRQHandler                          0x08003aad   Thumb Code    34  stm32f4xx_it.o(i.TIM5_IRQHandler)
    TIM5_Init                                0x08003ad9   Thumb Code    88  bsp_timbase.o(i.TIM5_Init)
    TIM6_Config                              0x08003b35   Thumb Code    62  bsp_dac.o(i.TIM6_Config)
    TIM_ARRPreloadConfig                     0x08003b79   Thumb Code    24  stm32f4xx_tim.o(i.TIM_ARRPreloadConfig)
    TIM_ClearITPendingBit                    0x08003b91   Thumb Code     6  stm32f4xx_tim.o(i.TIM_ClearITPendingBit)
    TIM_Cmd                                  0x08003b97   Thumb Code    24  stm32f4xx_tim.o(i.TIM_Cmd)
    TIM_GetITStatus                          0x08003baf   Thumb Code    34  stm32f4xx_tim.o(i.TIM_GetITStatus)
    TIM_ITConfig                             0x08003bd1   Thumb Code    18  stm32f4xx_tim.o(i.TIM_ITConfig)
    TIM_PrescalerConfig                      0x08003be3   Thumb Code     6  stm32f4xx_tim.o(i.TIM_PrescalerConfig)
    TIM_SelectOutputTrigger                  0x08003be9   Thumb Code    18  stm32f4xx_tim.o(i.TIM_SelectOutputTrigger)
    TIM_SetAutoreload                        0x08003bfb   Thumb Code     4  stm32f4xx_tim.o(i.TIM_SetAutoreload)
    TIM_TimeBaseInit                         0x08003c01   Thumb Code   104  stm32f4xx_tim.o(i.TIM_TimeBaseInit)
    TIM_TimeBaseStructInit                   0x08003c85   Thumb Code    18  stm32f4xx_tim.o(i.TIM_TimeBaseStructInit)
    USART1_IRQHandler                        0x08003c99   Thumb Code   122  usart.o(i.USART1_IRQHandler)
    USART_Cmd                                0x08003d21   Thumb Code    24  stm32f4xx_usart.o(i.USART_Cmd)
    USART_GetITStatus                        0x08003d39   Thumb Code    84  stm32f4xx_usart.o(i.USART_GetITStatus)
    USART_ITConfig                           0x08003d8d   Thumb Code    74  stm32f4xx_usart.o(i.USART_ITConfig)
    USART_Init                               0x08003dd9   Thumb Code   204  stm32f4xx_usart.o(i.USART_Init)
    USART_ReceiveData                        0x08003ead   Thumb Code    10  stm32f4xx_usart.o(i.USART_ReceiveData)
    UsageFault_Handler                       0x08003eb7   Thumb Code     4  stm32f4xx_it.o(i.UsageFault_Handler)
    __ARM_fpclassify                         0x08003ebb   Thumb Code    48  fpclassify.o(i.__ARM_fpclassify)
    _is_digit                                0x08003eeb   Thumb Code    14  __printf_wp.o(i._is_digit)
    _sys_exit                                0x08003ef9   Thumb Code     4  usart.o(i._sys_exit)
    delay_init                               0x08003efd   Thumb Code    58  delay.o(i.delay_init)
    eTaskGetState                            0x08003f41   Thumb Code   142  tasks.o(i.eTaskGetState)
    fputc                                    0x08003fe5   Thumb Code    22  usart.o(i.fputc)
    led_task                                 0x08004001   Thumb Code    34  main.o(i.led_task)
    main                                     0x08004031   Thumb Code   120  main.o(i.main)
    pvPortMalloc                             0x08004c29   Thumb Code   338  heap_4.o(i.pvPortMalloc)
    pvTaskIncrementMutexHeldCount            0x08004d95   Thumb Code    26  tasks.o(i.pvTaskIncrementMutexHeldCount)
    pxPortInitialiseStack                    0x08004db5   Thumb Code    38  port.o(i.pxPortInitialiseStack)
    start_task                               0x08004de1   Thumb Code    64  main.o(i.start_task)
    uart_init                                0x08004e4d   Thumb Code   164  usart.o(i.uart_init)
    uxListRemove                             0x08004ef9   Thumb Code    40  list.o(i.uxListRemove)
    uxTaskGetSystemState                     0x08004f21   Thumb Code   154  tasks.o(i.uxTaskGetSystemState)
    vListInitialise                          0x08004fd9   Thumb Code    26  list.o(i.vListInitialise)
    vListInitialiseItem                      0x08004ff3   Thumb Code     6  list.o(i.vListInitialiseItem)
    vListInsert                              0x08004ff9   Thumb Code    52  list.o(i.vListInsert)
    vListInsertEnd                           0x0800502d   Thumb Code    24  list.o(i.vListInsertEnd)
    vPortEnterCritical                       0x08005045   Thumb Code    76  port.o(i.vPortEnterCritical)
    vPortExitCritical                        0x08005099   Thumb Code    56  port.o(i.vPortExitCritical)
    vPortFree                                0x080050d5   Thumb Code   150  heap_4.o(i.vPortFree)
    vPortSetupTimerInterrupt                 0x08005179   Thumb Code    36  port.o(i.vPortSetupTimerInterrupt)
    vQueueAddToRegistry                      0x080051a1   Thumb Code    90  queue.o(i.vQueueAddToRegistry)
    vQueueWaitForMessageRestricted           0x08005201   Thumb Code    74  queue.o(i.vQueueWaitForMessageRestricted)
    vTaskDelay                               0x0800524d   Thumb Code    82  tasks.o(i.vTaskDelay)
    vTaskDelete                              0x080052a9   Thumb Code   202  tasks.o(i.vTaskDelete)
    vTaskGetInfo                             0x0800539d   Thumb Code   126  tasks.o(i.vTaskGetInfo)
    vTaskGetRunTimeStats                     0x08005421   Thumb Code   168  tasks.o(i.vTaskGetRunTimeStats)
    vTaskInternalSetTimeOutState             0x080054e5   Thumb Code    14  tasks.o(i.vTaskInternalSetTimeOutState)
    vTaskList                                0x080054fd   Thumb Code   200  tasks.o(i.vTaskList)
    vTaskMissedYield                         0x080055d9   Thumb Code     8  tasks.o(i.vTaskMissedYield)
    vTaskPlaceOnEventList                    0x080055e5   Thumb Code    52  tasks.o(i.vTaskPlaceOnEventList)
    vTaskPlaceOnEventListRestricted          0x0800561d   Thumb Code    94  tasks.o(i.vTaskPlaceOnEventListRestricted)
    vTaskPriorityDisinheritAfterTimeout      0x08005681   Thumb Code   268  tasks.o(i.vTaskPriorityDisinheritAfterTimeout)
    vTaskStartScheduler                      0x08005799   Thumb Code   126  tasks.o(i.vTaskStartScheduler)
    vTaskSuspendAll                          0x0800583d   Thumb Code    12  tasks.o(i.vTaskSuspendAll)
    vTaskSwitchContext                       0x0800584d   Thumb Code   170  tasks.o(i.vTaskSwitchContext)
    xMutexCreate                             0x08005919   Thumb Code    14  main.o(i.xMutexCreate)
    xPortStartScheduler                      0x0800592d   Thumb Code   372  port.o(i.xPortStartScheduler)
    xPortSysTickHandler                      0x08005abd   Thumb Code    46  port.o(i.xPortSysTickHandler)
    xQueueCreateMutex                        0x08005af1   Thumb Code    34  queue.o(i.xQueueCreateMutex)
    xQueueGenericCreate                      0x08005b13   Thumb Code   102  queue.o(i.xQueueGenericCreate)
    xQueueGenericReset                       0x08005b79   Thumb Code   214  queue.o(i.xQueueGenericReset)
    xQueueGenericSend                        0x08005c55   Thumb Code   466  queue.o(i.xQueueGenericSend)
    xQueueReceive                            0x08005e2d   Thumb Code   356  queue.o(i.xQueueReceive)
    xQueueSemaphoreTake                      0x08005f95   Thumb Code   434  queue.o(i.xQueueSemaphoreTake)
    xTaskCheckForTimeOut                     0x0800614d   Thumb Code   136  tasks.o(i.xTaskCheckForTimeOut)
    xTaskCreate                              0x080061dd   Thumb Code    96  tasks.o(i.xTaskCreate)
    xTaskGetSchedulerState                   0x0800623d   Thumb Code    24  tasks.o(i.xTaskGetSchedulerState)
    xTaskGetTickCount                        0x0800625d   Thumb Code     6  tasks.o(i.xTaskGetTickCount)
    xTaskIncrementTick                       0x08006269   Thumb Code   398  tasks.o(i.xTaskIncrementTick)
    xTaskPriorityDisinherit                  0x08006425   Thumb Code   226  tasks.o(i.xTaskPriorityDisinherit)
    xTaskPriorityInherit                     0x08006515   Thumb Code   224  tasks.o(i.xTaskPriorityInherit)
    xTaskRemoveFromEventList                 0x08006601   Thumb Code   264  tasks.o(i.xTaskRemoveFromEventList)
    xTaskResumeAll                           0x08006721   Thumb Code   338  tasks.o(i.xTaskResumeAll)
    xTimerCreateTimerTask                    0x08006899   Thumb Code    66  timers.o(i.xTimerCreateTimerTask)
    _get_lc_numeric                          0x080068f1   Thumb Code    44  lc_numeric_c.o(locale$$code)
    _get_lc_ctype                            0x0800691d   Thumb Code    44  lc_ctype_c.o(locale$$code)
    __aeabi_ddiv                             0x08006949   Thumb Code     0  ddiv.o(x$fpl$ddiv)
    _ddiv                                    0x08006949   Thumb Code   552  ddiv.o(x$fpl$ddiv)
    __aeabi_i2d                              0x08006bf9   Thumb Code     0  dflt_clz.o(x$fpl$dflt)
    _dflt                                    0x08006bf9   Thumb Code    46  dflt_clz.o(x$fpl$dflt)
    __aeabi_dmul                             0x08006c29   Thumb Code     0  dmul.o(x$fpl$dmul)
    _dmul                                    0x08006c29   Thumb Code   332  dmul.o(x$fpl$dmul)
    __fpl_dnaninf                            0x08006d7d   Thumb Code   156  dnaninf.o(x$fpl$dnaninf)
    __fpl_dretinf                            0x08006e19   Thumb Code    12  dretinf.o(x$fpl$dretinf)
    __aeabi_f2d                              0x08006e25   Thumb Code     0  f2d.o(x$fpl$f2d)
    _f2d                                     0x08006e25   Thumb Code    86  f2d.o(x$fpl$f2d)
    __fpl_fnaninf                            0x08006e7b   Thumb Code   140  fnaninf.o(x$fpl$fnaninf)
    _fp_init                                 0x08006f07   Thumb Code    10  fpinit.o(x$fpl$fpinit)
    __fplib_config_fpu_vfp                   0x08006f0f   Thumb Code     0  fpinit.o(x$fpl$fpinit)
    __fplib_config_pureend_doubles           0x08006f0f   Thumb Code     0  fpinit.o(x$fpl$fpinit)
    _printf_fp_dec                           0x08006f11   Thumb Code     4  printf1.o(x$fpl$printf1)
    _printf_fp_hex                           0x08006f15   Thumb Code     4  printf2.o(x$fpl$printf2)
    __I$use$fp                               0x08006f18   Number         0  usenofp.o(x$fpl$usenofp)
    function                                 0x08006f22   Data         256  bsp_dac.o(.constdata)
    _tgrade                                  0x08007024   Data          88  dso.o(.constdata)
    armBitRevTable                           0x0800709c   Data        2048  arm_common_tables.o(.constdata)
    twiddleCoef_4096                         0x0800789c   Data       32768  arm_common_tables.o(.constdata)
    Region$$Table$$Base                      0x0800f99c   Number         0  anon$$obj.o(Region$$Table)
    Region$$Table$$Limit                     0x0800f9bc   Number         0  anon$$obj.o(Region$$Table)
    __ctype                                  0x0800f9e5   Data           0  lc_ctype_c.o(locale$$data)
    StartTask_Handler                        0x20000000   Data           4  main.o(.data)
    LEDTask_Handler                          0x20000004   Data           4  main.o(.data)
    CPUTask_Handler                          0x20000008   Data           4  main.o(.data)
    vTaskMsgPro                              0x2000000c   Data           4  main.o(.data)
    msgProMutex                              0x20000010   Data           4  main.o(.data)
    CPU_RunTime                              0x20000014   Data           4  stm32f4xx_it.o(.data)
    SystemCoreClock                          0x20000018   Data           4  system_stm32f4xx.o(.data)
    AHBPrescTable                            0x2000001c   Data          16  system_stm32f4xx.o(.data)
    __stdout                                 0x2000003c   Data           4  usart.o(.data)
    USART_RX_STA                             0x20000040   Data           2  usart.o(.data)
    pxCurrentTCB                             0x20000048   Data           4  tasks.o(.data)
    uxTopUsedPriority                        0x20000080   Data           4  tasks.o(.data)
    WaveParams                               0x200000d8   Data          24  dso.o(.data)
    USART_RX_BUF                             0x200000f0   Data         200  usart.o(.bss)
    ADC_ConvertedValue                       0x200001b8   Data        4000  bsp_adc.o(.bss)
    xQueueRegistry                           0x20001158   Data          64  queue.o(.bss)
    WaveBuffer                               0x20008ca4   Data        4096  dso.o(.bss)
    fft_inputbuf                             0x20009ca4   Data        8192  dso.o(.bss)
    fft_outputbuf                            0x2000bca4   Data        4096  dso.o(.bss)
    scfft                                    0x2000cca4   Data          20  dso.o(.bss)
    __libspace_start                         0x2000ccb8   Data          96  libspace.o(.bss)
    __temporary_stack_top$libspace           0x2000cd18   Data           0  libspace.o(.bss)



==============================================================================

Memory Map of the image

  Image Entry point : 0x08000189

  Load Region LR_IROM1 (Base: 0x08000000, Size: 0x0000fbd8, Max: 0x00100000, ABSOLUTE)

    Execution Region ER_IROM1 (Exec base: 0x08000000, Load base: 0x08000000, Size: 0x0000fae8, Max: 0x00100000, ABSOLUTE)

    Exec Addr    Load Addr    Size         Type   Attr      Idx    E Section Name        Object

    0x08000000   0x08000000   0x00000188   Data   RO          356    RESET               startup_stm32f40_41xxx.o
    0x08000188   0x08000188   0x00000008   Code   RO         4025  * !!!main             c_w.l(__main.o)
    0x08000190   0x08000190   0x00000034   Code   RO         4346    !!!scatter          c_w.l(__scatter.o)
    0x080001c4   0x080001c4   0x0000001a   Code   RO         4348    !!handler_copy      c_w.l(__scatter_copy.o)
    0x080001de   0x080001de   0x00000002   PAD
    0x080001e0   0x080001e0   0x0000001c   Code   RO         4350    !!handler_zi        c_w.l(__scatter_zi.o)
    0x080001fc   0x080001fc   0x00000000   Code   RO         4010    .ARM.Collect$$_printf_percent$$00000000  c_w.l(_printf_percent.o)
    0x080001fc   0x080001fc   0x00000006   Code   RO         4094    .ARM.Collect$$_printf_percent$$00000001  c_w.l(_printf_n.o)
    0x08000202   0x08000202   0x00000006   Code   RO         4096    .ARM.Collect$$_printf_percent$$00000002  c_w.l(_printf_p.o)
    0x08000208   0x08000208   0x00000006   Code   RO         4100    .ARM.Collect$$_printf_percent$$00000003  c_w.l(_printf_f.o)
    0x0800020e   0x0800020e   0x00000006   Code   RO         4101    .ARM.Collect$$_printf_percent$$00000004  c_w.l(_printf_e.o)
    0x08000214   0x08000214   0x00000006   Code   RO         4102    .ARM.Collect$$_printf_percent$$00000005  c_w.l(_printf_g.o)
    0x0800021a   0x0800021a   0x00000006   Code   RO         4103    .ARM.Collect$$_printf_percent$$00000006  c_w.l(_printf_a.o)
    0x08000220   0x08000220   0x0000000a   Code   RO         4108    .ARM.Collect$$_printf_percent$$00000007  c_w.l(_printf_ll.o)
    0x0800022a   0x0800022a   0x00000006   Code   RO         4098    .ARM.Collect$$_printf_percent$$00000008  c_w.l(_printf_i.o)
    0x08000230   0x08000230   0x00000006   Code   RO         4099    .ARM.Collect$$_printf_percent$$00000009  c_w.l(_printf_d.o)
    0x08000236   0x08000236   0x00000006   Code   RO         4009    .ARM.Collect$$_printf_percent$$0000000A  c_w.l(_printf_u.o)
    0x0800023c   0x0800023c   0x00000006   Code   RO         4097    .ARM.Collect$$_printf_percent$$0000000B  c_w.l(_printf_o.o)
    0x08000242   0x08000242   0x00000006   Code   RO         4095    .ARM.Collect$$_printf_percent$$0000000C  c_w.l(_printf_x.o)
    0x08000248   0x08000248   0x00000006   Code   RO         4105    .ARM.Collect$$_printf_percent$$0000000D  c_w.l(_printf_lli.o)
    0x0800024e   0x0800024e   0x00000006   Code   RO         4106    .ARM.Collect$$_printf_percent$$0000000E  c_w.l(_printf_lld.o)
    0x08000254   0x08000254   0x00000006   Code   RO         4107    .ARM.Collect$$_printf_percent$$0000000F  c_w.l(_printf_llu.o)
    0x0800025a   0x0800025a   0x00000006   Code   RO         4112    .ARM.Collect$$_printf_percent$$00000010  c_w.l(_printf_llo.o)
    0x08000260   0x08000260   0x00000006   Code   RO         4113    .ARM.Collect$$_printf_percent$$00000011  c_w.l(_printf_llx.o)
    0x08000266   0x08000266   0x0000000a   Code   RO         4109    .ARM.Collect$$_printf_percent$$00000012  c_w.l(_printf_l.o)
    0x08000270   0x08000270   0x00000006   Code   RO         4007    .ARM.Collect$$_printf_percent$$00000013  c_w.l(_printf_c.o)
    0x08000276   0x08000276   0x00000006   Code   RO         4008    .ARM.Collect$$_printf_percent$$00000014  c_w.l(_printf_s.o)
    0x0800027c   0x0800027c   0x00000006   Code   RO         4110    .ARM.Collect$$_printf_percent$$00000015  c_w.l(_printf_lc.o)
    0x08000282   0x08000282   0x00000006   Code   RO         4111    .ARM.Collect$$_printf_percent$$00000016  c_w.l(_printf_ls.o)
    0x08000288   0x08000288   0x00000004   Code   RO         4104    .ARM.Collect$$_printf_percent$$00000017  c_w.l(_printf_percent_end.o)
    0x0800028c   0x0800028c   0x00000002   Code   RO         4211    .ARM.Collect$$libinit$$00000000  c_w.l(libinit.o)
    0x0800028e   0x0800028e   0x00000004   Code   RO         4226    .ARM.Collect$$libinit$$00000001  c_w.l(libinit2.o)
    0x08000292   0x08000292   0x00000000   Code   RO         4229    .ARM.Collect$$libinit$$00000004  c_w.l(libinit2.o)
    0x08000292   0x08000292   0x00000000   Code   RO         4232    .ARM.Collect$$libinit$$0000000A  c_w.l(libinit2.o)
    0x08000292   0x08000292   0x00000000   Code   RO         4234    .ARM.Collect$$libinit$$0000000C  c_w.l(libinit2.o)
    0x08000292   0x08000292   0x00000000   Code   RO         4236    .ARM.Collect$$libinit$$0000000E  c_w.l(libinit2.o)
    0x08000292   0x08000292   0x00000006   Code   RO         4237    .ARM.Collect$$libinit$$0000000F  c_w.l(libinit2.o)
    0x08000298   0x08000298   0x00000000   Code   RO         4239    .ARM.Collect$$libinit$$00000011  c_w.l(libinit2.o)
    0x08000298   0x08000298   0x0000000c   Code   RO         4240    .ARM.Collect$$libinit$$00000012  c_w.l(libinit2.o)
    0x080002a4   0x080002a4   0x00000000   Code   RO         4241    .ARM.Collect$$libinit$$00000013  c_w.l(libinit2.o)
    0x080002a4   0x080002a4   0x00000000   Code   RO         4243    .ARM.Collect$$libinit$$00000015  c_w.l(libinit2.o)
    0x080002a4   0x080002a4   0x0000000a   Code   RO         4244    .ARM.Collect$$libinit$$00000016  c_w.l(libinit2.o)
    0x080002ae   0x080002ae   0x00000000   Code   RO         4245    .ARM.Collect$$libinit$$00000017  c_w.l(libinit2.o)
    0x080002ae   0x080002ae   0x00000000   Code   RO         4247    .ARM.Collect$$libinit$$00000019  c_w.l(libinit2.o)
    0x080002ae   0x080002ae   0x00000000   Code   RO         4249    .ARM.Collect$$libinit$$0000001B  c_w.l(libinit2.o)
    0x080002ae   0x080002ae   0x00000000   Code   RO         4251    .ARM.Collect$$libinit$$0000001D  c_w.l(libinit2.o)
    0x080002ae   0x080002ae   0x00000000   Code   RO         4253    .ARM.Collect$$libinit$$0000001F  c_w.l(libinit2.o)
    0x080002ae   0x080002ae   0x00000000   Code   RO         4255    .ARM.Collect$$libinit$$00000021  c_w.l(libinit2.o)
    0x080002ae   0x080002ae   0x00000000   Code   RO         4257    .ARM.Collect$$libinit$$00000023  c_w.l(libinit2.o)
    0x080002ae   0x080002ae   0x00000000   Code   RO         4259    .ARM.Collect$$libinit$$00000025  c_w.l(libinit2.o)
    0x080002ae   0x080002ae   0x00000000   Code   RO         4263    .ARM.Collect$$libinit$$0000002C  c_w.l(libinit2.o)
    0x080002ae   0x080002ae   0x00000000   Code   RO         4265    .ARM.Collect$$libinit$$0000002E  c_w.l(libinit2.o)
    0x080002ae   0x080002ae   0x00000000   Code   RO         4267    .ARM.Collect$$libinit$$00000030  c_w.l(libinit2.o)
    0x080002ae   0x080002ae   0x00000000   Code   RO         4269    .ARM.Collect$$libinit$$00000032  c_w.l(libinit2.o)
    0x080002ae   0x080002ae   0x00000002   Code   RO         4270    .ARM.Collect$$libinit$$00000033  c_w.l(libinit2.o)
    0x080002b0   0x080002b0   0x00000002   Code   RO         4288    .ARM.Collect$$libshutdown$$00000000  c_w.l(libshutdown.o)
    0x080002b2   0x080002b2   0x00000000   Code   RO         4298    .ARM.Collect$$libshutdown$$00000002  c_w.l(libshutdown2.o)
    0x080002b2   0x080002b2   0x00000000   Code   RO         4300    .ARM.Collect$$libshutdown$$00000004  c_w.l(libshutdown2.o)
    0x080002b2   0x080002b2   0x00000000   Code   RO         4303    .ARM.Collect$$libshutdown$$00000007  c_w.l(libshutdown2.o)
    0x080002b2   0x080002b2   0x00000000   Code   RO         4306    .ARM.Collect$$libshutdown$$0000000A  c_w.l(libshutdown2.o)
    0x080002b2   0x080002b2   0x00000000   Code   RO         4308    .ARM.Collect$$libshutdown$$0000000C  c_w.l(libshutdown2.o)
    0x080002b2   0x080002b2   0x00000000   Code   RO         4311    .ARM.Collect$$libshutdown$$0000000F  c_w.l(libshutdown2.o)
    0x080002b2   0x080002b2   0x00000002   Code   RO         4312    .ARM.Collect$$libshutdown$$00000010  c_w.l(libshutdown2.o)
    0x080002b4   0x080002b4   0x00000000   Code   RO         4043    .ARM.Collect$$rtentry$$00000000  c_w.l(__rtentry.o)
    0x080002b4   0x080002b4   0x00000000   Code   RO         4134    .ARM.Collect$$rtentry$$00000002  c_w.l(__rtentry2.o)
    0x080002b4   0x080002b4   0x00000006   Code   RO         4146    .ARM.Collect$$rtentry$$00000004  c_w.l(__rtentry4.o)
    0x080002ba   0x080002ba   0x00000000   Code   RO         4136    .ARM.Collect$$rtentry$$00000009  c_w.l(__rtentry2.o)
    0x080002ba   0x080002ba   0x00000004   Code   RO         4137    .ARM.Collect$$rtentry$$0000000A  c_w.l(__rtentry2.o)
    0x080002be   0x080002be   0x00000000   Code   RO         4139    .ARM.Collect$$rtentry$$0000000C  c_w.l(__rtentry2.o)
    0x080002be   0x080002be   0x00000008   Code   RO         4140    .ARM.Collect$$rtentry$$0000000D  c_w.l(__rtentry2.o)
    0x080002c6   0x080002c6   0x00000002   Code   RO         4219    .ARM.Collect$$rtexit$$00000000  c_w.l(rtexit.o)
    0x080002c8   0x080002c8   0x00000000   Code   RO         4272    .ARM.Collect$$rtexit$$00000002  c_w.l(rtexit2.o)
    0x080002c8   0x080002c8   0x00000004   Code   RO         4273    .ARM.Collect$$rtexit$$00000003  c_w.l(rtexit2.o)
    0x080002cc   0x080002cc   0x00000006   Code   RO         4274    .ARM.Collect$$rtexit$$00000004  c_w.l(rtexit2.o)
    0x080002d2   0x080002d2   0x00000002   PAD
    0x080002d4   0x080002d4   0x000000be   Code   RO         3624    .emb_text           port.o
    0x08000392   0x08000392   0x00000002   PAD
    0x08000394   0x08000394   0x00000040   Code   RO          357    .text               startup_stm32f40_41xxx.o
    0x080003d4   0x080003d4   0x000000f0   Code   RO         3809    .text               arm_cortexM4lf_math.lib(arm_cmplx_mag_f32.o)
    0x080004c4   0x080004c4   0x000006a0   Code   RO         3854    .text               arm_cortexM4lf_math.lib(arm_cfft_radix4_f32.o)
    0x08000b64   0x08000b64   0x000000c0   Code   RO         3874    .text               arm_cortexM4lf_math.lib(arm_cfft_radix4_init_f32.o)
    0x08000c24   0x08000c24   0x000001e6   Code   RO         3898    .text               arm_cortexM4lf_math.lib(arm_bitreversal.o)
    0x08000e0a   0x08000e0a   0x00000002   Code   RO         3969    .text               c_w.l(use_no_semi_2.o)
    0x08000e0c   0x08000e0c   0x00000034   Code   RO         3971    .text               c_w.l(vsnprintf.o)
    0x08000e40   0x08000e40   0x00000018   Code   RO         3973    .text               c_w.l(__2printf.o)
    0x08000e58   0x08000e58   0x0000002c   Code   RO         3975    .text               c_w.l(__2sprintf.o)
    0x08000e84   0x08000e84   0x00000052   Code   RO         3983    .text               c_w.l(_printf_str.o)
    0x08000ed6   0x08000ed6   0x00000002   PAD
    0x08000ed8   0x08000ed8   0x00000078   Code   RO         3985    .text               c_w.l(_printf_dec.o)
    0x08000f50   0x08000f50   0x00000188   Code   RO         4004    .text               c_w.l(__printf_flags_ss_wp.o)
    0x080010d8   0x080010d8   0x00000048   Code   RO         4011    .text               c_w.l(strcpy.o)
    0x08001120   0x08001120   0x0000003e   Code   RO         4013    .text               c_w.l(strlen.o)
    0x0800115e   0x0800115e   0x0000008a   Code   RO         4015    .text               c_w.l(rt_memcpy_v6.o)
    0x080011e8   0x080011e8   0x00000010   Code   RO         4019    .text               c_w.l(aeabi_memset.o)
    0x080011f8   0x080011f8   0x0000004e   Code   RO         4021    .text               c_w.l(rt_memclr_w.o)
    0x08001246   0x08001246   0x00000006   Code   RO         4023    .text               c_w.l(heapauxi.o)
    0x0800124c   0x0800124c   0x00000002   Code   RO         4041    .text               c_w.l(use_no_semi.o)
    0x0800124e   0x0800124e   0x0000004e   Code   RO         4044    .text               c_w.l(_printf_pad.o)
    0x0800129c   0x0800129c   0x00000024   Code   RO         4046    .text               c_w.l(_printf_truncate.o)
    0x080012c0   0x080012c0   0x000000b2   Code   RO         4048    .text               c_w.l(_printf_intcommon.o)
    0x08001372   0x08001372   0x00000028   Code   RO         4050    .text               c_w.l(_printf_charcount.o)
    0x0800139a   0x0800139a   0x00000002   PAD
    0x0800139c   0x0800139c   0x00000030   Code   RO         4052    .text               c_w.l(_printf_char_common.o)
    0x080013cc   0x080013cc   0x0000000a   Code   RO         4054    .text               c_w.l(_sputc.o)
    0x080013d6   0x080013d6   0x00000010   Code   RO         4056    .text               c_w.l(_snputc.o)
    0x080013e6   0x080013e6   0x0000002c   Code   RO         4058    .text               c_w.l(_printf_char.o)
    0x08001412   0x08001412   0x00000002   PAD
    0x08001414   0x08001414   0x00000024   Code   RO         4060    .text               c_w.l(_printf_char_file.o)
    0x08001438   0x08001438   0x000000bc   Code   RO         4062    .text               c_w.l(_printf_wctomb.o)
    0x080014f4   0x080014f4   0x0000007c   Code   RO         4065    .text               c_w.l(_printf_longlong_dec.o)
    0x08001570   0x08001570   0x00000070   Code   RO         4071    .text               c_w.l(_printf_oct_int_ll.o)
    0x080015e0   0x080015e0   0x00000094   Code   RO         4091    .text               c_w.l(_printf_hex_int_ll_ptr.o)
    0x08001674   0x08001674   0x00000064   Code   RO         4114    .text               c_w.l(rt_memcpy_w.o)
    0x080016d8   0x080016d8   0x00000044   Code   RO         4116    .text               c_w.l(rt_memclr.o)
    0x0800171c   0x0800171c   0x0000008a   Code   RO         4148    .text               c_w.l(lludiv10.o)
    0x080017a6   0x080017a6   0x0000041e   Code   RO         4150    .text               c_w.l(_printf_fp_dec.o)
    0x08001bc4   0x08001bc4   0x000002fc   Code   RO         4152    .text               c_w.l(_printf_fp_hex.o)
    0x08001ec0   0x08001ec0   0x0000002c   Code   RO         4157    .text               c_w.l(_printf_wchar.o)
    0x08001eec   0x08001eec   0x00000008   Code   RO         4159    .text               c_w.l(ferror.o)
    0x08001ef4   0x08001ef4   0x00000040   Code   RO         4163    .text               c_w.l(_wcrtomb.o)
    0x08001f34   0x08001f34   0x0000004a   Code   RO         4165    .text               c_w.l(sys_stackheap_outer.o)
    0x08001f7e   0x08001f7e   0x00000002   PAD
    0x08001f80   0x08001f80   0x00000010   Code   RO         4167    .text               c_w.l(rt_ctype_table.o)
    0x08001f90   0x08001f90   0x00000008   Code   RO         4172    .text               c_w.l(rt_locale_intlibspace.o)
    0x08001f98   0x08001f98   0x00000080   Code   RO         4174    .text               c_w.l(_printf_fp_infnan.o)
    0x08002018   0x08002018   0x000000e4   Code   RO         4176    .text               c_w.l(bigflt0.o)
    0x080020fc   0x080020fc   0x00000012   Code   RO         4204    .text               c_w.l(exit.o)
    0x0800210e   0x0800210e   0x00000002   PAD
    0x08002110   0x08002110   0x00000008   Code   RO         4216    .text               c_w.l(libspace.o)
    0x08002118   0x08002118   0x00000080   Code   RO         4224    .text               c_w.l(strcmpv7m.o)
    0x08002198   0x08002198   0x0000003e   Code   RO         4179    CL$$btod_d2e        c_w.l(btod.o)
    0x080021d6   0x080021d6   0x00000046   Code   RO         4181    CL$$btod_d2e_denorm_low  c_w.l(btod.o)
    0x0800221c   0x0800221c   0x00000060   Code   RO         4180    CL$$btod_d2e_norm_op1  c_w.l(btod.o)
    0x0800227c   0x0800227c   0x00000338   Code   RO         4189    CL$$btod_div_common  c_w.l(btod.o)
    0x080025b4   0x080025b4   0x000000dc   Code   RO         4186    CL$$btod_e2e        c_w.l(btod.o)
    0x08002690   0x08002690   0x0000002a   Code   RO         4183    CL$$btod_ediv       c_w.l(btod.o)
    0x080026ba   0x080026ba   0x0000002a   Code   RO         4182    CL$$btod_emul       c_w.l(btod.o)
    0x080026e4   0x080026e4   0x00000244   Code   RO         4188    CL$$btod_mult_common  c_w.l(btod.o)
    0x08002928   0x08002928   0x00000016   Code   RO         1932    i.ADC_Cmd           stm32f4xx_adc.o
    0x0800293e   0x0800293e   0x00000002   PAD
    0x08002940   0x08002940   0x00000030   Code   RO         1933    i.ADC_CommonInit    stm32f4xx_adc.o
    0x08002970   0x08002970   0x00000088   Code   RO         2355    i.ADC_Config        bsp_adc.o
    0x080029f8   0x080029f8   0x00000016   Code   RO         1936    i.ADC_DMACmd        stm32f4xx_adc.o
    0x08002a0e   0x08002a0e   0x00000016   Code   RO         1937    i.ADC_DMARequestAfterLastTransferCmd  stm32f4xx_adc.o
    0x08002a24   0x08002a24   0x00000028   Code   RO         2356    i.ADC_GPIO_Init     bsp_adc.o
    0x08002a4c   0x08002a4c   0x00000054   Code   RO         1952    i.ADC_Init          stm32f4xx_adc.o
    0x08002aa0   0x08002aa0   0x00000020   Code   RO         2357    i.ADC_Mode_Init     bsp_adc.o
    0x08002ac0   0x08002ac0   0x000000b8   Code   RO         1957    i.ADC_RegularChannelConfig  stm32f4xx_adc.o
    0x08002b78   0x08002b78   0x00000048   Code   RO         2186    i.App_Printf        usart.o
    0x08002bc0   0x08002bc0   0x00000004   Code   RO          245    i.BusFault_Handler  stm32f4xx_it.o
    0x08002bc4   0x08002bc4   0x0000019c   Code   RO            3    i.CPU_Task          main.o
    0x08002d60   0x08002d60   0x000001a0   Code   RO         3772    i.CopyDataToWaveBuff  dso.o
    0x08002f00   0x08002f00   0x000000bc   Code   RO         2314    i.DAC1_Config       bsp_dac.o
    0x08002fbc   0x08002fbc   0x00000028   Code   RO         1684    i.DAC_Cmd           stm32f4xx_dac.o
    0x08002fe4   0x08002fe4   0x0000002c   Code   RO         1685    i.DAC_DMACmd        stm32f4xx_dac.o
    0x08003010   0x08003010   0x00000034   Code   RO         1692    i.DAC_Init          stm32f4xx_dac.o
    0x08003044   0x08003044   0x0000000c   Code   RO         2315    i.DAC_Mode_Init     bsp_dac.o
    0x08003050   0x08003050   0x00000020   Code   RO         2358    i.DMA2_Stream0_IRQHandler  bsp_adc.o
    0x08003070   0x08003070   0x00000034   Code   RO         1799    i.DMA_ClearITPendingBit  stm32f4xx_dma.o
    0x080030a4   0x080030a4   0x00000016   Code   RO         1800    i.DMA_Cmd           stm32f4xx_dma.o
    0x080030ba   0x080030ba   0x00000002   PAD
    0x080030bc   0x080030bc   0x000000a8   Code   RO         2359    i.DMA_Config        bsp_adc.o
    0x08003164   0x08003164   0x00000158   Code   RO         1801    i.DMA_DeInit        stm32f4xx_dma.o
    0x080032bc   0x080032bc   0x00000014   Code   RO         1805    i.DMA_GetCmdStatus  stm32f4xx_dma.o
    0x080032d0   0x080032d0   0x00000008   Code   RO         1806    i.DMA_GetCurrDataCounter  stm32f4xx_dma.o
    0x080032d8   0x080032d8   0x00000064   Code   RO         1810    i.DMA_GetITStatus   stm32f4xx_dma.o
    0x0800333c   0x0800333c   0x0000003a   Code   RO         1811    i.DMA_ITConfig      stm32f4xx_dma.o
    0x08003376   0x08003376   0x00000002   PAD
    0x08003378   0x08003378   0x00000058   Code   RO         1812    i.DMA_Init          stm32f4xx_dma.o
    0x080033d0   0x080033d0   0x00000002   Code   RO          246    i.DebugMon_Handler  stm32f4xx_it.o
    0x080033d2   0x080033d2   0x00000002   PAD
    0x080033d4   0x080033d4   0x00000144   Code   RO         3773    i.FFT_GetFreq       dso.o
    0x08003518   0x08003518   0x00000090   Code   RO          445    i.GPIO_Init         stm32f4xx_gpio.o
    0x080035a8   0x080035a8   0x00000046   Code   RO          446    i.GPIO_PinAFConfig  stm32f4xx_gpio.o
    0x080035ee   0x080035ee   0x00000004   Code   RO          453    i.GPIO_SetBits      stm32f4xx_gpio.o
    0x080035f2   0x080035f2   0x00000004   Code   RO          247    i.HardFault_Handler  stm32f4xx_it.o
    0x080035f6   0x080035f6   0x00000002   PAD
    0x080035f8   0x080035f8   0x00000040   Code   RO         2294    i.LED_Init          bsp_led.o
    0x08003638   0x08003638   0x00000004   Code   RO          248    i.MemManage_Handler  stm32f4xx_it.o
    0x0800363c   0x0800363c   0x00000002   Code   RO          249    i.NMI_Handler       stm32f4xx_it.o
    0x0800363e   0x0800363e   0x0000003c   Code   RO         2360    i.NVIC_Config       bsp_adc.o
    0x0800367a   0x0800367a   0x00000002   PAD
    0x0800367c   0x0800367c   0x00000078   Code   RO          363    i.NVIC_Init         misc.o
    0x080036f4   0x080036f4   0x00000014   Code   RO          364    i.NVIC_PriorityGroupConfig  misc.o
    0x08003708   0x08003708   0x00000020   Code   RO          786    i.RCC_AHB1PeriphClockCmd  stm32f4xx_rcc.o
    0x08003728   0x08003728   0x00000020   Code   RO          795    i.RCC_APB1PeriphClockCmd  stm32f4xx_rcc.o
    0x08003748   0x08003748   0x00000020   Code   RO          798    i.RCC_APB2PeriphClockCmd  stm32f4xx_rcc.o
    0x08003768   0x08003768   0x00000020   Code   RO          800    i.RCC_APB2PeriphResetCmd  stm32f4xx_rcc.o
    0x08003788   0x08003788   0x000000e8   Code   RO          807    i.RCC_GetClocksFreq  stm32f4xx_rcc.o
    0x08003870   0x08003870   0x00000024   Code   RO         2361    i.SetADCSampleRate  bsp_adc.o
    0x08003894   0x08003894   0x00000024   Code   RO         2316    i.SetDACFreq        bsp_dac.o
    0x080038b8   0x080038b8   0x000000ec   Code   RO          407    i.SetSysClock       system_stm32f4xx.o
    0x080039a4   0x080039a4   0x00000028   Code   RO          367    i.SysTick_CLKSourceConfig  misc.o
    0x080039cc   0x080039cc   0x00000010   Code   RO         2248    i.SysTick_Handler   delay.o
    0x080039dc   0x080039dc   0x00000068   Code   RO          409    i.SystemInit        system_stm32f4xx.o
    0x08003a44   0x08003a44   0x00000016   Code   RO         2362    i.TIM2_IRQHandler   bsp_adc.o
    0x08003a5a   0x08003a5a   0x00000052   Code   RO         2363    i.TIM2_Init         bsp_adc.o
    0x08003aac   0x08003aac   0x0000002c   Code   RO          250    i.TIM5_IRQHandler   stm32f4xx_it.o
    0x08003ad8   0x08003ad8   0x0000005c   Code   RO         2429    i.TIM5_Init         bsp_timbase.o
    0x08003b34   0x08003b34   0x00000044   Code   RO         2317    i.TIM6_Config       bsp_dac.o
    0x08003b78   0x08003b78   0x00000018   Code   RO         1124    i.TIM_ARRPreloadConfig  stm32f4xx_tim.o
    0x08003b90   0x08003b90   0x00000006   Code   RO         1131    i.TIM_ClearITPendingBit  stm32f4xx_tim.o
    0x08003b96   0x08003b96   0x00000018   Code   RO         1136    i.TIM_Cmd           stm32f4xx_tim.o
    0x08003bae   0x08003bae   0x00000022   Code   RO         1157    i.TIM_GetITStatus   stm32f4xx_tim.o
    0x08003bd0   0x08003bd0   0x00000012   Code   RO         1161    i.TIM_ITConfig      stm32f4xx_tim.o
    0x08003be2   0x08003be2   0x00000006   Code   RO         1185    i.TIM_PrescalerConfig  stm32f4xx_tim.o
    0x08003be8   0x08003be8   0x00000012   Code   RO         1194    i.TIM_SelectOutputTrigger  stm32f4xx_tim.o
    0x08003bfa   0x08003bfa   0x00000004   Code   RO         1196    i.TIM_SetAutoreload  stm32f4xx_tim.o
    0x08003bfe   0x08003bfe   0x00000002   PAD
    0x08003c00   0x08003c00   0x00000084   Code   RO         1208    i.TIM_TimeBaseInit  stm32f4xx_tim.o
    0x08003c84   0x08003c84   0x00000012   Code   RO         1209    i.TIM_TimeBaseStructInit  stm32f4xx_tim.o
    0x08003c96   0x08003c96   0x00000002   PAD
    0x08003c98   0x08003c98   0x00000088   Code   RO         2187    i.USART1_IRQHandler  usart.o
    0x08003d20   0x08003d20   0x00000018   Code   RO          602    i.USART_Cmd         stm32f4xx_usart.o
    0x08003d38   0x08003d38   0x00000054   Code   RO          606    i.USART_GetITStatus  stm32f4xx_usart.o
    0x08003d8c   0x08003d8c   0x0000004a   Code   RO          608    i.USART_ITConfig    stm32f4xx_usart.o
    0x08003dd6   0x08003dd6   0x00000002   PAD
    0x08003dd8   0x08003dd8   0x000000d4   Code   RO          609    i.USART_Init        stm32f4xx_usart.o
    0x08003eac   0x08003eac   0x0000000a   Code   RO          616    i.USART_ReceiveData  stm32f4xx_usart.o
    0x08003eb6   0x08003eb6   0x00000004   Code   RO          251    i.UsageFault_Handler  stm32f4xx_it.o
    0x08003eba   0x08003eba   0x00000030   Code   RO         4214    i.__ARM_fpclassify  m_wm.l(fpclassify.o)
    0x08003eea   0x08003eea   0x0000000e   Code   RO         3997    i._is_digit         c_w.l(__printf_wp.o)
    0x08003ef8   0x08003ef8   0x00000004   Code   RO         2188    i._sys_exit         usart.o
    0x08003efc   0x08003efc   0x00000044   Code   RO         2249    i.delay_init        delay.o
    0x08003f40   0x08003f40   0x000000a4   Code   RO         3063    i.eTaskGetState     tasks.o
    0x08003fe4   0x08003fe4   0x0000001c   Code   RO         2189    i.fputc             usart.o
    0x08004000   0x08004000   0x00000030   Code   RO            4    i.led_task          main.o
    0x08004030   0x08004030   0x00000094   Code   RO            5    i.main              main.o
    0x080040c4   0x080040c4   0x000000c0   Code   RO         3065    i.prvAddCurrentTaskToDelayedList  tasks.o
    0x08004184   0x08004184   0x000000ec   Code   RO         3066    i.prvAddNewTaskToReadyList  tasks.o
    0x08004270   0x08004270   0x00000064   Code   RO         3454    i.prvCheckForValidListAndQueue  timers.o
    0x080042d4   0x080042d4   0x00000048   Code   RO         3067    i.prvCheckTasksWaitingTermination  tasks.o
    0x0800431c   0x0800431c   0x0000002a   Code   RO         2630    i.prvCopyDataFromQueue  queue.o
    0x08004346   0x08004346   0x0000007e   Code   RO         2631    i.prvCopyDataToQueue  queue.o
    0x080043c4   0x080043c4   0x00000012   Code   RO         3068    i.prvDeleteTCB      tasks.o
    0x080043d6   0x080043d6   0x00000014   Code   RO         2632    i.prvGetDisinheritPriorityAfterTimeout  queue.o
    0x080043ea   0x080043ea   0x00000002   PAD
    0x080043ec   0x080043ec   0x00000028   Code   RO         3455    i.prvGetNextExpireTime  timers.o
    0x08004414   0x08004414   0x0000007c   Code   RO         3709    i.prvHeapInit       heap_4.o
    0x08004490   0x08004490   0x00000028   Code   RO         3069    i.prvIdleTask       tasks.o
    0x080044b8   0x080044b8   0x0000001e   Code   RO         2633    i.prvInitialiseMutex  queue.o
    0x080044d6   0x080044d6   0x0000002e   Code   RO         2634    i.prvInitialiseNewQueue  queue.o
    0x08004504   0x08004504   0x000000e2   Code   RO         3070    i.prvInitialiseNewTask  tasks.o
    0x080045e6   0x080045e6   0x00000002   PAD
    0x080045e8   0x080045e8   0x00000068   Code   RO         3071    i.prvInitialiseTaskLists  tasks.o
    0x08004650   0x08004650   0x00000068   Code   RO         3710    i.prvInsertBlockIntoFreeList  heap_4.o
    0x080046b8   0x080046b8   0x00000058   Code   RO         3457    i.prvInsertTimerInActiveList  timers.o
    0x08004710   0x08004710   0x0000001a   Code   RO         2635    i.prvIsQueueEmpty   queue.o
    0x0800472a   0x0800472a   0x0000001e   Code   RO         2636    i.prvIsQueueFull    queue.o
    0x08004748   0x08004748   0x0000006a   Code   RO         3072    i.prvListTasksWithinSingleList  tasks.o
    0x080047b2   0x080047b2   0x000000ac   Code   RO         2637    i.prvNotifyQueueSetContainer  queue.o
    0x0800485e   0x0800485e   0x00000002   PAD
    0x08004860   0x08004860   0x00000044   Code   RO         3458    i.prvProcessExpiredTimer  timers.o
    0x080048a4   0x080048a4   0x0000011c   Code   RO         3459    i.prvProcessReceivedCommands  timers.o
    0x080049c0   0x080049c0   0x00000074   Code   RO         3460    i.prvProcessTimerOrBlockTask  timers.o
    0x08004a34   0x08004a34   0x00000028   Code   RO         3461    i.prvReloadTimer    timers.o
    0x08004a5c   0x08004a5c   0x00000030   Code   RO         3073    i.prvResetNextTaskUnblockTime  tasks.o
    0x08004a8c   0x08004a8c   0x0000002c   Code   RO         3462    i.prvSampleTimeNow  timers.o
    0x08004ab8   0x08004ab8   0x00000044   Code   RO         3463    i.prvSwitchTimerLists  timers.o
    0x08004afc   0x08004afc   0x00000016   Code   RO         3074    i.prvTaskCheckFreeStackSpace  tasks.o
    0x08004b12   0x08004b12   0x00000002   PAD
    0x08004b14   0x08004b14   0x00000040   Code   RO         3625    i.prvTaskExitError  port.o
    0x08004b54   0x08004b54   0x0000001a   Code   RO         3464    i.prvTimerTask      timers.o
    0x08004b6e   0x08004b6e   0x00000090   Code   RO         2638    i.prvUnlockQueue    queue.o
    0x08004bfe   0x08004bfe   0x0000002a   Code   RO         3076    i.prvWriteNameToBuffer  tasks.o
    0x08004c28   0x08004c28   0x0000016c   Code   RO         3711    i.pvPortMalloc      heap_4.o
    0x08004d94   0x08004d94   0x00000020   Code   RO         3077    i.pvTaskIncrementMutexHeldCount  tasks.o
    0x08004db4   0x08004db4   0x0000002c   Code   RO         3626    i.pxPortInitialiseStack  port.o
    0x08004de0   0x08004de0   0x0000006c   Code   RO            6    i.start_task        main.o
    0x08004e4c   0x08004e4c   0x000000ac   Code   RO         2190    i.uart_init         usart.o
    0x08004ef8   0x08004ef8   0x00000028   Code   RO         2582    i.uxListRemove      list.o
    0x08004f20   0x08004f20   0x000000b8   Code   RO         3081    i.uxTaskGetSystemState  tasks.o
    0x08004fd8   0x08004fd8   0x0000001a   Code   RO         2583    i.vListInitialise   list.o
    0x08004ff2   0x08004ff2   0x00000006   Code   RO         2584    i.vListInitialiseItem  list.o
    0x08004ff8   0x08004ff8   0x00000034   Code   RO         2585    i.vListInsert       list.o
    0x0800502c   0x0800502c   0x00000018   Code   RO         2586    i.vListInsertEnd    list.o
    0x08005044   0x08005044   0x00000054   Code   RO         3628    i.vPortEnterCritical  port.o
    0x08005098   0x08005098   0x0000003c   Code   RO         3629    i.vPortExitCritical  port.o
    0x080050d4   0x080050d4   0x000000a4   Code   RO         3712    i.vPortFree         heap_4.o
    0x08005178   0x08005178   0x00000028   Code   RO         3630    i.vPortSetupTimerInterrupt  port.o
    0x080051a0   0x080051a0   0x00000060   Code   RO         2644    i.vQueueAddToRegistry  queue.o
    0x08005200   0x08005200   0x0000004a   Code   RO         2648    i.vQueueWaitForMessageRestricted  queue.o
    0x0800524a   0x0800524a   0x00000002   PAD
    0x0800524c   0x0800524c   0x0000005c   Code   RO         3086    i.vTaskDelay        tasks.o
    0x080052a8   0x080052a8   0x000000f4   Code   RO         3087    i.vTaskDelete       tasks.o
    0x0800539c   0x0800539c   0x00000084   Code   RO         3090    i.vTaskGetInfo      tasks.o
    0x08005420   0x08005420   0x000000c4   Code   RO         3091    i.vTaskGetRunTimeStats  tasks.o
    0x080054e4   0x080054e4   0x00000018   Code   RO         3092    i.vTaskInternalSetTimeOutState  tasks.o
    0x080054fc   0x080054fc   0x000000dc   Code   RO         3093    i.vTaskList         tasks.o
    0x080055d8   0x080055d8   0x0000000c   Code   RO         3094    i.vTaskMissedYield  tasks.o
    0x080055e4   0x080055e4   0x00000038   Code   RO         3095    i.vTaskPlaceOnEventList  tasks.o
    0x0800561c   0x0800561c   0x00000064   Code   RO         3096    i.vTaskPlaceOnEventListRestricted  tasks.o
    0x08005680   0x08005680   0x00000118   Code   RO         3098    i.vTaskPriorityDisinheritAfterTimeout  tasks.o
    0x08005798   0x08005798   0x000000a4   Code   RO         3104    i.vTaskStartScheduler  tasks.o
    0x0800583c   0x0800583c   0x00000010   Code   RO         3106    i.vTaskSuspendAll   tasks.o
    0x0800584c   0x0800584c   0x000000cc   Code   RO         3107    i.vTaskSwitchContext  tasks.o
    0x08005918   0x08005918   0x00000014   Code   RO            7    i.xMutexCreate      main.o
    0x0800592c   0x0800592c   0x00000190   Code   RO         3632    i.xPortStartScheduler  port.o
    0x08005abc   0x08005abc   0x00000034   Code   RO         3633    i.xPortSysTickHandler  port.o
    0x08005af0   0x08005af0   0x00000022   Code   RO         2651    i.xQueueCreateMutex  queue.o
    0x08005b12   0x08005b12   0x00000066   Code   RO         2653    i.xQueueGenericCreate  queue.o
    0x08005b78   0x08005b78   0x000000dc   Code   RO         2654    i.xQueueGenericReset  queue.o
    0x08005c54   0x08005c54   0x000001d8   Code   RO         2655    i.xQueueGenericSend  queue.o
    0x08005e2c   0x08005e2c   0x00000168   Code   RO         2663    i.xQueueReceive     queue.o
    0x08005f94   0x08005f94   0x000001b8   Code   RO         2668    i.xQueueSemaphoreTake  queue.o
    0x0800614c   0x0800614c   0x00000090   Code   RO         3109    i.xTaskCheckForTimeOut  tasks.o
    0x080061dc   0x080061dc   0x00000060   Code   RO         3110    i.xTaskCreate       tasks.o
    0x0800623c   0x0800623c   0x00000020   Code   RO         3117    i.xTaskGetSchedulerState  tasks.o
    0x0800625c   0x0800625c   0x0000000c   Code   RO         3118    i.xTaskGetTickCount  tasks.o
    0x08006268   0x08006268   0x000001bc   Code   RO         3120    i.xTaskIncrementTick  tasks.o
    0x08006424   0x08006424   0x000000f0   Code   RO         3121    i.xTaskPriorityDisinherit  tasks.o
    0x08006514   0x08006514   0x000000ec   Code   RO         3122    i.xTaskPriorityInherit  tasks.o
    0x08006600   0x08006600   0x00000120   Code   RO         3123    i.xTaskRemoveFromEventList  tasks.o
    0x08006720   0x08006720   0x00000178   Code   RO         3124    i.xTaskResumeAll    tasks.o
    0x08006898   0x08006898   0x00000058   Code   RO         3472    i.xTimerCreateTimerTask  timers.o
    0x080068f0   0x080068f0   0x0000002c   Code   RO         4202    locale$$code        c_w.l(lc_numeric_c.o)
    0x0800691c   0x0800691c   0x0000002c   Code   RO         4222    locale$$code        c_w.l(lc_ctype_c.o)
    0x08006948   0x08006948   0x000002b0   Code   RO         4028    x$fpl$ddiv          fz_wm.l(ddiv.o)
    0x08006bf8   0x08006bf8   0x0000002e   Code   RO         4032    x$fpl$dflt          fz_wm.l(dflt_clz.o)
    0x08006c26   0x08006c26   0x00000002   PAD
    0x08006c28   0x08006c28   0x00000154   Code   RO         4037    x$fpl$dmul          fz_wm.l(dmul.o)
    0x08006d7c   0x08006d7c   0x0000009c   Code   RO         4118    x$fpl$dnaninf       fz_wm.l(dnaninf.o)
    0x08006e18   0x08006e18   0x0000000c   Code   RO         4120    x$fpl$dretinf       fz_wm.l(dretinf.o)
    0x08006e24   0x08006e24   0x00000056   Code   RO         4039    x$fpl$f2d           fz_wm.l(f2d.o)
    0x08006e7a   0x08006e7a   0x0000008c   Code   RO         4122    x$fpl$fnaninf       fz_wm.l(fnaninf.o)
    0x08006f06   0x08006f06   0x0000000a   Code   RO         4280    x$fpl$fpinit        fz_wm.l(fpinit.o)
    0x08006f10   0x08006f10   0x00000004   Code   RO         4124    x$fpl$printf1       fz_wm.l(printf1.o)
    0x08006f14   0x08006f14   0x00000004   Code   RO         4126    x$fpl$printf2       fz_wm.l(printf2.o)
    0x08006f18   0x08006f18   0x00000000   Code   RO         4132    x$fpl$usenofp       fz_wm.l(usenofp.o)
    0x08006f18   0x08006f18   0x00000009   Data   RO            8    .constdata          main.o
    0x08006f21   0x08006f21   0x00000001   PAD
    0x08006f22   0x08006f22   0x00000100   Data   RO         2318    .constdata          bsp_dac.o
    0x08007022   0x08007022   0x00000002   PAD
    0x08007024   0x08007024   0x00000077   Data   RO         3775    .constdata          dso.o
    0x0800709b   0x0800709b   0x00000001   PAD
    0x0800709c   0x0800709c   0x00000800   Data   RO         3918    .constdata          arm_cortexM4lf_math.lib(arm_common_tables.o)
    0x0800789c   0x0800789c   0x00008000   Data   RO         3927    .constdata          arm_cortexM4lf_math.lib(arm_common_tables.o)
    0x0800f89c   0x0800f89c   0x00000011   Data   RO         4005    .constdata          c_w.l(__printf_flags_ss_wp.o)
    0x0800f8ad   0x0800f8ad   0x00000003   PAD
    0x0800f8b0   0x0800f8b0   0x00000008   Data   RO         4063    .constdata          c_w.l(_printf_wctomb.o)
    0x0800f8b8   0x0800f8b8   0x00000028   Data   RO         4092    .constdata          c_w.l(_printf_hex_int_ll_ptr.o)
    0x0800f8e0   0x0800f8e0   0x00000026   Data   RO         4153    .constdata          c_w.l(_printf_fp_hex.o)
    0x0800f906   0x0800f906   0x00000002   PAD
    0x0800f908   0x0800f908   0x00000094   Data   RO         4177    .constdata          c_w.l(bigflt0.o)
    0x0800f99c   0x0800f99c   0x00000020   Data   RO         4344    Region$$Table       anon$$obj.o
    0x0800f9bc   0x0800f9bc   0x0000001c   Data   RO         4201    locale$$data        c_w.l(lc_numeric_c.o)
    0x0800f9d8   0x0800f9d8   0x00000110   Data   RO         4221    locale$$data        c_w.l(lc_ctype_c.o)


    Execution Region RW_IRAM1 (Exec base: 0x20000000, Load base: 0x0800fae8, Size: 0x0000d318, Max: 0x00020000, ABSOLUTE)

    Exec Addr    Load Addr    Size         Type   Attr      Idx    E Section Name        Object

    0x20000000   0x0800fae8   0x00000014   Data   RW            9    .data               main.o
    0x20000014   0x0800fafc   0x00000004   Data   RW          252    .data               stm32f4xx_it.o
    0x20000018   0x0800fb00   0x00000014   Data   RW          410    .data               system_stm32f4xx.o
    0x2000002c   0x0800fb14   0x00000010   Data   RW          839    .data               stm32f4xx_rcc.o
    0x2000003c   0x0800fb24   0x00000006   Data   RW         2192    .data               usart.o
    0x20000042   0x0800fb2a   0x00000004   Data   RW         2253    .data               delay.o
    0x20000046   0x0800fb2e   0x00000002   PAD
    0x20000048   0x0800fb30   0x00000048   Data   RW         3127    .data               tasks.o
    0x20000090   0x0800fb78   0x00000014   Data   RW         3479    .data               timers.o
    0x200000a4   0x0800fb8c   0x0000000c   Data   RW         3634    .data               port.o
    0x200000b0   0x0800fb98   0x00000020   Data   RW         3718    .data               heap_4.o
    0x200000d0   0x0800fbb8   0x00000020   Data   RW         3776    .data               dso.o
    0x200000f0        -       0x000000c8   Zero   RW         2191    .bss                usart.o
    0x200001b8        -       0x00000fa0   Zero   RW         2364    .bss                bsp_adc.o
    0x20001158        -       0x00000040   Zero   RW         2670    .bss                queue.o
    0x20001198        -       0x000002e4   Zero   RW         3126    .bss                tasks.o
    0x2000147c        -       0x00000028   Zero   RW         3478    .bss                timers.o
    0x200014a4        -       0x00007800   Zero   RW         3717    .bss                heap_4.o
    0x20008ca4        -       0x00004014   Zero   RW         3774    .bss                dso.o
    0x2000ccb8        -       0x00000060   Zero   RW         4217    .bss                c_w.l(libspace.o)
    0x2000cd18        -       0x00000200   Zero   RW          355    HEAP                startup_stm32f40_41xxx.o
    0x2000cf18        -       0x00000400   Zero   RW          354    STACK               startup_stm32f40_41xxx.o


==============================================================================

Image component sizes


      Code (inc. data)   RO Data    RW Data    ZI Data      Debug   Object Name

       608         48          0          0       4000       5768   bsp_adc.o
       304         32        256          0          0       3032   bsp_dac.o
        64          4          0          0          0        539   bsp_led.o
        92          4          0          0          0        704   bsp_timbase.o
        84         10          0          4          0       1291   delay.o
       740        202        119         32      16404       3360   dso.o
         0          0          0          0          0      14560   event_groups.o
       756         74          0         32      30720       4607   heap_4.o
       148          0          0          0          0       3394   list.o
       736        366          9         20          0     347665   main.o
       180         24          0          0          0       2189   misc.o
       934         76          0         12          0      10752   port.o
      2434         28          0          0         64      19169   queue.o
        64         26        392          0       1536        844   startup_stm32f40_41xxx.o
       382         24          0          0          0       5079   stm32f4xx_adc.o
       136         18          0          0          0       2494   stm32f4xx_dac.o
       692         58          0          0          0       6439   stm32f4xx_dma.o
       218          0          0          0          0       2430   stm32f4xx_gpio.o
        64         10          0          4          0       3857   stm32f4xx_it.o
       360         42          0         16          0       5316   stm32f4xx_rcc.o
       284         28          0          0          0       6662   stm32f4xx_tim.o
       404          8          0          0          0       4362   stm32f4xx_usart.o
       340         32          0         20          0       1857   system_stm32f4xx.o
      5094        558          0         72        740      38104   tasks.o
       962        110          0         20         40      23356   timers.o
       412         36          0          6        200       5123   usart.o

    ----------------------------------------------------------------------
     16522       1818        812        240      53704     522953   Object Totals
         0          0         32          0          0          0   (incl. Generated)
        30          0          4          2          0          0   (incl. Padding)

    ----------------------------------------------------------------------

      Code (inc. data)   RO Data    RW Data    ZI Data      Debug   Library Member Name

       486          0          0          0          0       2210   arm_bitreversal.o
      1696          0          0          0          0       4744   arm_cfft_radix4_f32.o
       192         46          0          0          0        767   arm_cfft_radix4_init_f32.o
       240          4          0          0          0      16312   arm_cmplx_mag_f32.o
         0          0      34816          0          0       2517   arm_common_tables.o
        24          4          0          0          0         84   __2printf.o
        44          6          0          0          0         84   __2sprintf.o
         8          0          0          0          0         68   __main.o
       392          4         17          0          0         92   __printf_flags_ss_wp.o
        14          0          0          0          0         68   __printf_wp.o
         0          0          0          0          0          0   __rtentry.o
        12          0          0          0          0          0   __rtentry2.o
         6          0          0          0          0          0   __rtentry4.o
        52          8          0          0          0          0   __scatter.o
        26          0          0          0          0          0   __scatter_copy.o
        28          0          0          0          0          0   __scatter_zi.o
         6          0          0          0          0          0   _printf_a.o
         6          0          0          0          0          0   _printf_c.o
        44          0          0          0          0        108   _printf_char.o
        48          6          0          0          0         96   _printf_char_common.o
        36          4          0          0          0         80   _printf_char_file.o
        40          0          0          0          0         68   _printf_charcount.o
         6          0          0          0          0          0   _printf_d.o
       120         16          0          0          0         92   _printf_dec.o
         6          0          0          0          0          0   _printf_e.o
         6          0          0          0          0          0   _printf_f.o
      1054          0          0          0          0        216   _printf_fp_dec.o
       764          8         38          0          0        100   _printf_fp_hex.o
       128         16          0          0          0         84   _printf_fp_infnan.o
         6          0          0          0          0          0   _printf_g.o
       148          4         40          0          0        160   _printf_hex_int_ll_ptr.o
         6          0          0          0          0          0   _printf_i.o
       178          0          0          0          0         88   _printf_intcommon.o
        10          0          0          0          0          0   _printf_l.o
         6          0          0          0          0          0   _printf_lc.o
        10          0          0          0          0          0   _printf_ll.o
         6          0          0          0          0          0   _printf_lld.o
         6          0          0          0          0          0   _printf_lli.o
         6          0          0          0          0          0   _printf_llo.o
         6          0          0          0          0          0   _printf_llu.o
         6          0          0          0          0          0   _printf_llx.o
       124         16          0          0          0         92   _printf_longlong_dec.o
         6          0          0          0          0          0   _printf_ls.o
         6          0          0          0          0          0   _printf_n.o
         6          0          0          0          0          0   _printf_o.o
       112         10          0          0          0        124   _printf_oct_int_ll.o
         6          0          0          0          0          0   _printf_p.o
        78          0          0          0          0        108   _printf_pad.o
         0          0          0          0          0          0   _printf_percent.o
         4          0          0          0          0          0   _printf_percent_end.o
         6          0          0          0          0          0   _printf_s.o
        82          0          0          0          0         80   _printf_str.o
        36          0          0          0          0         84   _printf_truncate.o
         6          0          0          0          0          0   _printf_u.o
        44          0          0          0          0        108   _printf_wchar.o
       188          6          8          0          0         92   _printf_wctomb.o
         6          0          0          0          0          0   _printf_x.o
        16          0          0          0          0         68   _snputc.o
        10          0          0          0          0         68   _sputc.o
        64          0          0          0          0         92   _wcrtomb.o
        16          0          0          0          0         68   aeabi_memset.o
       228          4        148          0          0         96   bigflt0.o
      1936        128          0          0          0        672   btod.o
        18          0          0          0          0         80   exit.o
         8          0          0          0          0         68   ferror.o
         6          0          0          0          0        152   heapauxi.o
        44         10        272          0          0         76   lc_ctype_c.o
        44         10         28          0          0         76   lc_numeric_c.o
         2          0          0          0          0          0   libinit.o
        34          0          0          0          0          0   libinit2.o
         2          0          0          0          0          0   libshutdown.o
         2          0          0          0          0          0   libshutdown2.o
         8          4          0          0         96         68   libspace.o
       138          0          0          0          0         80   lludiv10.o
        16          4          0          0          0         76   rt_ctype_table.o
         8          4          0          0          0         68   rt_locale_intlibspace.o
        68          0          0          0          0         68   rt_memclr.o
        78          0          0          0          0         80   rt_memclr_w.o
       138          0          0          0          0         68   rt_memcpy_v6.o
       100          0          0          0          0         80   rt_memcpy_w.o
         2          0          0          0          0          0   rtexit.o
        10          0          0          0          0          0   rtexit2.o
       128          0          0          0          0         68   strcmpv7m.o
        72          0          0          0          0         80   strcpy.o
        62          0          0          0          0         76   strlen.o
        74          0          0          0          0         80   sys_stackheap_outer.o
         2          0          0          0          0         68   use_no_semi.o
         2          0          0          0          0         68   use_no_semi_2.o
        52          4          0          0          0         80   vsnprintf.o
       688        140          0          0          0        256   ddiv.o
        46          0          0          0          0        116   dflt_clz.o
       340         12          0          0          0        152   dmul.o
       156          4          0          0          0        140   dnaninf.o
        12          0          0          0          0        116   dretinf.o
        86          4          0          0          0        132   f2d.o
       140          4          0          0          0        132   fnaninf.o
        10          0          0          0          0        116   fpinit.o
         4          0          0          0          0        116   printf1.o
         4          0          0          0          0        116   printf2.o
         0          0          0          0          0          0   usenofp.o
        48          0          0          0          0        124   fpclassify.o

    ----------------------------------------------------------------------
     11526        490      35372          0         96      32866   Library Totals
        16          0          5          0          0          0   (incl. Padding)

    ----------------------------------------------------------------------

      Code (inc. data)   RO Data    RW Data    ZI Data      Debug   Library Name

      2614         50      34816          0          0      26550   arm_cortexM4lf_math.lib
      7362        276        551          0         96       4800   c_w.l
      1486        164          0          0          0       1392   fz_wm.l
        48          0          0          0          0        124   m_wm.l

    ----------------------------------------------------------------------
     11526        490      35372          0         96      32866   Library Totals

    ----------------------------------------------------------------------

==============================================================================


      Code (inc. data)   RO Data    RW Data    ZI Data      Debug   

     28048       2308      36184        240      53800     536215   Grand Totals
     28048       2308      36184        240      53800     536215   ELF Image Totals
     28048       2308      36184        240          0          0   ROM Totals

==============================================================================

    Total RO  Size (Code + RO Data)                64232 (  62.73kB)
    Total RW  Size (RW Data + ZI Data)             54040 (  52.77kB)
    Total ROM Size (Code + RO Data + RW Data)      64472 (  62.96kB)

==============================================================================

