Component: ARM Compiler 5.06 update 6 (build 750) Tool: armlink [4d35ed]

==============================================================================

Section Cross References

    main.o(i.CPU_Task) refers to rt_memclr_w.o(.text) for __aeabi_memclr4
    main.o(i.CPU_Task) refers to tasks.o(i.vTaskList) for vTaskList
    main.o(i.CPU_Task) refers to usart.o(i.App_Printf) for App_Printf
    main.o(i.CPU_Task) refers to tasks.o(i.vTaskGetRunTimeStats) for vTaskGetRunTimeStats
    main.o(i.CPU_Task) refers to tasks.o(i.vTaskDelay) for vTaskDelay
    main.o(i.CPU_Task) refers to main.o(.constdata) for __FUNCTION__
    main.o(i.led_task) refers to dso.o(i.CopyDataToWaveBuff) for CopyDataToWaveBuff
    main.o(i.led_task) refers to dso.o(i.FFT_GetFreq) for FFT_GetFreq
    main.o(i.led_task) refers to tasks.o(i.vTaskDelay) for vTaskDelay
    main.o(i.led_task) refers to dso.o(.constdata) for _tgrade
    main.o(i.main) refers to misc.o(i.NVIC_PriorityGroupConfig) for NVIC_PriorityGroupConfig
    main.o(i.main) refers to delay.o(i.delay_init) for delay_init
    main.o(i.main) refers to usart.o(i.uart_init) for uart_init
    main.o(i.main) refers to bsp_led.o(i.LED_Init) for LED_Init
    main.o(i.main) refers to bsp_dac.o(i.DAC_Mode_Init) for DAC_Mode_Init
    main.o(i.main) refers to bsp_dac.o(i.SetDACFreq) for SetDACFreq
    main.o(i.main) refers to bsp_adc.o(i.ADC_Mode_Init) for ADC_Mode_Init
    main.o(i.main) refers to bsp_adc.o(i.SetADCSampleRate) for SetADCSampleRate
    main.o(i.main) refers to bsp_timbase.o(i.TIM5_Init) for TIM5_Init
    main.o(i.main) refers to arm_cfft_radix4_init_f32.o(.text) for arm_cfft_radix4_init_f32
    main.o(i.main) refers to tasks.o(i.xTaskCreate) for xTaskCreate
    main.o(i.main) refers to main.o(i.xMutexCreate) for xMutexCreate
    main.o(i.main) refers to trckernelport.o(i.vTraceEnable) for vTraceEnable
    main.o(i.main) refers to tasks.o(i.vTaskStartScheduler) for vTaskStartScheduler
    main.o(i.main) refers to dso.o(.constdata) for _tgrade
    main.o(i.main) refers to dso.o(.bss) for scfft
    main.o(i.main) refers to main.o(.data) for StartTask_Handler
    main.o(i.main) refers to main.o(i.start_task) for start_task
    main.o(i.start_task) refers to port.o(i.vPortEnterCritical) for vPortEnterCritical
    main.o(i.start_task) refers to tasks.o(i.xTaskCreate) for xTaskCreate
    main.o(i.start_task) refers to tasks.o(i.vTaskDelete) for vTaskDelete
    main.o(i.start_task) refers to port.o(i.vPortExitCritical) for vPortExitCritical
    main.o(i.start_task) refers to main.o(.data) for LEDTask_Handler
    main.o(i.start_task) refers to main.o(i.led_task) for led_task
    main.o(i.start_task) refers to main.o(i.CPU_Task) for CPU_Task
    main.o(i.xMutexCreate) refers to queue.o(i.xQueueCreateMutex) for xQueueCreateMutex
    main.o(i.xMutexCreate) refers to main.o(.data) for msgProMutex
    stm32f4xx_it.o(i.TIM5_IRQHandler) refers to stm32f4xx_tim.o(i.TIM_GetITStatus) for TIM_GetITStatus
    stm32f4xx_it.o(i.TIM5_IRQHandler) refers to stm32f4xx_tim.o(i.TIM_ClearITPendingBit) for TIM_ClearITPendingBit
    stm32f4xx_it.o(i.TIM5_IRQHandler) refers to stm32f4xx_it.o(.data) for CPU_RunTime
    startup_stm32f40_41xxx.o(STACK) refers (Special) to heapauxi.o(.text) for __use_two_region_memory
    startup_stm32f40_41xxx.o(HEAP) refers (Special) to heapauxi.o(.text) for __use_two_region_memory
    startup_stm32f40_41xxx.o(RESET) refers (Special) to heapauxi.o(.text) for __use_two_region_memory
    startup_stm32f40_41xxx.o(RESET) refers to startup_stm32f40_41xxx.o(STACK) for __initial_sp
    startup_stm32f40_41xxx.o(RESET) refers to startup_stm32f40_41xxx.o(.text) for Reset_Handler
    startup_stm32f40_41xxx.o(RESET) refers to stm32f4xx_it.o(i.NMI_Handler) for NMI_Handler
    startup_stm32f40_41xxx.o(RESET) refers to stm32f4xx_it.o(i.HardFault_Handler) for HardFault_Handler
    startup_stm32f40_41xxx.o(RESET) refers to stm32f4xx_it.o(i.MemManage_Handler) for MemManage_Handler
    startup_stm32f40_41xxx.o(RESET) refers to stm32f4xx_it.o(i.BusFault_Handler) for BusFault_Handler
    startup_stm32f40_41xxx.o(RESET) refers to stm32f4xx_it.o(i.UsageFault_Handler) for UsageFault_Handler
    startup_stm32f40_41xxx.o(RESET) refers to port.o(.emb_text) for SVC_Handler
    startup_stm32f40_41xxx.o(RESET) refers to stm32f4xx_it.o(i.DebugMon_Handler) for DebugMon_Handler
    startup_stm32f40_41xxx.o(RESET) refers to delay.o(i.SysTick_Handler) for SysTick_Handler
    startup_stm32f40_41xxx.o(RESET) refers to bsp_adc.o(i.TIM2_IRQHandler) for TIM2_IRQHandler
    startup_stm32f40_41xxx.o(RESET) refers to usart.o(i.USART1_IRQHandler) for USART1_IRQHandler
    startup_stm32f40_41xxx.o(RESET) refers to stm32f4xx_it.o(i.TIM5_IRQHandler) for TIM5_IRQHandler
    startup_stm32f40_41xxx.o(RESET) refers to bsp_adc.o(i.DMA2_Stream0_IRQHandler) for DMA2_Stream0_IRQHandler
    startup_stm32f40_41xxx.o(.text) refers (Special) to heapauxi.o(.text) for __use_two_region_memory
[...]
    TIM7_IRQHandler                          0x080003ef   Thumb Code     0  startup_stm32f40_41xxx.o(.text)
    TIM8_BRK_TIM12_IRQHandler                0x080003ef   Thumb Code     0  startup_stm32f40_41xxx.o(.text)
    TIM8_CC_IRQHandler                       0x080003ef   Thumb Code     0  startup_stm32f40_41xxx.o(.text)
    TIM8_TRG_COM_TIM14_IRQHandler            0x080003ef   Thumb Code     0  startup_stm32f40_41xxx.o(.text)
    TIM8_UP_TIM13_IRQHandler                 0x080003ef   Thumb Code     0  startup_stm32f40_41xxx.o(.text)
    UART4_IRQHandler                         0x080003ef   Thumb Code     0  startup_stm32f40_41xxx.o(.text)
    UART5_IRQHandler                         0x080003ef   Thumb Code     0  startup_stm32f40_41xxx.o(.text)
    USART2_IRQHandler                        0x080003ef   Thumb Code     0  startup_stm32f40_41xxx.o(.text)
    USART3_IRQHandler                        0x080003ef   Thumb Code     0  startup_stm32f40_41xxx.o(.text)
    USART6_IRQHandler                        0x080003ef   Thumb Code     0  startup_stm32f40_41xxx.o(.text)
    WWDG_IRQHandler                          0x080003ef   Thumb Code     0  startup_stm32f40_41xxx.o(.text)
    __user_initial_stackheap                 0x080003f1   Thumb Code     0  startup_stm32f40_41xxx.o(.text)
    arm_cmplx_mag_f32                        0x08000415   Thumb Code   236  arm_cmplx_mag_f32.o(.text)
    arm_radix4_butterfly_f32                 0x08000505   Thumb Code   800  arm_cfft_radix4_f32.o(.text)
    arm_radix4_butterfly_inverse_f32         0x08000825   Thumb Code   836  arm_cfft_radix4_f32.o(.text)
    arm_cfft_radix4_f32                      0x08000b69   Thumb Code    60  arm_cfft_radix4_f32.o(.text)
    arm_cfft_radix4_init_f32                 0x08000ba5   Thumb Code   146  arm_cfft_radix4_init_f32.o(.text)
    arm_bitreversal_f32                      0x08000c65   Thumb Code   178  arm_bitreversal.o(.text)
    arm_bitreversal_q31                      0x08000d17   Thumb Code   180  arm_bitreversal.o(.text)
    arm_bitreversal_q15                      0x08000dcb   Thumb Code   128  arm_bitreversal.o(.text)
    __use_no_semihosting                     0x08000e4b   Thumb Code     2  use_no_semi_2.o(.text)
    vsnprintf                                0x08000e4d   Thumb Code    48  vsnprintf.o(.text)
    __2printf                                0x08000e81   Thumb Code    20  __2printf.o(.text)
    __2sprintf                               0x08000e99   Thumb Code    38  __2sprintf.o(.text)
    _printf_str                              0x08000ec5   Thumb Code    82  _printf_str.o(.text)
    _printf_int_dec                          0x08000f19   Thumb Code   104  _printf_dec.o(.text)
    __printf                                 0x08000f91   Thumb Code   388  __printf_flags_ss_wp.o(.text)
    strcpy                                   0x08001119   Thumb Code    72  strcpy.o(.text)
    strlen                                   0x08001161   Thumb Code    62  strlen.o(.text)
    __aeabi_memcpy                           0x0800119f   Thumb Code     0  rt_memcpy_v6.o(.text)
    __rt_memcpy                              0x0800119f   Thumb Code   138  rt_memcpy_v6.o(.text)
    _memcpy_lastbytes                        0x08001205   Thumb Code     0  rt_memcpy_v6.o(.text)
    __aeabi_memset                           0x08001229   Thumb Code    16  aeabi_memset.o(.text)
    __aeabi_memclr4                          0x08001239   Thumb Code     0  rt_memclr_w.o(.text)
    __aeabi_memclr8                          0x08001239   Thumb Code     0  rt_memclr_w.o(.text)
    __rt_memclr_w                            0x08001239   Thumb Code    78  rt_memclr_w.o(.text)
    _memset_w                                0x0800123d   Thumb Code     0  rt_memclr_w.o(.text)
    __use_two_region_memory                  0x08001287   Thumb Code     2  heapauxi.o(.text)
    __rt_heap_escrow$2region                 0x08001289   Thumb Code     2  heapauxi.o(.text)
    __rt_heap_expand$2region                 0x0800128b   Thumb Code     2  heapauxi.o(.text)
    __I$use$semihosting                      0x0800128d   Thumb Code     0  use_no_semi.o(.text)
    __use_no_semihosting_swi                 0x0800128d   Thumb Code     2  use_no_semi.o(.text)
    _printf_pre_padding                      0x0800128f   Thumb Code    44  _printf_pad.o(.text)
    _printf_post_padding                     0x080012bb   Thumb Code    34  _printf_pad.o(.text)
    _printf_truncate_signed                  0x080012dd   Thumb Code    18  _printf_truncate.o(.text)
    _printf_truncate_unsigned                0x080012ef   Thumb Code    18  _printf_truncate.o(.text)
    _printf_int_common                       0x08001301   Thumb Code   178  _printf_intcommon.o(.text)
    _printf_charcount                        0x080013b3   Thumb Code    40  _printf_charcount.o(.text)
    _printf_char_common                      0x080013e7   Thumb Code    32  _printf_char_common.o(.text)
    _sputc                                   0x0800140d   Thumb Code    10  _sputc.o(.text)
    _snputc                                  0x08001417   Thumb Code    16  _snputc.o(.text)
    _printf_cs_common                        0x08001427   Thumb Code    20  _printf_char.o(.text)
    _printf_char                             0x0800143b   Thumb Code    16  _printf_char.o(.text)
    _printf_string                           0x0800144b   Thumb Code     8  _printf_char.o(.text)
    _printf_char_file                        0x08001455   Thumb Code    32  _printf_char_file.o(.text)
    _printf_wctomb                           0x08001479   Thumb Code   182  _printf_wctomb.o(.text)
    _printf_longlong_dec                     0x08001535   Thumb Code   108  _printf_longlong_dec.o(.text)
    _printf_longlong_oct                     0x080015b1   Thumb Code    66  _printf_oct_int_ll.o(.text)
    _printf_int_oct                          0x080015f3   Thumb Code    24  _printf_oct_int_ll.o(.text)
    _printf_ll_oct                           0x0800160b   Thumb Code    12  _printf_oct_int_ll.o(.text)
    _printf_longlong_hex                     0x08001621   Thumb Code    86  _printf_hex_int_ll_ptr.o(.text)
    _printf_int_hex                          0x08001677   Thumb Code    28  _printf_hex_int_ll_ptr.o(.text)
    _printf_ll_hex                           0x08001693   Thumb Code    12  _printf_hex_int_ll_ptr.o(.text)
    _printf_hex_ptr                          0x0800169f   Thumb Code    18  _printf_hex_int_ll_ptr.o(.text)
    __aeabi_memcpy4                          0x080016b5   Thumb Code     0  rt_memcpy_w.o(.text)
    __aeabi_memcpy8                          0x080016b5   Thumb Code     0  rt_memcpy_w.o(.text)
    __rt_memcpy_w                            0x080016b5   Thumb Code   100  rt_memcpy_w.o(.text)
    _memcpy_lastbytes_aligned                0x080016fd   Thumb Code     0  rt_memcpy_w.o(.text)
    __aeabi_memclr                           0x08001719   Thumb Code     0  rt_memclr.o(.text)
    __rt_memclr                              0x08001719   Thumb Code    68  rt_memclr.o(.text)
    _memset                                  0x0800171d   Thumb Code     0  rt_memclr.o(.text)
    _ll_udiv10                               0x0800175d   Thumb Code   138  lludiv10.o(.text)
    __lib_sel_fp_printf                      0x080017e7   Thumb Code     2  _printf_fp_dec.o(.text)
    _printf_fp_dec_real                      0x08001999   Thumb Code   620  _printf_fp_dec.o(.text)
    _printf_fp_hex_real                      0x08001c05   Thumb Code   756  _printf_fp_hex.o(.text)
    _printf_lcs_common                       0x08001f01   Thumb Code    20  _printf_wchar.o(.text)
    _printf_wchar                            0x08001f15   Thumb Code    16  _printf_wchar.o(.text)
    _printf_wstring                          0x08001f25   Thumb Code     8  _printf_wchar.o(.text)
    ferror                                   0x08001f2d   Thumb Code     8  ferror.o(.text)
    _wcrtomb                                 0x08001f35   Thumb Code    64  _wcrtomb.o(.text)
    __user_setup_stackheap                   0x08001f75   Thumb Code    74  sys_stackheap_outer.o(.text)
    __rt_ctype_table                         0x08001fc1   Thumb Code    16  rt_ctype_table.o(.text)
    __rt_locale                              0x08001fd1   Thumb Code     8  rt_locale_intlibspace.o(.text)
    _printf_fp_infnan                        0x08001fd9   Thumb Code   112  _printf_fp_infnan.o(.text)
    _btod_etento                             0x08002059   Thumb Code   224  bigflt0.o(.text)
    exit                                     0x0800213d   Thumb Code    18  exit.o(.text)
    __user_libspace                          0x08002151   Thumb Code     8  libspace.o(.text)
    __user_perproc_libspace                  0x08002151   Thumb Code     0  libspace.o(.text)
    __user_perthread_libspace                0x08002151   Thumb Code     0  libspace.o(.text)
    strcmp                                   0x08002159   Thumb Code   128  strcmpv7m.o(.text)
    _btod_d2e                                0x080021d9   Thumb Code    62  btod.o(CL$$btod_d2e)
    _d2e_denorm_low                          0x08002217   Thumb Code    70  btod.o(CL$$btod_d2e_denorm_low)
    _d2e_norm_op1                            0x0800225d   Thumb Code    96  btod.o(CL$$btod_d2e_norm_op1)
    __btod_div_common                        0x080022bd   Thumb Code   696  btod.o(CL$$btod_div_common)
    _e2e                                     0x080025f5   Thumb Code   220  btod.o(CL$$btod_e2e)
    _btod_ediv                               0x080026d1   Thumb Code    42  btod.o(CL$$btod_ediv)
    _btod_emul                               0x080026fb   Thumb Code    42  btod.o(CL$$btod_emul)
    __btod_mult_common                       0x08002725   Thumb Code   580  btod.o(CL$$btod_mult_common)
    ADC_Cmd                                  0x08002969   Thumb Code    22  stm32f4xx_adc.o(i.ADC_Cmd)
    ADC_CommonInit                           0x08002981   Thumb Code    34  stm32f4xx_adc.o(i.ADC_CommonInit)
    ADC_Config                               0x080029b1   Thumb Code   132  bsp_adc.o(i.ADC_Config)
    ADC_DMACmd                               0x08002a39   Thumb Code    22  stm32f4xx_adc.o(i.ADC_DMACmd)
    ADC_DMARequestAfterLastTransferCmd       0x08002a4f   Thumb Code    22  stm32f4xx_adc.o(i.ADC_DMARequestAfterLastTransferCmd)
    ADC_GPIO_Init                            0x08002a65   Thumb Code    36  bsp_adc.o(i.ADC_GPIO_Init)
    ADC_Init                                 0x08002a8d   Thumb Code    74  stm32f4xx_adc.o(i.ADC_Init)
    ADC_Mode_Init                            0x08002ae1   Thumb Code    26  bsp_adc.o(i.ADC_Mode_Init)
    ADC_RegularChannelConfig                 0x08002b01   Thumb Code   184  stm32f4xx_adc.o(i.ADC_RegularChannelConfig)
    App_Printf                               0x08002bb9   Thumb Code    64  usart.o(i.App_Printf)
    BusFault_Handler                         0x08002c01   Thumb Code     4  stm32f4xx_it.o(i.BusFault_Handler)
    CPU_Task                                 0x08002c05   Thumb Code   138  main.o(i.CPU_Task)
    CopyDataToWaveBuff                       0x08002da1   Thumb Code   320  dso.o(i.CopyDataToWaveBuff)
    DAC1_Config                              0x08002f41   Thumb Code   172  bsp_dac.o(i.DAC1_Config)
    DAC_Cmd                                  0x08002ffd   Thumb Code    34  stm32f4xx_dac.o(i.DAC_Cmd)
    DAC_DMACmd                               0x08003025   Thumb Code    38  stm32f4xx_dac.o(i.DAC_DMACmd)
    DAC_Init                                 0x08003051   Thumb Code    46  stm32f4xx_dac.o(i.DAC_Init)
    DAC_Mode_Init                            0x08003085   Thumb Code    12  bsp_dac.o(i.DAC_Mode_Init)
    DMA2_Stream0_IRQHandler                  0x08003091   Thumb Code    22  bsp_adc.o(i.DMA2_Stream0_IRQHandler)
    DMA_ClearITPendingBit                    0x080030b1   Thumb Code    38  stm32f4xx_dma.o(i.DMA_ClearITPendingBit)
    DMA_Cmd                                  0x080030e5   Thumb Code    22  stm32f4xx_dma.o(i.DMA_Cmd)
    DMA_Config                               0x080030fd   Thumb Code   154  bsp_adc.o(i.DMA_Config)
    DMA_DeInit                               0x080031a5   Thumb Code   324  stm32f4xx_dma.o(i.DMA_DeInit)
    DMA_GetCmdStatus                         0x080032fd   Thumb Code    20  stm32f4xx_dma.o(i.DMA_GetCmdStatus)
    DMA_GetCurrDataCounter                   0x08003311   Thumb Code     8  stm32f4xx_dma.o(i.DMA_GetCurrDataCounter)
    DMA_GetITStatus                          0x08003319   Thumb Code    82  stm32f4xx_dma.o(i.DMA_GetITStatus)
    DMA_ITConfig                             0x0800337d   Thumb Code    58  stm32f4xx_dma.o(i.DMA_ITConfig)
    DMA_Init                                 0x080033b9   Thumb Code    82  stm32f4xx_dma.o(i.DMA_Init)
    DebugMon_Handler                         0x08003411   Thumb Code     2  stm32f4xx_it.o(i.DebugMon_Handler)
    FFT_GetFreq                              0x08003415   Thumb Code   218  dso.o(i.FFT_GetFreq)
    GPIO_Init                                0x08003559   Thumb Code   144  stm32f4xx_gpio.o(i.GPIO_Init)
    GPIO_PinAFConfig                         0x080035e9   Thumb Code    70  stm32f4xx_gpio.o(i.GPIO_PinAFConfig)
    GPIO_SetBits                             0x0800362f   Thumb Code     4  stm32f4xx_gpio.o(i.GPIO_SetBits)
    HardFault_Handler                        0x08003633   Thumb Code     4  stm32f4xx_it.o(i.HardFault_Handler)
    LED_Init                                 0x08003639   Thumb Code    60  bsp_led.o(i.LED_Init)
    MemManage_Handler                        0x08003679   Thumb Code     4  stm32f4xx_it.o(i.MemManage_Handler)
    NMI_Handler                              0x0800367d   Thumb Code     2  stm32f4xx_it.o(i.NMI_Handler)
    NVIC_Config                              0x0800367f   Thumb Code    60  bsp_adc.o(i.NVIC_Config)
    NVIC_Init                                0x080036bd   Thumb Code   106  misc.o(i.NVIC_Init)
    NVIC_PriorityGroupConfig                 0x08003735   Thumb Code    10  misc.o(i.NVIC_PriorityGroupConfig)
    RCC_AHB1PeriphClockCmd                   0x08003749   Thumb Code    26  stm32f4xx_rcc.o(i.RCC_AHB1PeriphClockCmd)
    RCC_APB1PeriphClockCmd                   0x08003769   Thumb Code    26  stm32f4xx_rcc.o(i.RCC_APB1PeriphClockCmd)
    RCC_APB2PeriphClockCmd                   0x08003789   Thumb Code    26  stm32f4xx_rcc.o(i.RCC_APB2PeriphClockCmd)
    RCC_APB2PeriphResetCmd                   0x080037a9   Thumb Code    26  stm32f4xx_rcc.o(i.RCC_APB2PeriphResetCmd)
    RCC_GetClocksFreq                        0x080037c9   Thumb Code   214  stm32f4xx_rcc.o(i.RCC_GetClocksFreq)
    SEGGER_RTT_ConfigDownBuffer              0x080038b1   Thumb Code   164  segger_rtt.o(i.SEGGER_RTT_ConfigDownBuffer)
    SEGGER_RTT_ConfigUpBuffer                0x08003959   Thumb Code   164  segger_rtt.o(i.SEGGER_RTT_ConfigUpBuffer)
    SEGGER_RTT_Read                          0x08003a01   Thumb Code    56  segger_rtt.o(i.SEGGER_RTT_Read)
    SEGGER_RTT_ReadNoLock                    0x08003a39   Thumb Code   148  segger_rtt.o(i.SEGGER_RTT_ReadNoLock)
    SEGGER_RTT_Write                         0x08003ad1   Thumb Code    68  segger_rtt.o(i.SEGGER_RTT_Write)
    SEGGER_RTT_WriteNoLock                   0x08003b19   Thumb Code   126  segger_rtt.o(i.SEGGER_RTT_WriteNoLock)
    SetADCSampleRate                         0x08003b9d   Thumb Code    26  bsp_adc.o(i.SetADCSampleRate)
    SetDACFreq                               0x08003bc1   Thumb Code    26  bsp_dac.o(i.SetDACFreq)
    SysTick_CLKSourceConfig                  0x08003cd1   Thumb Code    40  misc.o(i.SysTick_CLKSourceConfig)
    SysTick_Handler                          0x08003cf9   Thumb Code    16  delay.o(i.SysTick_Handler)
    SystemInit                               0x08003d09   Thumb Code    88  system_stm32f4xx.o(i.SystemInit)
    TIM2_IRQHandler                          0x08003d71   Thumb Code    22  bsp_adc.o(i.TIM2_IRQHandler)
    TIM2_Init                                0x08003d87   Thumb Code    82  bsp_adc.o(i.TIM2_Init)
    TIM5_IRQHandler                          0x08003dd9   Thumb Code    34  stm32f4xx_it.o(i.TIM5_IRQHandler)
    TIM5_Init                                0x08003e05   Thumb Code    88  bsp_timbase.o(i.TIM5_Init)
    TIM6_Config                              0x08003e61   Thumb Code    62  bsp_dac.o(i.TIM6_Config)
    TIM_ARRPreloadConfig                     0x08003ea5   Thumb Code    24  stm32f4xx_tim.o(i.TIM_ARRPreloadConfig)
    TIM_ClearITPendingBit                    0x08003ebd   Thumb Code     6  stm32f4xx_tim.o(i.TIM_ClearITPendingBit)
    TIM_Cmd                                  0x08003ec3   Thumb Code    24  stm32f4xx_tim.o(i.TIM_Cmd)
    TIM_GetITStatus                          0x08003edb   Thumb Code    34  stm32f4xx_tim.o(i.TIM_GetITStatus)
    TIM_ITConfig                             0x08003efd   Thumb Code    18  stm32f4xx_tim.o(i.TIM_ITConfig)
    TIM_PrescalerConfig                      0x08003f0f   Thumb Code     6  stm32f4xx_tim.o(i.TIM_PrescalerConfig)
    TIM_SelectOutputTrigger                  0x08003f15   Thumb Code    18  stm32f4xx_tim.o(i.TIM_SelectOutputTrigger)
    TIM_SetAutoreload                        0x08003f27   Thumb Code     4  stm32f4xx_tim.o(i.TIM_SetAutoreload)
    TIM_TimeBaseInit                         0x08003f2d   Thumb Code   104  stm32f4xx_tim.o(i.TIM_TimeBaseInit)
    TIM_TimeBaseStructInit                   0x08003fb1   Thumb Code    18  stm32f4xx_tim.o(i.TIM_TimeBaseStructInit)
    USART1_IRQHandler                        0x08004015   Thumb Code   122  usart.o(i.USART1_IRQHandler)
    USART_Cmd                                0x0800409d   Thumb Code    24  stm32f4xx_usart.o(i.USART_Cmd)
    USART_GetITStatus                        0x080040b5   Thumb Code    84  stm32f4xx_usart.o(i.USART_GetITStatus)
    USART_ITConfig                           0x08004109   Thumb Code    74  stm32f4xx_usart.o(i.USART_ITConfig)
    USART_Init                               0x08004155   Thumb Code   204  stm32f4xx_usart.o(i.USART_Init)
    USART_ReceiveData                        0x08004229   Thumb Code    10  stm32f4xx_usart.o(i.USART_ReceiveData)
    UsageFault_Handler                       0x08004233   Thumb Code     4  stm32f4xx_it.o(i.UsageFault_Handler)
    __ARM_fpclassify                         0x0800437f   Thumb Code    48  fpclassify.o(i.__ARM_fpclassify)
    _is_digit                                0x080043bb   Thumb Code    14  __printf_wp.o(i._is_digit)
    _sys_exit                                0x080043c9   Thumb Code     4  usart.o(i._sys_exit)
    delay_init                               0x080043cd   Thumb Code    58  delay.o(i.delay_init)
    eTaskGetState                            0x08004411   Thumb Code   142  tasks.o(i.eTaskGetState)
    fputc                                    0x080044b5   Thumb Code    22  usart.o(i.fputc)
    led_task                                 0x080044d1   Thumb Code    34  main.o(i.led_task)
    main                                     0x08004501   Thumb Code   126  main.o(i.main)
    prvIsValidCommand                        0x08004d75   Thumb Code    68  trcstreamingrecorder.o(i.prvIsValidCommand)
    prvProcessCommand                        0x08004f01   Thumb Code    24  trcstreamingrecorder.o(i.prvProcessCommand)
    prvTraceDeleteObjectData                 0x08005285   Thumb Code   128  trcstreamingrecorder.o(i.prvTraceDeleteObjectData)
    prvTraceDeleteSymbol                     0x0800530d   Thumb Code   128  trcstreamingrecorder.o(i.prvTraceDeleteSymbol)
    prvTraceError                            0x08005395   Thumb Code    76  trcstreamingrecorder.o(i.prvTraceError)
    prvTraceGetCurrentTask                   0x08005411   Thumb Code     6  trcstreamingrecorder.o(i.prvTraceGetCurrentTask)
    prvTraceGetCurrentTaskHandle             0x0800541d   Thumb Code     8  trckernelport.o(i.prvTraceGetCurrentTaskHandle)
    prvTraceGetQueueNumber                   0x080056ed   Thumb Code    12  trckernelport.o(i.prvTraceGetQueueNumber)
    prvTraceGetQueueNumberHigh16             0x080056f9   Thumb Code    20  trckernelport.o(i.prvTraceGetQueueNumberHigh16)
    prvTraceGetTaskNumberHigh16              0x0800570d   Thumb Code    20  trckernelport.o(i.prvTraceGetTaskNumberHigh16)
    prvTraceInitCortexM                      0x08005721   Thumb Code    76  trcstreamingrecorder.o(i.prvTraceInitCortexM)
    prvTraceSaveObjectData                   0x0800577d   Thumb Code   124  trcstreamingrecorder.o(i.prvTraceSaveObjectData)
    prvTraceSaveObjectSymbol                 0x08005805   Thumb Code   132  trcstreamingrecorder.o(i.prvTraceSaveObjectSymbol)
    prvTraceSaveSymbol                       0x0800589d   Thumb Code    54  trcstreamingrecorder.o(i.prvTraceSaveSymbol)
    prvTraceSetCurrentTask                   0x080058dd   Thumb Code     6  trcstreamingrecorder.o(i.prvTraceSetCurrentTask)
    prvTraceSetQueueNumberHigh16             0x080058e9   Thumb Code    28  trckernelport.o(i.prvTraceSetQueueNumberHigh16)
    prvTraceSetTaskNumberHigh16              0x08005905   Thumb Code    28  trckernelport.o(i.prvTraceSetTaskNumberHigh16)
    prvTraceStoreEvent1                      0x08005921   Thumb Code   106  trcstreamingrecorder.o(i.prvTraceStoreEvent1)
    prvTraceStoreEvent2                      0x08005999   Thumb Code   114  trcstreamingrecorder.o(i.prvTraceStoreEvent2)
    prvTraceStoreEvent3                      0x08005a19   Thumb Code   120  trcstreamingrecorder.o(i.prvTraceStoreEvent3)
    prvTraceStoreSimpleStringEventHelper     0x08005c75   Thumb Code   272  trcstreamingrecorder.o(i.prvTraceStoreSimpleStringEventHelper)
    prvTraceStoreStringEvent                 0x08005e4d   Thumb Code    66  trcstreamingrecorder.o(i.prvTraceStoreStringEvent)
    prvTraceWarning                          0x080060d9   Thumb Code    60  trcstreamingrecorder.o(i.prvTraceWarning)
    pvPortMalloc                             0x080061d9   Thumb Code   414  heap_4.o(i.pvPortMalloc)
    pvTaskIncrementMutexHeldCount            0x0800639d   Thumb Code    26  tasks.o(i.pvTaskIncrementMutexHeldCount)
    pxPortInitialiseStack                    0x080063bd   Thumb Code    38  port.o(i.pxPortInitialiseStack)
    readFromRTT                              0x080063e9   Thumb Code    48  trcstreamingport.o(i.readFromRTT)
    start_task                               0x0800641d   Thumb Code    64  main.o(i.start_task)
    uart_init                                0x08006489   Thumb Code   164  usart.o(i.uart_init)
    uxListRemove                             0x08006535   Thumb Code    40  list.o(i.uxListRemove)
    uxQueueGetQueueNumber                    0x0800655d   Thumb Code     6  queue.o(i.uxQueueGetQueueNumber)
    uxTaskGetSystemState                     0x08006565   Thumb Code   154  tasks.o(i.uxTaskGetSystemState)
    uxTaskGetTaskNumber                      0x0800661d   Thumb Code    14  tasks.o(i.uxTaskGetTaskNumber)
    vListInitialise                          0x0800662b   Thumb Code    26  list.o(i.vListInitialise)
    vListInitialiseItem                      0x08006645   Thumb Code     6  list.o(i.vListInitialiseItem)
    vListInsert                              0x0800664b   Thumb Code    52  list.o(i.vListInsert)
    vListInsertEnd                           0x0800667f   Thumb Code    24  list.o(i.vListInsertEnd)
    vPortEnterCritical                       0x08006699   Thumb Code    76  port.o(i.vPortEnterCritical)
    vPortExitCritical                        0x080066ed   Thumb Code    56  port.o(i.vPortExitCritical)
    vPortFree                                0x08006729   Thumb Code   196  heap_4.o(i.vPortFree)
    vPortSetupTimerInterrupt                 0x08006801   Thumb Code    36  port.o(i.vPortSetupTimerInterrupt)
    vQueueAddToRegistry                      0x08006829   Thumb Code   114  queue.o(i.vQueueAddToRegistry)
    vQueueSetQueueNumber                     0x080068a1   Thumb Code     4  queue.o(i.vQueueSetQueueNumber)
    vQueueWaitForMessageRestricted           0x080068a5   Thumb Code    74  queue.o(i.vQueueWaitForMessageRestricted)
    vTaskDelay                               0x080068f1   Thumb Code   108  tasks.o(i.vTaskDelay)
    vTaskDelete                              0x08006969   Thumb Code   326  tasks.o(i.vTaskDelete)
    vTaskGetInfo                             0x08006add   Thumb Code   126  tasks.o(i.vTaskGetInfo)
    vTaskGetRunTimeStats                     0x08006b61   Thumb Code   168  tasks.o(i.vTaskGetRunTimeStats)
    vTaskInternalSetTimeOutState             0x08006c25   Thumb Code    14  tasks.o(i.vTaskInternalSetTimeOutState)
    vTaskList                                0x08006c3d   Thumb Code   200  tasks.o(i.vTaskList)
    vTaskMissedYield                         0x08006d19   Thumb Code     8  tasks.o(i.vTaskMissedYield)
    vTaskPlaceOnEventList                    0x08006d25   Thumb Code    52  tasks.o(i.vTaskPlaceOnEventList)
    vTaskPlaceOnEventListRestricted          0x08006d5d   Thumb Code   128  tasks.o(i.vTaskPlaceOnEventListRestricted)
    vTaskPriorityDisinheritAfterTimeout      0x08006de9   Thumb Code   336  tasks.o(i.vTaskPriorityDisinheritAfterTimeout)
    vTaskSetTaskNumber                       0x08006f49   Thumb Code     8  tasks.o(i.vTaskSetTaskNumber)
    vTaskStartScheduler                      0x08006f51   Thumb Code   192  tasks.o(i.vTaskStartScheduler)
    vTaskSuspendAll                          0x08007041   Thumb Code    12  tasks.o(i.vTaskSuspendAll)
    vTaskSwitchContext                       0x08007051   Thumb Code   236  tasks.o(i.vTaskSwitchContext)
    vTraceEnable                             0x08007165   Thumb Code   216  trckernelport.o(i.vTraceEnable)
    vTraceInitialize                         0x0800726d   Thumb Code   168  trcstreamingrecorder.o(i.vTraceInitialize)
    vTraceStop                               0x08007371   Thumb Code    10  trcstreamingrecorder.o(i.vTraceStop)
    writeToRTT                               0x0800737b   Thumb Code    32  trcstreamingport.o(i.writeToRTT)
    xMutexCreate                             0x0800739d   Thumb Code    14  main.o(i.xMutexCreate)
    xPortStartScheduler                      0x080073b1   Thumb Code   372  port.o(i.xPortStartScheduler)
    xPortSysTickHandler                      0x08007541   Thumb Code    46  port.o(i.xPortSysTickHandler)
    xQueueCreateMutex                        0x08007575   Thumb Code    34  queue.o(i.xQueueCreateMutex)
    xQueueGenericCreate                      0x08007599   Thumb Code   182  queue.o(i.xQueueGenericCreate)
    xQueueGenericReset                       0x08007655   Thumb Code   214  queue.o(i.xQueueGenericReset)
    xQueueGenericSend                        0x08007731   Thumb Code   872  queue.o(i.xQueueGenericSend)
    xQueueReceive                            0x08007aa1   Thumb Code   756  queue.o(i.xQueueReceive)
    xQueueSemaphoreTake                      0x08007d9d   Thumb Code   834  queue.o(i.xQueueSemaphoreTake)
    xTaskCheckForTimeOut                     0x080080e9   Thumb Code   136  tasks.o(i.xTaskCheckForTimeOut)
    xTaskCreate                              0x08008179   Thumb Code    96  tasks.o(i.xTaskCreate)
    xTaskGetCurrentTaskHandle                0x080081d9   Thumb Code     6  tasks.o(i.xTaskGetCurrentTaskHandle)
    xTaskGetSchedulerState                   0x080081e5   Thumb Code    24  tasks.o(i.xTaskGetSchedulerState)
    xTaskGetTickCount                        0x08008205   Thumb Code     6  tasks.o(i.xTaskGetTickCount)
    xTaskIncrementTick                       0x08008211   Thumb Code   464  tasks.o(i.xTaskIncrementTick)
    xTaskPriorityDisinherit                  0x08008415   Thumb Code   298  tasks.o(i.xTaskPriorityDisinherit)
    xTaskPriorityInherit                     0x08008551   Thumb Code   302  tasks.o(i.xTaskPriorityInherit)
    xTaskRemoveFromEventList                 0x08008691   Thumb Code   286  tasks.o(i.xTaskRemoveFromEventList)
    xTaskResumeAll                           0x080087cd   Thumb Code   358  tasks.o(i.xTaskResumeAll)
    xTimerCreateTimerTask                    0x0800895d   Thumb Code    66  timers.o(i.xTimerCreateTimerTask)
    xTraceIsRecordingEnabled                 0x080089b5   Thumb Code     6  trcstreamingrecorder.o(i.xTraceIsRecordingEnabled)
    xTraceRegisterString                     0x080089c1   Thumb Code    46  trcstreamingrecorder.o(i.xTraceRegisterString)
    _get_lc_numeric                          0x080089f1   Thumb Code    44  lc_numeric_c.o(locale$$code)
    _get_lc_ctype                            0x08008a1d   Thumb Code    44  lc_ctype_c.o(locale$$code)
    __aeabi_ddiv                             0x08008a49   Thumb Code     0  ddiv.o(x$fpl$ddiv)
    _ddiv                                    0x08008a49   Thumb Code   552  ddiv.o(x$fpl$ddiv)
    __aeabi_i2d                              0x08008cf9   Thumb Code     0  dflt_clz.o(x$fpl$dflt)
    _dflt                                    0x08008cf9   Thumb Code    46  dflt_clz.o(x$fpl$dflt)
    __aeabi_dmul                             0x08008d29   Thumb Code     0  dmul.o(x$fpl$dmul)
    _dmul                                    0x08008d29   Thumb Code   332  dmul.o(x$fpl$dmul)
    __fpl_dnaninf                            0x08008e7d   Thumb Code   156  dnaninf.o(x$fpl$dnaninf)
    __fpl_dretinf                            0x08008f19   Thumb Code    12  dretinf.o(x$fpl$dretinf)
    __aeabi_f2d                              0x08008f25   Thumb Code     0  f2d.o(x$fpl$f2d)
    _f2d                                     0x08008f25   Thumb Code    86  f2d.o(x$fpl$f2d)
    __fpl_fnaninf                            0x08008f7b   Thumb Code   140  fnaninf.o(x$fpl$fnaninf)
    _fp_init                                 0x08009007   Thumb Code    10  fpinit.o(x$fpl$fpinit)
    __fplib_config_fpu_vfp                   0x0800900f   Thumb Code     0  fpinit.o(x$fpl$fpinit)
    __fplib_config_pureend_doubles           0x0800900f   Thumb Code     0  fpinit.o(x$fpl$fpinit)
    _printf_fp_dec                           0x08009011   Thumb Code     4  printf1.o(x$fpl$printf1)
    _printf_fp_hex                           0x08009015   Thumb Code     4  printf2.o(x$fpl$printf2)
    __I$use$fp                               0x08009018   Number         0  usenofp.o(x$fpl$usenofp)
    function                                 0x08009022   Data         256  bsp_dac.o(.constdata)
    _tgrade                                  0x08009124   Data          88  dso.o(.constdata)
    armBitRevTable                           0x0800919c   Data        2048  arm_common_tables.o(.constdata)
    twiddleCoef_4096                         0x0800999c   Data       32768  arm_common_tables.o(.constdata)
    Region$$Table$$Base                      0x08011a9c   Number         0  anon$$obj.o(Region$$Table)
    Region$$Table$$Limit                     0x08011abc   Number         0  anon$$obj.o(Region$$Table)
    __ctype                                  0x08011ae5   Data           0  lc_ctype_c.o(locale$$data)
    StartTask_Handler                        0x20000000   Data           4  main.o(.data)
    LEDTask_Handler                          0x20000004   Data           4  main.o(.data)
    CPUTask_Handler                          0x20000008   Data           4  main.o(.data)
    vTaskMsgPro                              0x2000000c   Data           4  main.o(.data)
    msgProMutex                              0x20000010   Data           4  main.o(.data)
    CPU_RunTime                              0x20000014   Data           4  stm32f4xx_it.o(.data)
    SystemCoreClock                          0x20000018   Data           4  system_stm32f4xx.o(.data)
    AHBPrescTable                            0x2000001c   Data          16  system_stm32f4xx.o(.data)
    __stdout                                 0x2000003c   Data           4  usart.o(.data)
    USART_RX_STA                             0x20000040   Data           2  usart.o(.data)
    pxCurrentTCB                             0x20000048   Data           4  tasks.o(.data)
    uxTopUsedPriority                        0x20000080   Data           4  tasks.o(.data)
    WaveParams                               0x200000d8   Data          24  dso.o(.data)
    trcWarningChannel                        0x200000f8   Data           4  trckernelport.o(.data)
    PSFExtensionInfo                         0x2000010c   Data           4  trcstreamingrecorder.o(.data)
    trcHeapCounter                           0x20000124   Data           4  trcstreamingrecorder.o(.data)
    trcHeapMax                               0x20000128   Data           4  trcstreamingrecorder.o(.data)
    isPendingContextSwitch                   0x20000140   Data           4  trcstreamingrecorder.o(.data)
    uiTraceTickCount                         0x20000144   Data           4  trcstreamingrecorder.o(.data)
    timestampFrequency                       0x20000148   Data           4  trcstreamingrecorder.o(.data)
    DroppedEventCounter                      0x2000014c   Data           4  trcstreamingrecorder.o(.data)
    NoRoomForSymbol                          0x20000150   Data           4  trcstreamingrecorder.o(.data)
    NoRoomForObjectData                      0x20000154   Data           4  trcstreamingrecorder.o(.data)
    LongestSymbolName                        0x20000158   Data           4  trcstreamingrecorder.o(.data)
    MaxBytesTruncated                        0x2000015c   Data           4  trcstreamingrecorder.o(.data)
    CurrentFilterMask                        0x20000160   Data           2  trcstreamingrecorder.o(.data)
    CurrentFilterGroup                       0x20000162   Data           2  trcstreamingrecorder.o(.data)
    uiTraceSystemState                       0x20000164   Data           4  trcstreamingrecorder.o(.data)
    RecorderEnabled                          0x20000168   Data           4  trcstreamingrecorder.o(.data)
    RecorderInitialized                      0x2000016c   Data           4  trcstreamingrecorder.o(.data)
    USART_RX_BUF                             0x20000174   Data         200  usart.o(.bss)
    ADC_ConvertedValue                       0x2000023c   Data        4000  bsp_adc.o(.bss)
    xQueueRegistry                           0x200011dc   Data          64  queue.o(.bss)
    WaveBuffer                               0x20008d28   Data        4096  dso.o(.bss)
    fft_inputbuf                             0x20009d28   Data        8192  dso.o(.bss)
    fft_outputbuf                            0x2000bd28   Data        4096  dso.o(.bss)
    scfft                                    0x2000cd28   Data          20  dso.o(.bss)
    _TzTraceData                             0x2000cd3c   Data        5000  trckernelport.o(.bss)
    _SEGGER_RTT                              0x2000e788   Data         168  segger_rtt.o(.bss)
    __libspace_start                         0x2000e880   Data          96  libspace.o(.bss)
    __temporary_stack_top$libspace           0x2000e8e0   Data           0  libspace.o(.bss)



==============================================================================

Memory Map of the image

  Image Entry point : 0x08000189

  Load Region LR_IROM1 (Base: 0x08000000, Size: 0x00011d5c, Max: 0x00100000, ABSOLUTE, COMPRESSED[0x00011c14])

    Execution Region ER_IROM1 (Exec base: 0x08000000, Load base: 0x08000000, Size: 0x00011be8, Max: 0x00100000, ABSOLUTE)

    Exec Addr    Load Addr    Size         Type   Attr      Idx    E Section Name        Object

    0x08000000   0x08000000   0x00000188   Data   RO          386    RESET               startup_stm32f40_41xxx.o
    0x08000188   0x08000188   0x00000008   Code   RO         4774  * !!!main             c_w.l(__main.o)
    0x08000190   0x08000190   0x00000034   Code   RO         5097    !!!scatter          c_w.l(__scatter.o)
    0x080001c4   0x080001c4   0x0000005a   Code   RO         5095    !!dczerorl2         c_w.l(__dczerorl2.o)
    0x0800021e   0x0800021e   0x00000002   PAD
    0x08000220   0x08000220   0x0000001c   Code   RO         5099    !!handler_zi        c_w.l(__scatter_zi.o)
    0x0800023c   0x0800023c   0x00000000   Code   RO         4759    .ARM.Collect$$_printf_percent$$00000000  c_w.l(_printf_percent.o)
    0x0800023c   0x0800023c   0x00000006   Code   RO         4843    .ARM.Collect$$_printf_percent$$00000001  c_w.l(_printf_n.o)
    0x08000242   0x08000242   0x00000006   Code   RO         4845    .ARM.Collect$$_printf_percent$$00000002  c_w.l(_printf_p.o)
    0x08000248   0x08000248   0x00000006   Code   RO         4849    .ARM.Collect$$_printf_percent$$00000003  c_w.l(_printf_f.o)
    0x0800024e   0x0800024e   0x00000006   Code   RO         4850    .ARM.Collect$$_printf_percent$$00000004  c_w.l(_printf_e.o)
    0x08000254   0x08000254   0x00000006   Code   RO         4851    .ARM.Collect$$_printf_percent$$00000005  c_w.l(_printf_g.o)
    0x0800025a   0x0800025a   0x00000006   Code   RO         4852    .ARM.Collect$$_printf_percent$$00000006  c_w.l(_printf_a.o)
    0x08000260   0x08000260   0x0000000a   Code   RO         4857    .ARM.Collect$$_printf_percent$$00000007  c_w.l(_printf_ll.o)
    0x0800026a   0x0800026a   0x00000006   Code   RO         4847    .ARM.Collect$$_printf_percent$$00000008  c_w.l(_printf_i.o)
    0x08000270   0x08000270   0x00000006   Code   RO         4848    .ARM.Collect$$_printf_percent$$00000009  c_w.l(_printf_d.o)
    0x08000276   0x08000276   0x00000006   Code   RO         4758    .ARM.Collect$$_printf_percent$$0000000A  c_w.l(_printf_u.o)
    0x0800027c   0x0800027c   0x00000006   Code   RO         4846    .ARM.Collect$$_printf_percent$$0000000B  c_w.l(_printf_o.o)
    0x08000282   0x08000282   0x00000006   Code   RO         4844    .ARM.Collect$$_printf_percent$$0000000C  c_w.l(_printf_x.o)
    0x08000288   0x08000288   0x00000006   Code   RO         4854    .ARM.Collect$$_printf_percent$$0000000D  c_w.l(_printf_lli.o)
    0x0800028e   0x0800028e   0x00000006   Code   RO         4855    .ARM.Collect$$_printf_percent$$0000000E  c_w.l(_printf_lld.o)
    0x08000294   0x08000294   0x00000006   Code   RO         4856    .ARM.Collect$$_printf_percent$$0000000F  c_w.l(_printf_llu.o)
    0x0800029a   0x0800029a   0x00000006   Code   RO         4861    .ARM.Collect$$_printf_percent$$00000010  c_w.l(_printf_llo.o)
    0x080002a0   0x080002a0   0x00000006   Code   RO         4862    .ARM.Collect$$_printf_percent$$00000011  c_w.l(_printf_llx.o)
    0x080002a6   0x080002a6   0x0000000a   Code   RO         4858    .ARM.Collect$$_printf_percent$$00000012  c_w.l(_printf_l.o)
    0x080002b0   0x080002b0   0x00000006   Code   RO         4756    .ARM.Collect$$_printf_percent$$00000013  c_w.l(_printf_c.o)
    0x080002b6   0x080002b6   0x00000006   Code   RO         4757    .ARM.Collect$$_printf_percent$$00000014  c_w.l(_printf_s.o)
    0x080002bc   0x080002bc   0x00000006   Code   RO         4859    .ARM.Collect$$_printf_percent$$00000015  c_w.l(_printf_lc.o)
    0x080002c2   0x080002c2   0x00000006   Code   RO         4860    .ARM.Collect$$_printf_percent$$00000016  c_w.l(_printf_ls.o)
    0x080002c8   0x080002c8   0x00000004   Code   RO         4853    .ARM.Collect$$_printf_percent$$00000017  c_w.l(_printf_percent_end.o)
    0x080002cc   0x080002cc   0x00000002   Code   RO         4960    .ARM.Collect$$libinit$$00000000  c_w.l(libinit.o)
    0x080002ce   0x080002ce   0x00000004   Code   RO         4975    .ARM.Collect$$libinit$$00000001  c_w.l(libinit2.o)
    0x080002d2   0x080002d2   0x00000000   Code   RO         4978    .ARM.Collect$$libinit$$00000004  c_w.l(libinit2.o)
    0x080002d2   0x080002d2   0x00000000   Code   RO         4981    .ARM.Collect$$libinit$$0000000A  c_w.l(libinit2.o)
    0x080002d2   0x080002d2   0x00000000   Code   RO         4983    .ARM.Collect$$libinit$$0000000C  c_w.l(libinit2.o)
    0x080002d2   0x080002d2   0x00000000   Code   RO         4985    .ARM.Collect$$libinit$$0000000E  c_w.l(libinit2.o)
    0x080002d2   0x080002d2   0x00000006   Code   RO         4986    .ARM.Collect$$libinit$$0000000F  c_w.l(libinit2.o)
    0x080002d8   0x080002d8   0x00000000   Code   RO         4988    .ARM.Collect$$libinit$$00000011  c_w.l(libinit2.o)
    0x080002d8   0x080002d8   0x0000000c   Code   RO         4989    .ARM.Collect$$libinit$$00000012  c_w.l(libinit2.o)
    0x080002e4   0x080002e4   0x00000000   Code   RO         4990    .ARM.Collect$$libinit$$00000013  c_w.l(libinit2.o)
    0x080002e4   0x080002e4   0x00000000   Code   RO         4992    .ARM.Collect$$libinit$$00000015  c_w.l(libinit2.o)
    0x080002e4   0x080002e4   0x0000000a   Code   RO         4993    .ARM.Collect$$libinit$$00000016  c_w.l(libinit2.o)
    0x080002ee   0x080002ee   0x00000000   Code   RO         4994    .ARM.Collect$$libinit$$00000017  c_w.l(libinit2.o)
    0x080002ee   0x080002ee   0x00000000   Code   RO         4996    .ARM.Collect$$libinit$$00000019  c_w.l(libinit2.o)
    0x080002ee   0x080002ee   0x00000000   Code   RO         4998    .ARM.Collect$$libinit$$0000001B  c_w.l(libinit2.o)
    0x080002ee   0x080002ee   0x00000000   Code   RO         5000    .ARM.Collect$$libinit$$0000001D  c_w.l(libinit2.o)
    0x080002ee   0x080002ee   0x00000000   Code   RO         5002    .ARM.Collect$$libinit$$0000001F  c_w.l(libinit2.o)
    0x080002ee   0x080002ee   0x00000000   Code   RO         5004    .ARM.Collect$$libinit$$00000021  c_w.l(libinit2.o)
    0x080002ee   0x080002ee   0x00000000   Code   RO         5006    .ARM.Collect$$libinit$$00000023  c_w.l(libinit2.o)
    0x080002ee   0x080002ee   0x00000000   Code   RO         5008    .ARM.Collect$$libinit$$00000025  c_w.l(libinit2.o)
    0x080002ee   0x080002ee   0x00000000   Code   RO         5012    .ARM.Collect$$libinit$$0000002C  c_w.l(libinit2.o)
    0x080002ee   0x080002ee   0x00000000   Code   RO         5014    .ARM.Collect$$libinit$$0000002E  c_w.l(libinit2.o)
    0x080002ee   0x080002ee   0x00000000   Code   RO         5016    .ARM.Collect$$libinit$$00000030  c_w.l(libinit2.o)
    0x080002ee   0x080002ee   0x00000000   Code   RO         5018    .ARM.Collect$$libinit$$00000032  c_w.l(libinit2.o)
    0x080002ee   0x080002ee   0x00000002   Code   RO         5019    .ARM.Collect$$libinit$$00000033  c_w.l(libinit2.o)
    0x080002f0   0x080002f0   0x00000002   Code   RO         5037    .ARM.Collect$$libshutdown$$00000000  c_w.l(libshutdown.o)
    0x080002f2   0x080002f2   0x00000000   Code   RO         5047    .ARM.Collect$$libshutdown$$00000002  c_w.l(libshutdown2.o)
    0x080002f2   0x080002f2   0x00000000   Code   RO         5049    .ARM.Collect$$libshutdown$$00000004  c_w.l(libshutdown2.o)
    0x080002f2   0x080002f2   0x00000000   Code   RO         5052    .ARM.Collect$$libshutdown$$00000007  c_w.l(libshutdown2.o)
    0x080002f2   0x080002f2   0x00000000   Code   RO         5055    .ARM.Collect$$libshutdown$$0000000A  c_w.l(libshutdown2.o)
    0x080002f2   0x080002f2   0x00000000   Code   RO         5057    .ARM.Collect$$libshutdown$$0000000C  c_w.l(libshutdown2.o)
    0x080002f2   0x080002f2   0x00000000   Code   RO         5060    .ARM.Collect$$libshutdown$$0000000F  c_w.l(libshutdown2.o)
    0x080002f2   0x080002f2   0x00000002   Code   RO         5061    .ARM.Collect$$libshutdown$$00000010  c_w.l(libshutdown2.o)
    0x080002f4   0x080002f4   0x00000000   Code   RO         4792    .ARM.Collect$$rtentry$$00000000  c_w.l(__rtentry.o)
    0x080002f4   0x080002f4   0x00000000   Code   RO         4883    .ARM.Collect$$rtentry$$00000002  c_w.l(__rtentry2.o)
    0x080002f4   0x080002f4   0x00000006   Code   RO         4895    .ARM.Collect$$rtentry$$00000004  c_w.l(__rtentry4.o)
    0x080002fa   0x080002fa   0x00000000   Code   RO         4885    .ARM.Collect$$rtentry$$00000009  c_w.l(__rtentry2.o)
    0x080002fa   0x080002fa   0x00000004   Code   RO         4886    .ARM.Collect$$rtentry$$0000000A  c_w.l(__rtentry2.o)
    0x080002fe   0x080002fe   0x00000000   Code   RO         4888    .ARM.Collect$$rtentry$$0000000C  c_w.l(__rtentry2.o)
    0x080002fe   0x080002fe   0x00000008   Code   RO         4889    .ARM.Collect$$rtentry$$0000000D  c_w.l(__rtentry2.o)
    0x08000306   0x08000306   0x00000002   Code   RO         4968    .ARM.Collect$$rtexit$$00000000  c_w.l(rtexit.o)
    0x08000308   0x08000308   0x00000000   Code   RO         5021    .ARM.Collect$$rtexit$$00000002  c_w.l(rtexit2.o)
    0x08000308   0x08000308   0x00000004   Code   RO         5022    .ARM.Collect$$rtexit$$00000003  c_w.l(rtexit2.o)
    0x0800030c   0x0800030c   0x00000006   Code   RO         5023    .ARM.Collect$$rtexit$$00000004  c_w.l(rtexit2.o)
    0x08000312   0x08000312   0x00000002   PAD
    0x08000314   0x08000314   0x000000be   Code   RO         3668    .emb_text           port.o
    0x080003d2   0x080003d2   0x00000002   PAD
    0x080003d4   0x080003d4   0x00000040   Code   RO          387    .text               startup_stm32f40_41xxx.o
    0x08000414   0x08000414   0x000000f0   Code   RO         4558    .text               arm_cortexM4lf_math.lib(arm_cmplx_mag_f32.o)
    0x08000504   0x08000504   0x000006a0   Code   RO         4603    .text               arm_cortexM4lf_math.lib(arm_cfft_radix4_f32.o)
    0x08000ba4   0x08000ba4   0x000000c0   Code   RO         4623    .text               arm_cortexM4lf_math.lib(arm_cfft_radix4_init_f32.o)
    0x08000c64   0x08000c64   0x000001e6   Code   RO         4647    .text               arm_cortexM4lf_math.lib(arm_bitreversal.o)
    0x08000e4a   0x08000e4a   0x00000002   Code   RO         4718    .text               c_w.l(use_no_semi_2.o)
    0x08000e4c   0x08000e4c   0x00000034   Code   RO         4720    .text               c_w.l(vsnprintf.o)
    0x08000e80   0x08000e80   0x00000018   Code   RO         4722    .text               c_w.l(__2printf.o)
    0x08000e98   0x08000e98   0x0000002c   Code   RO         4724    .text               c_w.l(__2sprintf.o)
    0x08000ec4   0x08000ec4   0x00000052   Code   RO         4732    .text               c_w.l(_printf_str.o)
    0x08000f16   0x08000f16   0x00000002   PAD
    0x08000f18   0x08000f18   0x00000078   Code   RO         4734    .text               c_w.l(_printf_dec.o)
    0x08000f90   0x08000f90   0x00000188   Code   RO         4753    .text               c_w.l(__printf_flags_ss_wp.o)
    0x08001118   0x08001118   0x00000048   Code   RO         4760    .text               c_w.l(strcpy.o)
    0x08001160   0x08001160   0x0000003e   Code   RO         4762    .text               c_w.l(strlen.o)
    0x0800119e   0x0800119e   0x0000008a   Code   RO         4764    .text               c_w.l(rt_memcpy_v6.o)
    0x08001228   0x08001228   0x00000010   Code   RO         4768    .text               c_w.l(aeabi_memset.o)
    0x08001238   0x08001238   0x0000004e   Code   RO         4770    .text               c_w.l(rt_memclr_w.o)
    0x08001286   0x08001286   0x00000006   Code   RO         4772    .text               c_w.l(heapauxi.o)
    0x0800128c   0x0800128c   0x00000002   Code   RO         4790    .text               c_w.l(use_no_semi.o)
    0x0800128e   0x0800128e   0x0000004e   Code   RO         4793    .text               c_w.l(_printf_pad.o)
    0x080012dc   0x080012dc   0x00000024   Code   RO         4795    .text               c_w.l(_printf_truncate.o)
    0x08001300   0x08001300   0x000000b2   Code   RO         4797    .text               c_w.l(_printf_intcommon.o)
    0x080013b2   0x080013b2   0x00000028   Code   RO         4799    .text               c_w.l(_printf_charcount.o)
    0x080013da   0x080013da   0x00000002   PAD
    0x080013dc   0x080013dc   0x00000030   Code   RO         4801    .text               c_w.l(_printf_char_common.o)
    0x0800140c   0x0800140c   0x0000000a   Code   RO         4803    .text               c_w.l(_sputc.o)
    0x08001416   0x08001416   0x00000010   Code   RO         4805    .text               c_w.l(_snputc.o)
    0x08001426   0x08001426   0x0000002c   Code   RO         4807    .text               c_w.l(_printf_char.o)
    0x08001452   0x08001452   0x00000002   PAD
    0x08001454   0x08001454   0x00000024   Code   RO         4809    .text               c_w.l(_printf_char_file.o)
    0x08001478   0x08001478   0x000000bc   Code   RO         4811    .text               c_w.l(_printf_wctomb.o)
    0x08001534   0x08001534   0x0000007c   Code   RO         4814    .text               c_w.l(_printf_longlong_dec.o)
    0x080015b0   0x080015b0   0x00000070   Code   RO         4820    .text               c_w.l(_printf_oct_int_ll.o)
    0x08001620   0x08001620   0x00000094   Code   RO         4840    .text               c_w.l(_printf_hex_int_ll_ptr.o)
    0x080016b4   0x080016b4   0x00000064   Code   RO         4863    .text               c_w.l(rt_memcpy_w.o)
    0x08001718   0x08001718   0x00000044   Code   RO         4865    .text               c_w.l(rt_memclr.o)
    0x0800175c   0x0800175c   0x0000008a   Code   RO         4897    .text               c_w.l(lludiv10.o)
    0x080017e6   0x080017e6   0x0000041e   Code   RO         4899    .text               c_w.l(_printf_fp_dec.o)
    0x08001c04   0x08001c04   0x000002fc   Code   RO         4901    .text               c_w.l(_printf_fp_hex.o)
    0x08001f00   0x08001f00   0x0000002c   Code   RO         4906    .text               c_w.l(_printf_wchar.o)
    0x08001f2c   0x08001f2c   0x00000008   Code   RO         4908    .text               c_w.l(ferror.o)
    0x08001f34   0x08001f34   0x00000040   Code   RO         4912    .text               c_w.l(_wcrtomb.o)
    0x08001f74   0x08001f74   0x0000004a   Code   RO         4914    .text               c_w.l(sys_stackheap_outer.o)
    0x08001fbe   0x08001fbe   0x00000002   PAD
    0x08001fc0   0x08001fc0   0x00000010   Code   RO         4916    .text               c_w.l(rt_ctype_table.o)
    0x08001fd0   0x08001fd0   0x00000008   Code   RO         4921    .text               c_w.l(rt_locale_intlibspace.o)
    0x08001fd8   0x08001fd8   0x00000080   Code   RO         4923    .text               c_w.l(_printf_fp_infnan.o)
    0x08002058   0x08002058   0x000000e4   Code   RO         4925    .text               c_w.l(bigflt0.o)
    0x0800213c   0x0800213c   0x00000012   Code   RO         4953    .text               c_w.l(exit.o)
    0x0800214e   0x0800214e   0x00000002   PAD
    0x08002150   0x08002150   0x00000008   Code   RO         4965    .text               c_w.l(libspace.o)
    0x08002158   0x08002158   0x00000080   Code   RO         4973    .text               c_w.l(strcmpv7m.o)
    0x080021d8   0x080021d8   0x0000003e   Code   RO         4928    CL$$btod_d2e        c_w.l(btod.o)
    0x08002216   0x08002216   0x00000046   Code   RO         4930    CL$$btod_d2e_denorm_low  c_w.l(btod.o)
    0x0800225c   0x0800225c   0x00000060   Code   RO         4929    CL$$btod_d2e_norm_op1  c_w.l(btod.o)
    0x080022bc   0x080022bc   0x00000338   Code   RO         4938    CL$$btod_div_common  c_w.l(btod.o)
    0x080025f4   0x080025f4   0x000000dc   Code   RO         4935    CL$$btod_e2e        c_w.l(btod.o)
    0x080026d0   0x080026d0   0x0000002a   Code   RO         4932    CL$$btod_ediv       c_w.l(btod.o)
    0x080026fa   0x080026fa   0x0000002a   Code   RO         4931    CL$$btod_emul       c_w.l(btod.o)
    0x08002724   0x08002724   0x00000244   Code   RO         4937    CL$$btod_mult_common  c_w.l(btod.o)
    0x08002968   0x08002968   0x00000016   Code   RO         1962    i.ADC_Cmd           stm32f4xx_adc.o
    0x0800297e   0x0800297e   0x00000002   PAD
    0x08002980   0x08002980   0x00000030   Code   RO         1963    i.ADC_CommonInit    stm32f4xx_adc.o
    0x080029b0   0x080029b0   0x00000088   Code   RO         2385    i.ADC_Config        bsp_adc.o
    0x08002a38   0x08002a38   0x00000016   Code   RO         1966    i.ADC_DMACmd        stm32f4xx_adc.o
    0x08002a4e   0x08002a4e   0x00000016   Code   RO         1967    i.ADC_DMARequestAfterLastTransferCmd  stm32f4xx_adc.o
    0x08002a64   0x08002a64   0x00000028   Code   RO         2386    i.ADC_GPIO_Init     bsp_adc.o
    0x08002a8c   0x08002a8c   0x00000054   Code   RO         1982    i.ADC_Init          stm32f4xx_adc.o
    0x08002ae0   0x08002ae0   0x00000020   Code   RO         2387    i.ADC_Mode_Init     bsp_adc.o
    0x08002b00   0x08002b00   0x000000b8   Code   RO         1987    i.ADC_RegularChannelConfig  stm32f4xx_adc.o
    0x08002bb8   0x08002bb8   0x00000048   Code   RO         2216    i.App_Printf        usart.o
    0x08002c00   0x08002c00   0x00000004   Code   RO          275    i.BusFault_Handler  stm32f4xx_it.o
    0x08002c04   0x08002c04   0x0000019c   Code   RO            3    i.CPU_Task          main.o
    0x08002da0   0x08002da0   0x000001a0   Code   RO         3816    i.CopyDataToWaveBuff  dso.o
    0x08002f40   0x08002f40   0x000000bc   Code   RO         2344    i.DAC1_Config       bsp_dac.o
    0x08002ffc   0x08002ffc   0x00000028   Code   RO         1714    i.DAC_Cmd           stm32f4xx_dac.o
    0x08003024   0x08003024   0x0000002c   Code   RO         1715    i.DAC_DMACmd        stm32f4xx_dac.o
    0x08003050   0x08003050   0x00000034   Code   RO         1722    i.DAC_Init          stm32f4xx_dac.o
    0x08003084   0x08003084   0x0000000c   Code   RO         2345    i.DAC_Mode_Init     bsp_dac.o
    0x08003090   0x08003090   0x00000020   Code   RO         2388    i.DMA2_Stream0_IRQHandler  bsp_adc.o
    0x080030b0   0x080030b0   0x00000034   Code   RO         1829    i.DMA_ClearITPendingBit  stm32f4xx_dma.o
    0x080030e4   0x080030e4   0x00000016   Code   RO         1830    i.DMA_Cmd           stm32f4xx_dma.o
    0x080030fa   0x080030fa   0x00000002   PAD
    0x080030fc   0x080030fc   0x000000a8   Code   RO         2389    i.DMA_Config        bsp_adc.o
    0x080031a4   0x080031a4   0x00000158   Code   RO         1831    i.DMA_DeInit        stm32f4xx_dma.o
    0x080032fc   0x080032fc   0x00000014   Code   RO         1835    i.DMA_GetCmdStatus  stm32f4xx_dma.o
    0x08003310   0x08003310   0x00000008   Code   RO         1836    i.DMA_GetCurrDataCounter  stm32f4xx_dma.o
    0x08003318   0x08003318   0x00000064   Code   RO         1840    i.DMA_GetITStatus   stm32f4xx_dma.o
    0x0800337c   0x0800337c   0x0000003a   Code   RO         1841    i.DMA_ITConfig      stm32f4xx_dma.o
    0x080033b6   0x080033b6   0x00000002   PAD
    0x080033b8   0x080033b8   0x00000058   Code   RO         1842    i.DMA_Init          stm32f4xx_dma.o
    0x08003410   0x08003410   0x00000002   Code   RO          276    i.DebugMon_Handler  stm32f4xx_it.o
    0x08003412   0x08003412   0x00000002   PAD
    0x08003414   0x08003414   0x00000144   Code   RO         3817    i.FFT_GetFreq       dso.o
    0x08003558   0x08003558   0x00000090   Code   RO          475    i.GPIO_Init         stm32f4xx_gpio.o
    0x080035e8   0x080035e8   0x00000046   Code   RO          476    i.GPIO_PinAFConfig  stm32f4xx_gpio.o
    0x0800362e   0x0800362e   0x00000004   Code   RO          483    i.GPIO_SetBits      stm32f4xx_gpio.o
    0x08003632   0x08003632   0x00000004   Code   RO          277    i.HardFault_Handler  stm32f4xx_it.o
    0x08003636   0x08003636   0x00000002   PAD
    0x08003638   0x08003638   0x00000040   Code   RO         2324    i.LED_Init          bsp_led.o
    0x08003678   0x08003678   0x00000004   Code   RO          278    i.MemManage_Handler  stm32f4xx_it.o
    0x0800367c   0x0800367c   0x00000002   Code   RO          279    i.NMI_Handler       stm32f4xx_it.o
    0x0800367e   0x0800367e   0x0000003c   Code   RO         2390    i.NVIC_Config       bsp_adc.o
    0x080036ba   0x080036ba   0x00000002   PAD
    0x080036bc   0x080036bc   0x00000078   Code   RO          393    i.NVIC_Init         misc.o
    0x08003734   0x08003734   0x00000014   Code   RO          394    i.NVIC_PriorityGroupConfig  misc.o
    0x08003748   0x08003748   0x00000020   Code   RO          816    i.RCC_AHB1PeriphClockCmd  stm32f4xx_rcc.o
    0x08003768   0x08003768   0x00000020   Code   RO          825    i.RCC_APB1PeriphClockCmd  stm32f4xx_rcc.o
    0x08003788   0x08003788   0x00000020   Code   RO          828    i.RCC_APB2PeriphClockCmd  stm32f4xx_rcc.o
    0x080037a8   0x080037a8   0x00000020   Code   RO          830    i.RCC_APB2PeriphResetCmd  stm32f4xx_rcc.o
    0x080037c8   0x080037c8   0x000000e8   Code   RO          837    i.RCC_GetClocksFreq  stm32f4xx_rcc.o
    0x080038b0   0x080038b0   0x000000a8   Code   RO         4362    i.SEGGER_RTT_ConfigDownBuffer  segger_rtt.o
    0x08003958   0x08003958   0x000000a8   Code   RO         4363    i.SEGGER_RTT_ConfigUpBuffer  segger_rtt.o
    0x08003a00   0x08003a00   0x00000038   Code   RO         4368    i.SEGGER_RTT_Read   segger_rtt.o
    0x08003a38   0x08003a38   0x00000098   Code   RO         4369    i.SEGGER_RTT_ReadNoLock  segger_rtt.o
    0x08003ad0   0x08003ad0   0x00000048   Code   RO         4377    i.SEGGER_RTT_Write  segger_rtt.o
    0x08003b18   0x08003b18   0x00000084   Code   RO         4378    i.SEGGER_RTT_WriteNoLock  segger_rtt.o
    0x08003b9c   0x08003b9c   0x00000024   Code   RO         2391    i.SetADCSampleRate  bsp_adc.o
    0x08003bc0   0x08003bc0   0x00000024   Code   RO         2346    i.SetDACFreq        bsp_dac.o
    0x08003be4   0x08003be4   0x000000ec   Code   RO          437    i.SetSysClock       system_stm32f4xx.o
    0x08003cd0   0x08003cd0   0x00000028   Code   RO          397    i.SysTick_CLKSourceConfig  misc.o
    0x08003cf8   0x08003cf8   0x00000010   Code   RO         2278    i.SysTick_Handler   delay.o
    0x08003d08   0x08003d08   0x00000068   Code   RO          439    i.SystemInit        system_stm32f4xx.o
    0x08003d70   0x08003d70   0x00000016   Code   RO         2392    i.TIM2_IRQHandler   bsp_adc.o
    0x08003d86   0x08003d86   0x00000052   Code   RO         2393    i.TIM2_Init         bsp_adc.o
    0x08003dd8   0x08003dd8   0x0000002c   Code   RO          280    i.TIM5_IRQHandler   stm32f4xx_it.o
    0x08003e04   0x08003e04   0x0000005c   Code   RO         2466    i.TIM5_Init         bsp_timbase.o
    0x08003e60   0x08003e60   0x00000044   Code   RO         2347    i.TIM6_Config       bsp_dac.o
    0x08003ea4   0x08003ea4   0x00000018   Code   RO         1154    i.TIM_ARRPreloadConfig  stm32f4xx_tim.o
    0x08003ebc   0x08003ebc   0x00000006   Code   RO         1161    i.TIM_ClearITPendingBit  stm32f4xx_tim.o
    0x08003ec2   0x08003ec2   0x00000018   Code   RO         1166    i.TIM_Cmd           stm32f4xx_tim.o
    0x08003eda   0x08003eda   0x00000022   Code   RO         1187    i.TIM_GetITStatus   stm32f4xx_tim.o
    0x08003efc   0x08003efc   0x00000012   Code   RO         1191    i.TIM_ITConfig      stm32f4xx_tim.o
    0x08003f0e   0x08003f0e   0x00000006   Code   RO         1215    i.TIM_PrescalerConfig  stm32f4xx_tim.o
    0x08003f14   0x08003f14   0x00000012   Code   RO         1224    i.TIM_SelectOutputTrigger  stm32f4xx_tim.o
    0x08003f26   0x08003f26   0x00000004   Code   RO         1226    i.TIM_SetAutoreload  stm32f4xx_tim.o
    0x08003f2a   0x08003f2a   0x00000002   PAD
    0x08003f2c   0x08003f2c   0x00000084   Code   RO         1238    i.TIM_TimeBaseInit  stm32f4xx_tim.o
    0x08003fb0   0x08003fb0   0x00000012   Code   RO         1239    i.TIM_TimeBaseStructInit  stm32f4xx_tim.o
    0x08003fc2   0x08003fc2   0x00000050   Code   RO         3857    i.TzCtrl            trckernelport.o
    0x08004012   0x08004012   0x00000002   PAD
    0x08004014   0x08004014   0x00000088   Code   RO         2217    i.USART1_IRQHandler  usart.o
    0x0800409c   0x0800409c   0x00000018   Code   RO          632    i.USART_Cmd         stm32f4xx_usart.o
    0x080040b4   0x080040b4   0x00000054   Code   RO          636    i.USART_GetITStatus  stm32f4xx_usart.o
    0x08004108   0x08004108   0x0000004a   Code   RO          638    i.USART_ITConfig    stm32f4xx_usart.o
    0x08004152   0x08004152   0x00000002   PAD
    0x08004154   0x08004154   0x000000d4   Code   RO          639    i.USART_Init        stm32f4xx_usart.o
    0x08004228   0x08004228   0x0000000a   Code   RO          646    i.USART_ReceiveData  stm32f4xx_usart.o
    0x08004232   0x08004232   0x00000004   Code   RO          281    i.UsageFault_Handler  stm32f4xx_it.o
    0x08004236   0x08004236   0x00000002   PAD
    0x08004238   0x08004238   0x0000006c   Code   RO         4382    i._DoInit           segger_rtt.o
    0x080042a4   0x080042a4   0x0000001c   Code   RO         4383    i._GetAvailWriteSpace  segger_rtt.o
    0x080042c0   0x080042c0   0x00000072   Code   RO         4385    i._WriteBlocking    segger_rtt.o
    0x08004332   0x08004332   0x0000004c   Code   RO         4386    i._WriteNoCheck     segger_rtt.o
    0x0800437e   0x0800437e   0x00000030   Code   RO         4963    i.__ARM_fpclassify  m_wm.l(fpclassify.o)
    0x080043ae   0x080043ae   0x00000006   Code   RO         4005    i.__get_PRIMASK     trcstreamingrecorder.o
    0x080043b4   0x080043b4   0x00000006   Code   RO         4006    i.__set_PRIMASK     trcstreamingrecorder.o
    0x080043ba   0x080043ba   0x0000000e   Code   RO         4746    i._is_digit         c_w.l(__printf_wp.o)
    0x080043c8   0x080043c8   0x00000004   Code   RO         2218    i._sys_exit         usart.o
    0x080043cc   0x080043cc   0x00000044   Code   RO         2279    i.delay_init        delay.o
    0x08004410   0x08004410   0x000000a4   Code   RO         3106    i.eTaskGetState     tasks.o
    0x080044b4   0x080044b4   0x0000001c   Code   RO         2219    i.fputc             usart.o
    0x080044d0   0x080044d0   0x00000030   Code   RO            4    i.led_task          main.o
    0x08004500   0x08004500   0x0000009c   Code   RO            5    i.main              main.o
    0x0800459c   0x0800459c   0x000000c0   Code   RO         3108    i.prvAddCurrentTaskToDelayedList  tasks.o
    0x0800465c   0x0800465c   0x00000160   Code   RO         3109    i.prvAddNewTaskToReadyList  tasks.o
    0x080047bc   0x080047bc   0x00000064   Code   RO         3498    i.prvCheckForValidListAndQueue  timers.o
    0x08004820   0x08004820   0x00000060   Code   RO         3858    i.prvCheckRecorderStatus  trckernelport.o
    0x08004880   0x08004880   0x00000048   Code   RO         3110    i.prvCheckTasksWaitingTermination  tasks.o
    0x080048c8   0x080048c8   0x0000002a   Code   RO         2668    i.prvCopyDataFromQueue  queue.o
    0x080048f2   0x080048f2   0x0000007e   Code   RO         2669    i.prvCopyDataToQueue  queue.o
    0x08004970   0x08004970   0x00000012   Code   RO         3111    i.prvDeleteTCB      tasks.o
    0x08004982   0x08004982   0x00000014   Code   RO         2670    i.prvGetDisinheritPriorityAfterTimeout  queue.o
    0x08004996   0x08004996   0x00000002   PAD
    0x08004998   0x08004998   0x00000028   Code   RO         3499    i.prvGetNextExpireTime  timers.o
    0x080049c0   0x080049c0   0x0000000c   Code   RO         4007    i.prvGetTimestamp32  trcstreamingrecorder.o
    0x080049cc   0x080049cc   0x0000007c   Code   RO         3753    i.prvHeapInit       heap_4.o
    0x08004a48   0x08004a48   0x00000028   Code   RO         3112    i.prvIdleTask       tasks.o
    0x08004a70   0x08004a70   0x0000001e   Code   RO         2671    i.prvInitialiseMutex  queue.o
    0x08004a8e   0x08004a8e   0x00000002   PAD
    0x08004a90   0x08004a90   0x000000a0   Code   RO         2672    i.prvInitialiseNewQueue  queue.o
    0x08004b30   0x08004b30   0x000000e2   Code   RO         3113    i.prvInitialiseNewTask  tasks.o
    0x08004c12   0x08004c12   0x00000002   PAD
    0x08004c14   0x08004c14   0x00000068   Code   RO         3114    i.prvInitialiseTaskLists  tasks.o
    0x08004c7c   0x08004c7c   0x00000068   Code   RO         3754    i.prvInsertBlockIntoFreeList  heap_4.o
    0x08004ce4   0x08004ce4   0x00000058   Code   RO         3501    i.prvInsertTimerInActiveList  timers.o
    0x08004d3c   0x08004d3c   0x0000001a   Code   RO         2673    i.prvIsQueueEmpty   queue.o
    0x08004d56   0x08004d56   0x0000001e   Code   RO         2674    i.prvIsQueueFull    queue.o
    0x08004d74   0x08004d74   0x00000044   Code   RO         4008    i.prvIsValidCommand  trcstreamingrecorder.o
    0x08004db8   0x08004db8   0x0000006a   Code   RO         3115    i.prvListTasksWithinSingleList  tasks.o
    0x08004e22   0x08004e22   0x00000002   PAD
    0x08004e24   0x08004e24   0x000000dc   Code   RO         2675    i.prvNotifyQueueSetContainer  queue.o
    0x08004f00   0x08004f00   0x00000018   Code   RO         4009    i.prvProcessCommand  trcstreamingrecorder.o
    0x08004f18   0x08004f18   0x00000044   Code   RO         3502    i.prvProcessExpiredTimer  timers.o
    0x08004f5c   0x08004f5c   0x0000011c   Code   RO         3503    i.prvProcessReceivedCommands  timers.o
    0x08005078   0x08005078   0x00000074   Code   RO         3504    i.prvProcessTimerOrBlockTask  timers.o
    0x080050ec   0x080050ec   0x00000028   Code   RO         3505    i.prvReloadTimer    timers.o
    0x08005114   0x08005114   0x00000030   Code   RO         3116    i.prvResetNextTaskUnblockTime  tasks.o
    0x08005144   0x08005144   0x0000002c   Code   RO         3506    i.prvSampleTimeNow  timers.o
    0x08005170   0x08005170   0x0000005c   Code   RO         4010    i.prvSetRecorderEnabled  trcstreamingrecorder.o
    0x080051cc   0x080051cc   0x00000044   Code   RO         3507    i.prvSwitchTimerLists  timers.o
    0x08005210   0x08005210   0x00000016   Code   RO         3117    i.prvTaskCheckFreeStackSpace  tasks.o
    0x08005226   0x08005226   0x00000002   PAD
    0x08005228   0x08005228   0x00000040   Code   RO         3669    i.prvTaskExitError  port.o
    0x08005268   0x08005268   0x0000001a   Code   RO         3508    i.prvTimerTask      timers.o
    0x08005282   0x08005282   0x00000002   PAD
    0x08005284   0x08005284   0x00000088   Code   RO         4012    i.prvTraceDeleteObjectData  trcstreamingrecorder.o
    0x0800530c   0x0800530c   0x00000088   Code   RO         4013    i.prvTraceDeleteSymbol  trcstreamingrecorder.o
    0x08005394   0x08005394   0x0000007c   Code   RO         4015    i.prvTraceError     trcstreamingrecorder.o
    0x08005410   0x08005410   0x0000000c   Code   RO         4016    i.prvTraceGetCurrentTask  trcstreamingrecorder.o
    0x0800541c   0x0800541c   0x00000008   Code   RO         3859    i.prvTraceGetCurrentTaskHandle  trckernelport.o
    0x08005424   0x08005424   0x000002c8   Code   RO         4017    i.prvTraceGetError  trcstreamingrecorder.o
    0x080056ec   0x080056ec   0x0000000c   Code   RO         3860    i.prvTraceGetQueueNumber  trckernelport.o
    0x080056f8   0x080056f8   0x00000014   Code   RO         3861    i.prvTraceGetQueueNumberHigh16  trckernelport.o
    0x0800570c   0x0800570c   0x00000014   Code   RO         3864    i.prvTraceGetTaskNumberHigh16  trckernelport.o
    0x08005720   0x08005720   0x0000005c   Code   RO         4018    i.prvTraceInitCortexM  trcstreamingrecorder.o
    0x0800577c   0x0800577c   0x00000088   Code   RO         4019    i.prvTraceSaveObjectData  trcstreamingrecorder.o
    0x08005804   0x08005804   0x00000098   Code   RO         4020    i.prvTraceSaveObjectSymbol  trcstreamingrecorder.o
    0x0800589c   0x0800589c   0x00000040   Code   RO         4021    i.prvTraceSaveSymbol  trcstreamingrecorder.o
    0x080058dc   0x080058dc   0x0000000c   Code   RO         4022    i.prvTraceSetCurrentTask  trcstreamingrecorder.o
    0x080058e8   0x080058e8   0x0000001c   Code   RO         3867    i.prvTraceSetQueueNumberHigh16  trckernelport.o
    0x08005904   0x08005904   0x0000001c   Code   RO         3869    i.prvTraceSetTaskNumberHigh16  trckernelport.o
    0x08005920   0x08005920   0x00000078   Code   RO         4025    i.prvTraceStoreEvent1  trcstreamingrecorder.o
    0x08005998   0x08005998   0x00000080   Code   RO         4026    i.prvTraceStoreEvent2  trcstreamingrecorder.o
    0x08005a18   0x08005a18   0x00000084   Code   RO         4027    i.prvTraceStoreEvent3  trcstreamingrecorder.o
    0x08005a9c   0x08005a9c   0x0000006c   Code   RO         4032    i.prvTraceStoreExtensionInfo  trcstreamingrecorder.o
    0x08005b08   0x08005b08   0x000000e0   Code   RO         4033    i.prvTraceStoreHeader  trcstreamingrecorder.o
    0x08005be8   0x08005be8   0x0000008c   Code   RO         4034    i.prvTraceStoreObjectDataTable  trcstreamingrecorder.o
    0x08005c74   0x08005c74   0x0000011c   Code   RO         4035    i.prvTraceStoreSimpleStringEventHelper  trcstreamingrecorder.o
    0x08005d90   0x08005d90   0x000000bc   Code   RO         4036    i.prvTraceStoreStartEvent  trcstreamingrecorder.o
    0x08005e4c   0x08005e4c   0x00000048   Code   RO         4037    i.prvTraceStoreStringEvent  trcstreamingrecorder.o
    0x08005e94   0x08005e94   0x00000114   Code   RO         4038    i.prvTraceStoreStringEventHelper  trcstreamingrecorder.o
    0x08005fa8   0x08005fa8   0x00000090   Code   RO         4039    i.prvTraceStoreSymbolTable  trcstreamingrecorder.o
    0x08006038   0x08006038   0x000000a0   Code   RO         4040    i.prvTraceStoreTSConfig  trcstreamingrecorder.o
    0x080060d8   0x080060d8   0x00000044   Code   RO         4041    i.prvTraceWarning   trcstreamingrecorder.o
    0x0800611c   0x0800611c   0x00000090   Code   RO         2676    i.prvUnlockQueue    queue.o
    0x080061ac   0x080061ac   0x0000002a   Code   RO         3119    i.prvWriteNameToBuffer  tasks.o
    0x080061d6   0x080061d6   0x00000002   PAD
    0x080061d8   0x080061d8   0x000001c4   Code   RO         3755    i.pvPortMalloc      heap_4.o
    0x0800639c   0x0800639c   0x00000020   Code   RO         3120    i.pvTaskIncrementMutexHeldCount  tasks.o
    0x080063bc   0x080063bc   0x0000002c   Code   RO         3670    i.pxPortInitialiseStack  port.o
    0x080063e8   0x080063e8   0x00000034   Code   RO         4532    i.readFromRTT       trcstreamingport.o
    0x0800641c   0x0800641c   0x0000006c   Code   RO            6    i.start_task        main.o
    0x08006488   0x08006488   0x000000ac   Code   RO         2220    i.uart_init         usart.o
    0x08006534   0x08006534   0x00000028   Code   RO         2619    i.uxListRemove      list.o
    0x0800655c   0x0800655c   0x00000006   Code   RO         2678    i.uxQueueGetQueueNumber  queue.o
    0x08006562   0x08006562   0x00000002   PAD
    0x08006564   0x08006564   0x000000b8   Code   RO         3124    i.uxTaskGetSystemState  tasks.o
    0x0800661c   0x0800661c   0x0000000e   Code   RO         3125    i.uxTaskGetTaskNumber  tasks.o
    0x0800662a   0x0800662a   0x0000001a   Code   RO         2620    i.vListInitialise   list.o
    0x08006644   0x08006644   0x00000006   Code   RO         2621    i.vListInitialiseItem  list.o
    0x0800664a   0x0800664a   0x00000034   Code   RO         2622    i.vListInsert       list.o
    0x0800667e   0x0800667e   0x00000018   Code   RO         2623    i.vListInsertEnd    list.o
    0x08006696   0x08006696   0x00000002   PAD
    0x08006698   0x08006698   0x00000054   Code   RO         3672    i.vPortEnterCritical  port.o
    0x080066ec   0x080066ec   0x0000003c   Code   RO         3673    i.vPortExitCritical  port.o
    0x08006728   0x08006728   0x000000d8   Code   RO         3756    i.vPortFree         heap_4.o
    0x08006800   0x08006800   0x00000028   Code   RO         3674    i.vPortSetupTimerInterrupt  port.o
    0x08006828   0x08006828   0x00000078   Code   RO         2682    i.vQueueAddToRegistry  queue.o
    0x080068a0   0x080068a0   0x00000004   Code   RO         2684    i.vQueueSetQueueNumber  queue.o
    0x080068a4   0x080068a4   0x0000004a   Code   RO         2686    i.vQueueWaitForMessageRestricted  queue.o
    0x080068ee   0x080068ee   0x00000002   PAD
    0x080068f0   0x080068f0   0x00000078   Code   RO         3129    i.vTaskDelay        tasks.o
    0x08006968   0x08006968   0x00000174   Code   RO         3130    i.vTaskDelete       tasks.o
    0x08006adc   0x08006adc   0x00000084   Code   RO         3133    i.vTaskGetInfo      tasks.o
    0x08006b60   0x08006b60   0x000000c4   Code   RO         3134    i.vTaskGetRunTimeStats  tasks.o
    0x08006c24   0x08006c24   0x00000018   Code   RO         3135    i.vTaskInternalSetTimeOutState  tasks.o
    0x08006c3c   0x08006c3c   0x000000dc   Code   RO         3136    i.vTaskList         tasks.o
    0x08006d18   0x08006d18   0x0000000c   Code   RO         3137    i.vTaskMissedYield  tasks.o
    0x08006d24   0x08006d24   0x00000038   Code   RO         3138    i.vTaskPlaceOnEventList  tasks.o
    0x08006d5c   0x08006d5c   0x0000008c   Code   RO         3139    i.vTaskPlaceOnEventListRestricted  tasks.o
    0x08006de8   0x08006de8   0x00000160   Code   RO         3141    i.vTaskPriorityDisinheritAfterTimeout  tasks.o
    0x08006f48   0x08006f48   0x00000008   Code   RO         3145    i.vTaskSetTaskNumber  tasks.o
    0x08006f50   0x08006f50   0x000000f0   Code   RO         3147    i.vTaskStartScheduler  tasks.o
    0x08007040   0x08007040   0x00000010   Code   RO         3149    i.vTaskSuspendAll   tasks.o
    0x08007050   0x08007050   0x00000114   Code   RO         3150    i.vTaskSwitchContext  tasks.o
    0x08007164   0x08007164   0x00000108   Code   RO         3871    i.vTraceEnable      trckernelport.o
    0x0800726c   0x0800726c   0x00000104   Code   RO         4044    i.vTraceInitialize  trcstreamingrecorder.o
    0x08007370   0x08007370   0x0000000a   Code   RO         4052    i.vTraceStop        trcstreamingrecorder.o
    0x0800737a   0x0800737a   0x00000020   Code   RO         4533    i.writeToRTT        trcstreamingport.o
    0x0800739a   0x0800739a   0x00000002   PAD
    0x0800739c   0x0800739c   0x00000014   Code   RO            7    i.xMutexCreate      main.o
    0x080073b0   0x080073b0   0x00000190   Code   RO         3676    i.xPortStartScheduler  port.o
    0x08007540   0x08007540   0x00000034   Code   RO         3677    i.xPortSysTickHandler  port.o
    0x08007574   0x08007574   0x00000022   Code   RO         2689    i.xQueueCreateMutex  queue.o
    0x08007596   0x08007596   0x00000002   PAD
    0x08007598   0x08007598   0x000000bc   Code   RO         2691    i.xQueueGenericCreate  queue.o
    0x08007654   0x08007654   0x000000dc   Code   RO         2692    i.xQueueGenericReset  queue.o
    0x08007730   0x08007730   0x00000370   Code   RO         2693    i.xQueueGenericSend  queue.o
    0x08007aa0   0x08007aa0   0x000002fc   Code   RO         2701    i.xQueueReceive     queue.o
    0x08007d9c   0x08007d9c   0x0000034c   Code   RO         2706    i.xQueueSemaphoreTake  queue.o
    0x080080e8   0x080080e8   0x00000090   Code   RO         3152    i.xTaskCheckForTimeOut  tasks.o
    0x08008178   0x08008178   0x00000060   Code   RO         3153    i.xTaskCreate       tasks.o
    0x080081d8   0x080081d8   0x0000000c   Code   RO         3159    i.xTaskGetCurrentTaskHandle  tasks.o
    0x080081e4   0x080081e4   0x00000020   Code   RO         3160    i.xTaskGetSchedulerState  tasks.o
    0x08008204   0x08008204   0x0000000c   Code   RO         3161    i.xTaskGetTickCount  tasks.o
    0x08008210   0x08008210   0x00000204   Code   RO         3163    i.xTaskIncrementTick  tasks.o
    0x08008414   0x08008414   0x0000013c   Code   RO         3164    i.xTaskPriorityDisinherit  tasks.o
    0x08008550   0x08008550   0x00000140   Code   RO         3165    i.xTaskPriorityInherit  tasks.o
    0x08008690   0x08008690   0x0000013c   Code   RO         3166    i.xTaskRemoveFromEventList  tasks.o
    0x080087cc   0x080087cc   0x00000190   Code   RO         3167    i.xTaskResumeAll    tasks.o
    0x0800895c   0x0800895c   0x00000058   Code   RO         3516    i.xTimerCreateTimerTask  timers.o
    0x080089b4   0x080089b4   0x0000000c   Code   RO         4058    i.xTraceIsRecordingEnabled  trcstreamingrecorder.o
    0x080089c0   0x080089c0   0x0000002e   Code   RO         4059    i.xTraceRegisterString  trcstreamingrecorder.o
    0x080089ee   0x080089ee   0x00000002   PAD
    0x080089f0   0x080089f0   0x0000002c   Code   RO         4951    locale$$code        c_w.l(lc_numeric_c.o)
    0x08008a1c   0x08008a1c   0x0000002c   Code   RO         4971    locale$$code        c_w.l(lc_ctype_c.o)
    0x08008a48   0x08008a48   0x000002b0   Code   RO         4777    x$fpl$ddiv          fz_wm.l(ddiv.o)
    0x08008cf8   0x08008cf8   0x0000002e   Code   RO         4781    x$fpl$dflt          fz_wm.l(dflt_clz.o)
    0x08008d26   0x08008d26   0x00000002   PAD
    0x08008d28   0x08008d28   0x00000154   Code   RO         4786    x$fpl$dmul          fz_wm.l(dmul.o)
    0x08008e7c   0x08008e7c   0x0000009c   Code   RO         4867    x$fpl$dnaninf       fz_wm.l(dnaninf.o)
    0x08008f18   0x08008f18   0x0000000c   Code   RO         4869    x$fpl$dretinf       fz_wm.l(dretinf.o)
    0x08008f24   0x08008f24   0x00000056   Code   RO         4788    x$fpl$f2d           fz_wm.l(f2d.o)
    0x08008f7a   0x08008f7a   0x0000008c   Code   RO         4871    x$fpl$fnaninf       fz_wm.l(fnaninf.o)
    0x08009006   0x08009006   0x0000000a   Code   RO         5029    x$fpl$fpinit        fz_wm.l(fpinit.o)
    0x08009010   0x08009010   0x00000004   Code   RO         4873    x$fpl$printf1       fz_wm.l(printf1.o)
    0x08009014   0x08009014   0x00000004   Code   RO         4875    x$fpl$printf2       fz_wm.l(printf2.o)
    0x08009018   0x08009018   0x00000000   Code   RO         4881    x$fpl$usenofp       fz_wm.l(usenofp.o)
    0x08009018   0x08009018   0x00000009   Data   RO            8    .constdata          main.o
    0x08009021   0x08009021   0x00000001   PAD
    0x08009022   0x08009022   0x00000100   Data   RO         2348    .constdata          bsp_dac.o
    0x08009122   0x08009122   0x00000002   PAD
    0x08009124   0x08009124   0x00000077   Data   RO         3819    .constdata          dso.o
    0x0800919b   0x0800919b   0x00000001   PAD
    0x0800919c   0x0800919c   0x00000800   Data   RO         4667    .constdata          arm_cortexM4lf_math.lib(arm_common_tables.o)
    0x0800999c   0x0800999c   0x00008000   Data   RO         4676    .constdata          arm_cortexM4lf_math.lib(arm_common_tables.o)
    0x0801199c   0x0801199c   0x00000011   Data   RO         4754    .constdata          c_w.l(__printf_flags_ss_wp.o)
    0x080119ad   0x080119ad   0x00000003   PAD
    0x080119b0   0x080119b0   0x00000008   Data   RO         4812    .constdata          c_w.l(_printf_wctomb.o)
    0x080119b8   0x080119b8   0x00000028   Data   RO         4841    .constdata          c_w.l(_printf_hex_int_ll_ptr.o)
    0x080119e0   0x080119e0   0x00000026   Data   RO         4902    .constdata          c_w.l(_printf_fp_hex.o)
    0x08011a06   0x08011a06   0x00000002   PAD
    0x08011a08   0x08011a08   0x00000094   Data   RO         4926    .constdata          c_w.l(bigflt0.o)
    0x08011a9c   0x08011a9c   0x00000020   Data   RO         5093    Region$$Table       anon$$obj.o
    0x08011abc   0x08011abc   0x0000001c   Data   RO         4950    locale$$data        c_w.l(lc_numeric_c.o)
    0x08011ad8   0x08011ad8   0x00000110   Data   RO         4970    locale$$data        c_w.l(lc_ctype_c.o)


    Execution Region RW_IRAM1 (Exec base: 0x20000000, Load base: 0x08011be8, Size: 0x0000eee0, Max: 0x00020000, ABSOLUTE, COMPRESSED[0x0000002c])

    Exec Addr    Load Addr    Size         Type   Attr      Idx    E Section Name        Object

    0x20000000   COMPRESSED   0x00000014   Data   RW            9    .data               main.o
    0x20000014   COMPRESSED   0x00000004   Data   RW          282    .data               stm32f4xx_it.o
    0x20000018   COMPRESSED   0x00000014   Data   RW          440    .data               system_stm32f4xx.o
    0x2000002c   COMPRESSED   0x00000010   Data   RW          869    .data               stm32f4xx_rcc.o
    0x2000003c   COMPRESSED   0x00000006   Data   RW         2222    .data               usart.o
    0x20000042   COMPRESSED   0x00000004   Data   RW         2283    .data               delay.o
    0x20000046   COMPRESSED   0x00000002   PAD
    0x20000048   COMPRESSED   0x00000048   Data   RW         3170    .data               tasks.o
    0x20000090   COMPRESSED   0x00000014   Data   RW         3523    .data               timers.o
    0x200000a4   COMPRESSED   0x0000000c   Data   RW         3678    .data               port.o
    0x200000b0   COMPRESSED   0x00000020   Data   RW         3762    .data               heap_4.o
    0x200000d0   COMPRESSED   0x00000020   Data   RW         3820    .data               dso.o
    0x200000f0   COMPRESSED   0x0000000c   Data   RW         3876    .data               trckernelport.o
    0x200000fc   COMPRESSED   0x00000078   Data   RW         4062    .data               trcstreamingrecorder.o
    0x20000174        -       0x000000c8   Zero   RW         2221    .bss                usart.o
    0x2000023c        -       0x00000fa0   Zero   RW         2394    .bss                bsp_adc.o
    0x200011dc        -       0x00000040   Zero   RW         2708    .bss                queue.o
    0x2000121c        -       0x000002e4   Zero   RW         3169    .bss                tasks.o
    0x20001500        -       0x00000028   Zero   RW         3522    .bss                timers.o
    0x20001528        -       0x00007800   Zero   RW         3761    .bss                heap_4.o
    0x20008d28        -       0x00004014   Zero   RW         3818    .bss                dso.o
    0x2000cd3c        -       0x000013a8   Zero   RW         3875    .bss                trckernelport.o
    0x2000e0e4        -       0x000006a4   Zero   RW         4061    .bss                trcstreamingrecorder.o
    0x2000e788        -       0x000000f8   Zero   RW         4387    .bss                segger_rtt.o
    0x2000e880        -       0x00000060   Zero   RW         4966    .bss                c_w.l(libspace.o)
    0x2000e8e0        -       0x00000200   Zero   RW          385    HEAP                startup_stm32f40_41xxx.o
    0x2000eae0        -       0x00000400   Zero   RW          384    STACK               startup_stm32f40_41xxx.o


==============================================================================

Image component sizes


      Code (inc. data)   RO Data    RW Data    ZI Data      Debug   Object Name

       608         48          0          0       4000       5536   bsp_adc.o
       304         32        256          0          0       2824   bsp_dac.o
        64          4          0          0          0        527   bsp_led.o
        92          4          0          0          0        692   bsp_timbase.o
        84         10          0          4          0       1247   delay.o
       740        202        119         32      16404       3204   dso.o
         0          0          0          0          0      14552   event_groups.o
       896         92          0         32      30720       4475   heap_4.o
       148          0          0          0          0       3222   list.o
       744        368          9         20          0     350617   main.o
       180         24          0          0          0       2017   misc.o
       934         76          0         12          0      10508   port.o
      3932        128          0          0         64      20232   queue.o
      1074         58          0          0        248      12214   segger_rtt.o
        64         26        392          0       1536        832   startup_stm32f40_41xxx.o
       382         24          0          0          0       4863   stm32f4xx_adc.o
       136         18          0          0          0       2318   stm32f4xx_dac.o
       692         58          0          0          0       6195   stm32f4xx_dma.o
       218          0          0          0          0       2254   stm32f4xx_gpio.o
        64         10          0          4          0       3645   stm32f4xx_it.o
       360         42          0         16          0       5104   stm32f4xx_rcc.o
       284         28          0          0          0       6394   stm32f4xx_tim.o
       404          8          0          0          0       4166   stm32f4xx_usart.o
       340         32          0         20          0       1685   system_stm32f4xx.o
      5944        630          0         72        740      39462   tasks.o
       962        110          0         20         40      23056   timers.o
       556         66          0         12       5032      10672   trckernelport.o
        84          4          0          0          0       1891   trcstreamingport.o
      4156       1060          0        120       1700      32952   trcstreamingrecorder.o
       412         36          0          6        200       4943   usart.o

    ----------------------------------------------------------------------
     24906       3198        812        372      60684     582299   Object Totals
         0          0         32          0          0          0   (incl. Generated)
        48          0          4          2          0          0   (incl. Padding)

    ----------------------------------------------------------------------

      Code (inc. data)   RO Data    RW Data    ZI Data      Debug   Library Member Name

       486          0          0          0          0       2210   arm_bitreversal.o
      1696          0          0          0          0       4744   arm_cfft_radix4_f32.o
       192         46          0          0          0        767   arm_cfft_radix4_init_f32.o
       240          4          0          0          0      16312   arm_cmplx_mag_f32.o
         0          0      34816          0          0       2517   arm_common_tables.o
        24          4          0          0          0         84   __2printf.o
        44          6          0          0          0         84   __2sprintf.o
        90          0          0          0          0          0   __dczerorl2.o
         8          0          0          0          0         68   __main.o
       392          4         17          0          0         92   __printf_flags_ss_wp.o
        14          0          0          0          0         68   __printf_wp.o
         0          0          0          0          0          0   __rtentry.o
        12          0          0          0          0          0   __rtentry2.o
         6          0          0          0          0          0   __rtentry4.o
        52          8          0          0          0          0   __scatter.o
        28          0          0          0          0          0   __scatter_zi.o
         6          0          0          0          0          0   _printf_a.o
         6          0          0          0          0          0   _printf_c.o
        44          0          0          0          0        108   _printf_char.o
        48          6          0          0          0         96   _printf_char_common.o
        36          4          0          0          0         80   _printf_char_file.o
        40          0          0          0          0         68   _printf_charcount.o
         6          0          0          0          0          0   _printf_d.o
       120         16          0          0          0         92   _printf_dec.o
         6          0          0          0          0          0   _printf_e.o
         6          0          0          0          0          0   _printf_f.o
      1054          0          0          0          0        216   _printf_fp_dec.o
       764          8         38          0          0        100   _printf_fp_hex.o
       128         16          0          0          0         84   _printf_fp_infnan.o
         6          0          0          0          0          0   _printf_g.o
       148          4         40          0          0        160   _printf_hex_int_ll_ptr.o
         6          0          0          0          0          0   _printf_i.o
       178          0          0          0          0         88   _printf_intcommon.o
        10          0          0          0          0          0   _printf_l.o
         6          0          0          0          0          0   _printf_lc.o
        10          0          0          0          0          0   _printf_ll.o
         6          0          0          0          0          0   _printf_lld.o
         6          0          0          0          0          0   _printf_lli.o
         6          0          0          0          0          0   _printf_llo.o
         6          0          0          0          0          0   _printf_llu.o
         6          0          0          0          0          0   _printf_llx.o
       124         16          0          0          0         92   _printf_longlong_dec.o
         6          0          0          0          0          0   _printf_ls.o
         6          0          0          0          0          0   _printf_n.o
         6          0          0          0          0          0   _printf_o.o
       112         10          0          0          0        124   _printf_oct_int_ll.o
         6          0          0          0          0          0   _printf_p.o
        78          0          0          0          0        108   _printf_pad.o
         0          0          0          0          0          0   _printf_percent.o
         4          0          0          0          0          0   _printf_percent_end.o
         6          0          0          0          0          0   _printf_s.o
        82          0          0          0          0         80   _printf_str.o
        36          0          0          0          0         84   _printf_truncate.o
         6          0          0          0          0          0   _printf_u.o
        44          0          0          0          0        108   _printf_wchar.o
       188          6          8          0          0         92   _printf_wctomb.o
         6          0          0          0          0          0   _printf_x.o
        16          0          0          0          0         68   _snputc.o
        10          0          0          0          0         68   _sputc.o
        64          0          0          0          0         92   _wcrtomb.o
        16          0          0          0          0         68   aeabi_memset.o
       228          4        148          0          0         96   bigflt0.o
      1936        128          0          0          0        672   btod.o
        18          0          0          0          0         80   exit.o
         8          0          0          0          0         68   ferror.o
         6          0          0          0          0        152   heapauxi.o
        44         10        272          0          0         76   lc_ctype_c.o
        44         10         28          0          0         76   lc_numeric_c.o
         2          0          0          0          0          0   libinit.o
        34          0          0          0          0          0   libinit2.o
         2          0          0          0          0          0   libshutdown.o
         2          0          0          0          0          0   libshutdown2.o
         8          4          0          0         96         68   libspace.o
       138          0          0          0          0         80   lludiv10.o
        16          4          0          0          0         76   rt_ctype_table.o
         8          4          0          0          0         68   rt_locale_intlibspace.o
        68          0          0          0          0         68   rt_memclr.o
        78          0          0          0          0         80   rt_memclr_w.o
       138          0          0          0          0         68   rt_memcpy_v6.o
       100          0          0          0          0         80   rt_memcpy_w.o
         2          0          0          0          0          0   rtexit.o
        10          0          0          0          0          0   rtexit2.o
       128          0          0          0          0         68   strcmpv7m.o
        72          0          0          0          0         80   strcpy.o
        62          0          0          0          0         76   strlen.o
        74          0          0          0          0         80   sys_stackheap_outer.o
         2          0          0          0          0         68   use_no_semi.o
         2          0          0          0          0         68   use_no_semi_2.o
        52          4          0          0          0         80   vsnprintf.o
       688        140          0          0          0        256   ddiv.o
        46          0          0          0          0        116   dflt_clz.o
       340         12          0          0          0        152   dmul.o
       156          4          0          0          0        140   dnaninf.o
        12          0          0          0          0        116   dretinf.o
        86          4          0          0          0        132   f2d.o
       140          4          0          0          0        132   fnaninf.o
        10          0          0          0          0        116   fpinit.o
         4          0          0          0          0        116   printf1.o
         4          0          0          0          0        116   printf2.o
         0          0          0          0          0          0   usenofp.o
        48          0          0          0          0        124   fpclassify.o

    ----------------------------------------------------------------------
     11590        490      35372          0         96      32866   Library Totals
        16          0          5          0          0          0   (incl. Padding)

    ----------------------------------------------------------------------

      Code (inc. data)   RO Data    RW Data    ZI Data      Debug   Library Name

      2614         50      34816          0          0      26550   arm_cortexM4lf_math.lib
      7426        276        551          0         96       4800   c_w.l
      1486        164          0          0          0       1392   fz_wm.l
        48          0          0          0          0        124   m_wm.l

    ----------------------------------------------------------------------
     11590        490      35372          0         96      32866   Library Totals

    ----------------------------------------------------------------------

==============================================================================


      Code (inc. data)   RO Data    RW Data    ZI Data      Debug   

     36496       3688      36184        372      60780     589661   Grand Totals
     36496       3688      36184         44      60780     589661   ELF Image Totals (compressed)
     36496       3688      36184         44          0          0   ROM Totals

==============================================================================

    Total RO  Size (Code + RO Data)                72680 (  70.98kB)
    Total RW  Size (RW Data + ZI Data)             61152 (  59.72kB)
    Total ROM Size (Code + RO Data + RW Data)      72724 (  71.02kB)

==============================================================================

