<!doctype html public "-//w3c//dtd html 4.0 transitional//en">
<html><head>
<title>Static Call Graph - [..\OBJ\LED.axf]</title></head>
<body><HR>
<H1>Static Call Graph for image ..\OBJ\LED.axf</H1><HR>
<BR><P>#&#060CALLGRAPH&#062# ARM Linker, 5050106: Last Updated: Sat Aug 05 18:49:21 2023
<BR><P>
<H3>Maximum Stack Usage =       1144 bytes + Unknown(Functions without stacksize, Cycles, Untraceable Function Pointers)</H3><H3>
Call chain for Maximum Stack Depth:</H3>
CPU_Task &rArr; App_Printf &rArr; xQueueGenericSend &rArr; prvUnlockQueue &rArr; prvNotifyQueueSetContainer &rArr; prvCopyDataToQueue &rArr; xTaskPriorityDisinherit &rArr; prvTraceStoreEvent2 &rArr; vTraceStop &rArr; prvSetRecorderEnabled &rArr; prvTraceStoreSymbolTable &rArr; prvTraceWarning &rArr; prvTraceStoreSimpleStringEventHelper &rArr;  vTraceStop (Cycle)
<P>
<H3>
Functions with no stack information
</H3><UL>
 <LI><a href="#[d4]">__user_initial_stackheap</a>
</UL>
</UL>
<P>
<H3>
Mutually Recursive functions
</H3> <LI><a href="#[1ae]">prvTraceStoreSimpleStringEventHelper</a>&nbsp;&nbsp;&nbsp;&rArr;&nbsp;&nbsp;&nbsp;<a href="#[151]">vTraceStop</a><BR>
 <LI><a href="#[1ac]">prvTraceError</a>&nbsp;&nbsp;&nbsp;&rArr;&nbsp;&nbsp;&nbsp;<a href="#[195]">prvSetRecorderEnabled</a><BR>
 <LI><a href="#[1f]">ADC_IRQHandler</a>&nbsp;&nbsp;&nbsp;&rArr;&nbsp;&nbsp;&nbsp;<a href="#[1f]">ADC_IRQHandler</a><BR>
</UL>
<P>
<H3>
Function Pointers
</H3><UL>
 <LI><a href="#[6c]">AD9833_Task</a> from main.o(i.AD9833_Task) referenced from main.o(i.start_task)
 <LI><a href="#[1f]">ADC_IRQHandler</a> from startup_stm32f40_41xxx.o(.text) referenced from startup_stm32f40_41xxx.o(RESET)
 <LI><a href="#[7]">BusFault_Handler</a> from stm32f4xx_it.o(i.BusFault_Handler) referenced from startup_stm32f40_41xxx.o(RESET)
 <LI><a href="#[21]">CAN1_RX0_IRQHandler</a> from startup_stm32f40_41xxx.o(.text) referenced from startup_stm32f40_41xxx.o(RESET)
 <LI><a href="#[22]">CAN1_RX1_IRQHandler</a> from startup_stm32f40_41xxx.o(.text) referenced from startup_stm32f40_41xxx.o(RESET)
 <LI><a href="#[23]">CAN1_SCE_IRQHandler</a> from startup_stm32f40_41xxx.o(.text) referenced from startup_stm32f40_41xxx.o(RESET)
 <LI><a href="#[20]">CAN1_TX_IRQHandler</a> from startup_stm32f40_41xxx.o(.text) referenced from startup_stm32f40_41xxx.o(RESET)
 <LI><a href="#[4d]">CAN2_RX0_IRQHandler</a> from startup_stm32f40_41xxx.o(.text) referenced from startup_stm32f40_41xxx.o(RESET)
 <LI><a href="#[4e]">CAN2_RX1_IRQHandler</a> from startup_stm32f40_41xxx.o(.text) referenced from startup_stm32f40_41xxx.o(RESET)
 <LI><a href="#[4f]">CAN2_SCE_IRQHandler</a> from startup_stm32f40_41xxx.o(.text) referenced from startup_stm32f40_41xxx.o(RESET)
 <LI><a href="#[4c]">CAN2_TX_IRQHandler</a> from startup_stm32f40_41xxx.o(.text) referenced from startup_stm32f40_41xxx.o(RESET)
 <LI><a href="#[69]">CPU_Task</a> from main.o(i.CPU_Task) referenced from main.o(i.start_task)
 <LI><a href="#[5c]">CRYP_IRQHandler</a> from startup_stm32f40_41xxx.o(.text) referenced from startup_stm32f40_41xxx.o(RESET)
 <LI><a href="#[5b]">DCMI_IRQHandler</a> from startup_stm32f40_41xxx.o(.text) referenced from startup_stm32f40_41xxx.o(RESET)
 <LI><a href="#[18]">DMA1_Stream0_IRQHandler</a> from startup_stm32f40_41xxx.o(.text) referenced from startup_stm32f40_41xxx.o(RESET)
 <LI><a href="#[19]">DMA1_Stream1_IRQHandler</a> from startup_stm32f40_41xxx.o(.text) referenced from startup_stm32f40_41xxx.o(RESET)
 <LI><a href="#[1a]">DMA1_Stream2_IRQHandler</a> from startup_stm32f40_41xxx.o(.text) referenced from startup_stm32f40_41xxx.o(RESET)
 <LI><a href="#[1b]">DMA1_Stream3_IRQHandler</a> from startup_stm32f40_41xxx.o(.text) referenced from startup_stm32f40_41xxx.o(RESET)
 <LI><a href="#[1c]">DMA1_Stream4_IRQHandler</a> from startup_stm32f40_41xxx.o(.text) referenced from startup_stm32f40_41xxx.o(RESET)
 <LI><a href="#[1d]">DMA1_Stream5_IRQHandler</a> from startup_stm32f40_41xxx.o(.text) referenced from startup_stm32f40_41xxx.o(RESET)
 <LI><a href="#[1e]">DMA1_Stream6_IRQHandler</a> from startup_stm32f40_41xxx.o(.text) referenced from startup_stm32f40_41xxx.o(RESET)
 <LI><a href="#[3c]">DMA1_Stream7_IRQHandler</a> from startup_stm32f40_41xxx.o(.text) referenced from startup_stm32f40_41xxx.o(RESET)
 <LI><a href="#[45]">DMA2_Stream0_IRQHandler</a> from bsp_adc.o(i.DMA2_Stream0_IRQHandler) referenced from startup_stm32f40_41xxx.o(RESET)
 <LI><a href="#[46]">DMA2_Stream1_IRQHandler</a> from startup_stm32f40_41xxx.o(.text) referenced from startup_stm32f40_41xxx.o(RESET)
 <LI><a href="#[47]">DMA2_Stream2_IRQHandler</a> from startup_stm32f40_41xxx.o(.text) referenced from startup_stm32f40_41xxx.o(RESET)
 <LI><a href="#[48]">DMA2_Stream3_IRQHandler</a> from startup_stm32f40_41xxx.o(.text) referenced from startup_stm32f40_41xxx.o(RESET)
 <LI><a href="#[49]">DMA2_Stream4_IRQHandler</a> from startup_stm32f40_41xxx.o(.text) referenced from startup_stm32f40_41xxx.o(RESET)
 <LI><a href="#[51]">DMA2_Stream5_IRQHandler</a> from startup_stm32f40_41xxx.o(.text) referenced from startup_stm32f40_41xxx.o(RESET)
 <LI><a href="#[52]">DMA2_Stream6_IRQHandler</a> from startup_stm32f40_41xxx.o(.text) referenced from startup_stm32f40_41xxx.o(RESET)
 <LI><a href="#[53]">DMA2_Stream7_IRQHandler</a> from startup_stm32f40_41xxx.o(.text) referenced from startup_stm32f40_41xxx.o(RESET)
 <LI><a href="#[a]">DebugMon_Handler</a> from stm32f4xx_it.o(i.DebugMon_Handler) referenced from startup_stm32f40_41xxx.o(RESET)
 <LI><a href="#[4a]">ETH_IRQHandler</a> from startup_stm32f40_41xxx.o(.text) referenced from startup_stm32f40_41xxx.o(RESET)
 <LI><a href="#[4b]">ETH_WKUP_IRQHandler</a> from startup_stm32f40_41xxx.o(.text) referenced from startup_stm32f40_41xxx.o(RESET)
 <LI><a href="#[13]">EXTI0_IRQHandler</a> from startup_stm32f40_41xxx.o(.text) referenced from startup_stm32f40_41xxx.o(RESET)
 <LI><a href="#[35]">EXTI15_10_IRQHandler</a> from startup_stm32f40_41xxx.o(.text) referenced from startup_stm32f40_41xxx.o(RESET)
 <LI><a href="#[14]">EXTI1_IRQHandler</a> from startup_stm32f40_41xxx.o(.text) referenced from startup_stm32f40_41xxx.o(RESET)
 <LI><a href="#[15]">EXTI2_IRQHandler</a> from startup_stm32f40_41xxx.o(.text) referenced from startup_stm32f40_41xxx.o(RESET)
 <LI><a href="#[16]">EXTI3_IRQHandler</a> from startup_stm32f40_41xxx.o(.text) referenced from startup_stm32f40_41xxx.o(RESET)
 <LI><a href="#[17]">EXTI4_IRQHandler</a> from startup_stm32f40_41xxx.o(.text) referenced from startup_stm32f40_41xxx.o(RESET)
 <LI><a href="#[24]">EXTI9_5_IRQHandler</a> from startup_stm32f40_41xxx.o(.text) referenced from startup_stm32f40_41xxx.o(RESET)
 <LI><a href="#[11]">FLASH_IRQHandler</a> from startup_stm32f40_41xxx.o(.text) referenced from startup_stm32f40_41xxx.o(RESET)
 <LI><a href="#[5e]">FPU_IRQHandler</a> from startup_stm32f40_41xxx.o(.text) referenced from startup_stm32f40_41xxx.o(RESET)
 <LI><a href="#[3d]">FSMC_IRQHandler</a> from startup_stm32f40_41xxx.o(.text) referenced from startup_stm32f40_41xxx.o(RESET)
 <LI><a href="#[5d]">HASH_RNG_IRQHandler</a> from startup_stm32f40_41xxx.o(.text) referenced from startup_stm32f40_41xxx.o(RESET)
 <LI><a href="#[5]">HardFault_Handler</a> from stm32f4xx_it.o(i.HardFault_Handler) referenced from startup_stm32f40_41xxx.o(RESET)
 <LI><a href="#[2d]">I2C1_ER_IRQHandler</a> from startup_stm32f40_41xxx.o(.text) referenced from startup_stm32f40_41xxx.o(RESET)
 <LI><a href="#[2c]">I2C1_EV_IRQHandler</a> from startup_stm32f40_41xxx.o(.text) referenced from startup_stm32f40_41xxx.o(RESET)
 <LI><a href="#[2f]">I2C2_ER_IRQHandler</a> from startup_stm32f40_41xxx.o(.text) referenced from startup_stm32f40_41xxx.o(RESET)
 <LI><a href="#[2e]">I2C2_EV_IRQHandler</a> from startup_stm32f40_41xxx.o(.text) referenced from startup_stm32f40_41xxx.o(RESET)
 <LI><a href="#[56]">I2C3_ER_IRQHandler</a> from startup_stm32f40_41xxx.o(.text) referenced from startup_stm32f40_41xxx.o(RESET)
 <LI><a href="#[55]">I2C3_EV_IRQHandler</a> from startup_stm32f40_41xxx.o(.text) referenced from startup_stm32f40_41xxx.o(RESET)
 <LI><a href="#[6b]">KEY_Task</a> from main.o(i.KEY_Task) referenced from main.o(i.start_task)
 <LI><a href="#[6a]">LCD_Task</a> from main.o(i.LCD_Task) referenced from main.o(i.start_task)
 <LI><a href="#[68]">LED_Task</a> from main.o(i.LED_Task) referenced from main.o(i.start_task)
 <LI><a href="#[6]">MemManage_Handler</a> from stm32f4xx_it.o(i.MemManage_Handler) referenced from startup_stm32f40_41xxx.o(RESET)
 <LI><a href="#[4]">NMI_Handler</a> from stm32f4xx_it.o(i.NMI_Handler) referenced from startup_stm32f40_41xxx.o(RESET)
 <LI><a href="#[50]">OTG_FS_IRQHandler</a> from startup_stm32f40_41xxx.o(.text) referenced from startup_stm32f40_41xxx.o(RESET)
 <LI><a href="#[37]">OTG_FS_WKUP_IRQHandler</a> from startup_stm32f40_41xxx.o(.text) referenced from startup_stm32f40_41xxx.o(RESET)
 <LI><a href="#[58]">OTG_HS_EP1_IN_IRQHandler</a> from startup_stm32f40_41xxx.o(.text) referenced from startup_stm32f40_41xxx.o(RESET)
 <LI><a href="#[57]">OTG_HS_EP1_OUT_IRQHandler</a> from startup_stm32f40_41xxx.o(.text) referenced from startup_stm32f40_41xxx.o(RESET)
 <LI><a href="#[5a]">OTG_HS_IRQHandler</a> from startup_stm32f40_41xxx.o(.text) referenced from startup_stm32f40_41xxx.o(RESET)
 <LI><a href="#[59]">OTG_HS_WKUP_IRQHandler</a> from startup_stm32f40_41xxx.o(.text) referenced from startup_stm32f40_41xxx.o(RESET)
 <LI><a href="#[e]">PVD_IRQHandler</a> from startup_stm32f40_41xxx.o(.text) referenced from startup_stm32f40_41xxx.o(RESET)
 <LI><a href="#[b]">PendSV_Handler</a> from port.o(.emb_text) referenced from startup_stm32f40_41xxx.o(RESET)
 <LI><a href="#[12]">RCC_IRQHandler</a> from startup_stm32f40_41xxx.o(.text) referenced from startup_stm32f40_41xxx.o(RESET)
 <LI><a href="#[36]">RTC_Alarm_IRQHandler</a> from startup_stm32f40_41xxx.o(.text) referenced from startup_stm32f40_41xxx.o(RESET)
 <LI><a href="#[10]">RTC_WKUP_IRQHandler</a> from startup_stm32f40_41xxx.o(.text) referenced from startup_stm32f40_41xxx.o(RESET)
 <LI><a href="#[3]">Reset_Handler</a> from startup_stm32f40_41xxx.o(.text) referenced from startup_stm32f40_41xxx.o(RESET)
 <LI><a href="#[3e]">SDIO_IRQHandler</a> from startup_stm32f40_41xxx.o(.text) referenced from startup_stm32f40_41xxx.o(RESET)
 <LI><a href="#[30]">SPI1_IRQHandler</a> from startup_stm32f40_41xxx.o(.text) referenced from startup_stm32f40_41xxx.o(RESET)
 <LI><a href="#[31]">SPI2_IRQHandler</a> from startup_stm32f40_41xxx.o(.text) referenced from startup_stm32f40_41xxx.o(RESET)
 <LI><a href="#[40]">SPI3_IRQHandler</a> from startup_stm32f40_41xxx.o(.text) referenced from startup_stm32f40_41xxx.o(RESET)
 <LI><a href="#[9]">SVC_Handler</a> from port.o(.emb_text) referenced from startup_stm32f40_41xxx.o(RESET)
 <LI><a href="#[c]">SysTick_Handler</a> from delay.o(i.SysTick_Handler) referenced from startup_stm32f40_41xxx.o(RESET)
 <LI><a href="#[5f]">SystemInit</a> from system_stm32f4xx.o(i.SystemInit) referenced from startup_stm32f40_41xxx.o(.text)
 <LI><a href="#[f]">TAMP_STAMP_IRQHandler</a> from startup_stm32f40_41xxx.o(.text) referenced from startup_stm32f40_41xxx.o(RESET)
 <LI><a href="#[25]">TIM1_BRK_TIM9_IRQHandler</a> from startup_stm32f40_41xxx.o(.text) referenced from startup_stm32f40_41xxx.o(RESET)
 <LI><a href="#[28]">TIM1_CC_IRQHandler</a> from startup_stm32f40_41xxx.o(.text) referenced from startup_stm32f40_41xxx.o(RESET)
 <LI><a href="#[27]">TIM1_TRG_COM_TIM11_IRQHandler</a> from startup_stm32f40_41xxx.o(.text) referenced from startup_stm32f40_41xxx.o(RESET)
 <LI><a href="#[26]">TIM1_UP_TIM10_IRQHandler</a> from startup_stm32f40_41xxx.o(.text) referenced from startup_stm32f40_41xxx.o(RESET)
 <LI><a href="#[29]">TIM2_IRQHandler</a> from bsp_adc.o(i.TIM2_IRQHandler) referenced from startup_stm32f40_41xxx.o(RESET)
 <LI><a href="#[2a]">TIM3_IRQHandler</a> from startup_stm32f40_41xxx.o(.text) referenced from startup_stm32f40_41xxx.o(RESET)
 <LI><a href="#[2b]">TIM4_IRQHandler</a> from startup_stm32f40_41xxx.o(.text) referenced from startup_stm32f40_41xxx.o(RESET)
 <LI><a href="#[3f]">TIM5_IRQHandler</a> from stm32f4xx_it.o(i.TIM5_IRQHandler) referenced from startup_stm32f40_41xxx.o(RESET)
 <LI><a href="#[43]">TIM6_DAC_IRQHandler</a> from startup_stm32f40_41xxx.o(.text) referenced from startup_stm32f40_41xxx.o(RESET)
 <LI><a href="#[44]">TIM7_IRQHandler</a> from startup_stm32f40_41xxx.o(.text) referenced from startup_stm32f40_41xxx.o(RESET)
 <LI><a href="#[38]">TIM8_BRK_TIM12_IRQHandler</a> from startup_stm32f40_41xxx.o(.text) referenced from startup_stm32f40_41xxx.o(RESET)
 <LI><a href="#[3b]">TIM8_CC_IRQHandler</a> from startup_stm32f40_41xxx.o(.text) referenced from startup_stm32f40_41xxx.o(RESET)
 <LI><a href="#[3a]">TIM8_TRG_COM_TIM14_IRQHandler</a> from startup_stm32f40_41xxx.o(.text) referenced from startup_stm32f40_41xxx.o(RESET)
 <LI><a href="#[39]">TIM8_UP_TIM13_IRQHandler</a> from startup_stm32f40_41xxx.o(.text) referenced from startup_stm32f40_41xxx.o(RESET)
 <LI><a href="#[6e]">TzCtrl</a> from trckernelport.o(i.TzCtrl) referenced from trckernelport.o(i.vTraceEnable)
 <LI><a href="#[41]">UART4_IRQHandler</a> from startup_stm32f40_41xxx.o(.text) referenced from startup_stm32f40_41xxx.o(RESET)
 <LI><a href="#[42]">UART5_IRQHandler</a> from startup_stm32f40_41xxx.o(.text) referenced from startup_stm32f40_41xxx.o(RESET)
 <LI><a href="#[32]">USART1_IRQHandler</a> from usart.o(i.USART1_IRQHandler) referenced from startup_stm32f40_41xxx.o(RESET)
 <LI><a href="#[33]">USART2_IRQHandler</a> from startup_stm32f40_41xxx.o(.text) referenced from startup_stm32f40_41xxx.o(RESET)
 <LI><a href="#[34]">USART3_IRQHandler</a> from startup_stm32f40_41xxx.o(.text) referenced from startup_stm32f40_41xxx.o(RESET)
 <LI><a href="#[54]">USART6_IRQHandler</a> from startup_stm32f40_41xxx.o(.text) referenced from startup_stm32f40_41xxx.o(RESET)
 <LI><a href="#[8]">UsageFault_Handler</a> from stm32f4xx_it.o(i.UsageFault_Handler) referenced from startup_stm32f40_41xxx.o(RESET)
 <LI><a href="#[d]">WWDG_IRQHandler</a> from startup_stm32f40_41xxx.o(.text) referenced from startup_stm32f40_41xxx.o(RESET)
 <LI><a href="#[70]">__main</a> from __main.o(!!!main) referenced from startup_stm32f40_41xxx.o(.text)
 <LI><a href="#[65]">_get_lc_ctype</a> from lc_ctype_c.o(locale$$code) referenced from rt_ctype_table.o(.text)
 <LI><a href="#[63]">_printf_input_char</a> from _printf_char_common.o(.text) referenced from _printf_char_common.o(.text)
 <LI><a href="#[61]">_snputc</a> from _snputc.o(.text) referenced from vsnprintf.o(.text)
 <LI><a href="#[62]">_sputc</a> from _sputc.o(.text) referenced from __2sprintf.o(.text)
 <LI><a href="#[64]">fputc</a> from usart.o(i.fputc) referenced from _printf_char_file.o(.text)
 <LI><a href="#[6d]">prvIdleTask</a> from tasks.o(i.prvIdleTask) referenced from tasks.o(i.vTaskStartScheduler)
 <LI><a href="#[67]">prvTaskExitError</a> from port.o(i.prvTaskExitError) referenced from port.o(i.pxPortInitialiseStack)
 <LI><a href="#[6f]">prvTimerTask</a> from timers.o(i.prvTimerTask) referenced from timers.o(i.xTimerCreateTimerTask)
 <LI><a href="#[66]">start_task</a> from main.o(i.start_task) referenced from main.o(i.main)
</UL>
<P>
<H3>
Global Symbols
</H3>
<P><STRONG><a name="[70]"></a>__main</STRONG> (Thumb, 8 bytes, Stack size 0 bytes, __main.o(!!!main))
<BR><BR>[Calls]<UL><LI><a href="#[72]">&gt;&gt;</a>&nbsp;&nbsp;&nbsp;__rt_entry
<LI><a href="#[71]">&gt;&gt;</a>&nbsp;&nbsp;&nbsp;__scatterload
</UL>

<P><STRONG><a name="[71]"></a>__scatterload</STRONG> (Thumb, 0 bytes, Stack size unknown bytes, __scatter.o(!!!scatter))
<BR><BR>[Called By]<UL><LI><a href="#[70]">&gt;&gt;</a>&nbsp;&nbsp;&nbsp;__main
</UL>

<P><STRONG><a name="[73]"></a>__scatterload_rt2</STRONG> (Thumb, 44 bytes, Stack size unknown bytes, __scatter.o(!!!scatter), UNUSED)
<BR><BR>[Calls]<UL><LI><a href="#[72]">&gt;&gt;</a>&nbsp;&nbsp;&nbsp;__rt_entry
</UL>

<P><STRONG><a name="[1f0]"></a>__scatterload_rt2_thumb_only</STRONG> (Thumb, 0 bytes, Stack size unknown bytes, __scatter.o(!!!scatter), UNUSED)

<P><STRONG><a name="[1f1]"></a>__scatterload_null</STRONG> (Thumb, 0 bytes, Stack size unknown bytes, __scatter.o(!!!scatter), UNUSED)

<P><STRONG><a name="[1f2]"></a>__decompress</STRONG> (Thumb, 90 bytes, Stack size unknown bytes, __dczerorl2.o(!!dczerorl2), UNUSED)

<P><STRONG><a name="[1f3]"></a>__decompress1</STRONG> (Thumb, 0 bytes, Stack size unknown bytes, __dczerorl2.o(!!dczerorl2), UNUSED)

<P><STRONG><a name="[1f4]"></a>__scatterload_zeroinit</STRONG> (Thumb, 28 bytes, Stack size unknown bytes, __scatter_zi.o(!!handler_zi), UNUSED)

<P><STRONG><a name="[74]"></a>_printf_n</STRONG> (Thumb, 0 bytes, Stack size unknown bytes, _printf_n.o(.ARM.Collect$$_printf_percent$$00000001))
<BR><BR>[Calls]<UL><LI><a href="#[75]">&gt;&gt;</a>&nbsp;&nbsp;&nbsp;_printf_charcount
</UL>

<P><STRONG><a name="[bb]"></a>_printf_percent</STRONG> (Thumb, 0 bytes, Stack size unknown bytes, _printf_percent.o(.ARM.Collect$$_printf_percent$$00000000))
<BR><BR>[Called By]<UL><LI><a href="#[b9]">&gt;&gt;</a>&nbsp;&nbsp;&nbsp;__printf
</UL>

<P><STRONG><a name="[76]"></a>_printf_p</STRONG> (Thumb, 0 bytes, Stack size unknown bytes, _printf_p.o(.ARM.Collect$$_printf_percent$$00000002))
<BR><BR>[Stack]<UL><LI>Max Depth = 64 + Unknown Stack Size
<LI>Call Chain = _printf_p &rArr; _printf_hex_ptr &rArr; _printf_longlong_hex &rArr; _printf_int_common &rArr; _printf_post_padding
</UL>
<BR>[Calls]<UL><LI><a href="#[77]">&gt;&gt;</a>&nbsp;&nbsp;&nbsp;_printf_hex_ptr
</UL>

<P><STRONG><a name="[78]"></a>_printf_f</STRONG> (Thumb, 0 bytes, Stack size unknown bytes, _printf_f.o(.ARM.Collect$$_printf_percent$$00000003))
<BR><BR>[Stack]<UL><LI>Max Depth = 320 + Unknown Stack Size
<LI>Call Chain = _printf_f &rArr; _printf_fp_dec &rArr; _printf_fp_dec_real &rArr; _fp_digits &rArr; _btod_etento &rArr; _btod_emul &rArr; _e2e
</UL>
<BR>[Calls]<UL><LI><a href="#[79]">&gt;&gt;</a>&nbsp;&nbsp;&nbsp;_printf_fp_dec
</UL>

<P><STRONG><a name="[7a]"></a>_printf_e</STRONG> (Thumb, 0 bytes, Stack size unknown bytes, _printf_e.o(.ARM.Collect$$_printf_percent$$00000004))
<BR><BR>[Stack]<UL><LI>Max Depth = 320 + Unknown Stack Size
<LI>Call Chain = _printf_e &rArr; _printf_fp_dec &rArr; _printf_fp_dec_real &rArr; _fp_digits &rArr; _btod_etento &rArr; _btod_emul &rArr; _e2e
</UL>
<BR>[Calls]<UL><LI><a href="#[79]">&gt;&gt;</a>&nbsp;&nbsp;&nbsp;_printf_fp_dec
</UL>

<P><STRONG><a name="[7b]"></a>_printf_g</STRONG> (Thumb, 0 bytes, Stack size unknown bytes, _printf_g.o(.ARM.Collect$$_printf_percent$$00000005))
<BR><BR>[Stack]<UL><LI>Max Depth = 320 + Unknown Stack Size
<LI>Call Chain = _printf_g &rArr; _printf_fp_dec &rArr; _printf_fp_dec_real &rArr; _fp_digits &rArr; _btod_etento &rArr; _btod_emul &rArr; _e2e
</UL>
<BR>[Calls]<UL><LI><a href="#[79]">&gt;&gt;</a>&nbsp;&nbsp;&nbsp;_printf_fp_dec
</UL>

<P><STRONG><a name="[7c]"></a>_printf_a</STRONG> (Thumb, 0 bytes, Stack size unknown bytes, _printf_a.o(.ARM.Collect$$_printf_percent$$00000006))
<BR><BR>[Stack]<UL><LI>Max Depth = 112 + Unknown Stack Size
<LI>Call Chain = _printf_a &rArr; _printf_fp_hex &rArr; _printf_fp_hex_real &rArr; _printf_fp_infnan &rArr; _printf_post_padding
</UL>
<BR>[Calls]<UL><LI><a href="#[7d]">&gt;&gt;</a>&nbsp;&nbsp;&nbsp;_printf_fp_hex
</UL>

<P><STRONG><a name="[1f5]"></a>_printf_ll</STRONG> (Thumb, 0 bytes, Stack size unknown bytes, _printf_ll.o(.ARM.Collect$$_printf_percent$$00000007))

<P><STRONG><a name="[7e]"></a>_printf_i</STRONG> (Thumb, 0 bytes, Stack size unknown bytes, _printf_i.o(.ARM.Collect$$_printf_percent$$00000008))
<BR><BR>[Stack]<UL><LI>Max Depth = 72 + Unknown Stack Size
<LI>Call Chain = _printf_i &rArr; _printf_int_dec &rArr; _printf_int_common &rArr; _printf_post_padding
</UL>
<BR>[Calls]<UL><LI><a href="#[7f]">&gt;&gt;</a>&nbsp;&nbsp;&nbsp;_printf_int_dec
</UL>

<P><STRONG><a name="[80]"></a>_printf_d</STRONG> (Thumb, 0 bytes, Stack size unknown bytes, _printf_d.o(.ARM.Collect$$_printf_percent$$00000009))
<BR><BR>[Stack]<UL><LI>Max Depth = 72 + Unknown Stack Size
<LI>Call Chain = _printf_d &rArr; _printf_int_dec &rArr; _printf_int_common &rArr; _printf_post_padding
</UL>
<BR>[Calls]<UL><LI><a href="#[7f]">&gt;&gt;</a>&nbsp;&nbsp;&nbsp;_printf_int_dec
</UL>

<P><STRONG><a name="[81]"></a>_printf_u</STRONG> (Thumb, 0 bytes, Stack size unknown bytes, _printf_u.o(.ARM.Collect$$_printf_percent$$0000000A))
<BR><BR>[Stack]<UL><LI>Max Depth = 72 + Unknown Stack Size
<LI>Call Chain = _printf_u &rArr; _printf_int_dec &rArr; _printf_int_common &rArr; _printf_post_padding
</UL>
<BR>[Calls]<UL><LI><a href="#[7f]">&gt;&gt;</a>&nbsp;&nbsp;&nbsp;_printf_int_dec
</UL>

<P><STRONG><a name="[82]"></a>_printf_o</STRONG> (Thumb, 0 bytes, Stack size unknown bytes, _printf_o.o(.ARM.Collect$$_printf_percent$$0000000B))
<BR><BR>[Stack]<UL><LI>Max Depth = 64 + Unknown Stack Size
<LI>Call Chain = _printf_o &rArr; _printf_int_oct &rArr; _printf_longlong_oct &rArr; _printf_int_common &rArr; _printf_post_padding
</UL>
<BR>[Calls]<UL><LI><a href="#[83]">&gt;&gt;</a>&nbsp;&nbsp;&nbsp;_printf_int_oct
</UL>

<P><STRONG><a name="[84]"></a>_printf_x</STRONG> (Thumb, 0 bytes, Stack size unknown bytes, _printf_x.o(.ARM.Collect$$_printf_percent$$0000000C))
<BR><BR>[Stack]<UL><LI>Max Depth = 80 + Unknown Stack Size
<LI>Call Chain = _printf_x &rArr; _printf_int_hex &rArr; _printf_longlong_hex &rArr; _printf_int_common &rArr; _printf_post_padding
</UL>
<BR>[Calls]<UL><LI><a href="#[85]">&gt;&gt;</a>&nbsp;&nbsp;&nbsp;_printf_int_hex
</UL>

<P><STRONG><a name="[86]"></a>_printf_lli</STRONG> (Thumb, 0 bytes, Stack size unknown bytes, _printf_lli.o(.ARM.Collect$$_printf_percent$$0000000D))
<BR><BR>[Stack]<UL><LI>Max Depth = 72 + Unknown Stack Size
<LI>Call Chain = _printf_lli &rArr; _printf_longlong_dec &rArr; _printf_int_common &rArr; _printf_post_padding
</UL>
<BR>[Calls]<UL><LI><a href="#[87]">&gt;&gt;</a>&nbsp;&nbsp;&nbsp;_printf_longlong_dec
</UL>

<P><STRONG><a name="[88]"></a>_printf_lld</STRONG> (Thumb, 0 bytes, Stack size unknown bytes, _printf_lld.o(.ARM.Collect$$_printf_percent$$0000000E))
<BR><BR>[Stack]<UL><LI>Max Depth = 72 + Unknown Stack Size
<LI>Call Chain = _printf_lld &rArr; _printf_longlong_dec &rArr; _printf_int_common &rArr; _printf_post_padding
</UL>
<BR>[Calls]<UL><LI><a href="#[87]">&gt;&gt;</a>&nbsp;&nbsp;&nbsp;_printf_longlong_dec
</UL>

<P><STRONG><a name="[89]"></a>_printf_llu</STRONG> (Thumb, 0 bytes, Stack size unknown bytes, _printf_llu.o(.ARM.Collect$$_printf_percent$$0000000F))
<BR><BR>[Stack]<UL><LI>Max Depth = 72 + Unknown Stack Size
<LI>Call Chain = _printf_llu &rArr; _printf_longlong_dec &rArr; _printf_int_common &rArr; _printf_post_padding
</UL>
<BR>[Calls]<UL><LI><a href="#[87]">&gt;&gt;</a>&nbsp;&nbsp;&nbsp;_printf_longlong_dec
</UL>

<P><STRONG><a name="[8a]"></a>_printf_llo</STRONG> (Thumb, 0 bytes, Stack size unknown bytes, _printf_llo.o(.ARM.Collect$$_printf_percent$$00000010))
<BR><BR>[Stack]<UL><LI>Max Depth = 56 + Unknown Stack Size
<LI>Call Chain = _printf_llo &rArr; _printf_ll_oct &rArr; _printf_longlong_oct &rArr; _printf_int_common &rArr; _printf_post_padding
</UL>
<BR>[Calls]<UL><LI><a href="#[8b]">&gt;&gt;</a>&nbsp;&nbsp;&nbsp;_printf_ll_oct
</UL>

<P><STRONG><a name="[8c]"></a>_printf_llx</STRONG> (Thumb, 0 bytes, Stack size unknown bytes, _printf_llx.o(.ARM.Collect$$_printf_percent$$00000011))
<BR><BR>[Stack]<UL><LI>Max Depth = 64 + Unknown Stack Size
<LI>Call Chain = _printf_llx &rArr; _printf_ll_hex &rArr; _printf_longlong_hex &rArr; _printf_int_common &rArr; _printf_post_padding
</UL>
<BR>[Calls]<UL><LI><a href="#[8d]">&gt;&gt;</a>&nbsp;&nbsp;&nbsp;_printf_ll_hex
</UL>

<P><STRONG><a name="[1f6]"></a>_printf_l</STRONG> (Thumb, 0 bytes, Stack size unknown bytes, _printf_l.o(.ARM.Collect$$_printf_percent$$00000012))

<P><STRONG><a name="[8e]"></a>_printf_c</STRONG> (Thumb, 0 bytes, Stack size unknown bytes, _printf_c.o(.ARM.Collect$$_printf_percent$$00000013))
<BR><BR>[Stack]<UL><LI>Max Depth = 40 + Unknown Stack Size
<LI>Call Chain = _printf_c &rArr; _printf_char &rArr; _printf_cs_common &rArr; _printf_str &rArr; _printf_post_padding
</UL>
<BR>[Calls]<UL><LI><a href="#[8f]">&gt;&gt;</a>&nbsp;&nbsp;&nbsp;_printf_char
</UL>

<P><STRONG><a name="[90]"></a>_printf_s</STRONG> (Thumb, 0 bytes, Stack size unknown bytes, _printf_s.o(.ARM.Collect$$_printf_percent$$00000014))
<BR><BR>[Stack]<UL><LI>Max Depth = 40 + Unknown Stack Size
<LI>Call Chain = _printf_s &rArr; _printf_string &rArr; _printf_cs_common &rArr; _printf_str &rArr; _printf_post_padding
</UL>
<BR>[Calls]<UL><LI><a href="#[91]">&gt;&gt;</a>&nbsp;&nbsp;&nbsp;_printf_string
</UL>

<P><STRONG><a name="[92]"></a>_printf_lc</STRONG> (Thumb, 0 bytes, Stack size unknown bytes, _printf_lc.o(.ARM.Collect$$_printf_percent$$00000015))
<BR><BR>[Stack]<UL><LI>Max Depth = 88 + Unknown Stack Size
<LI>Call Chain = _printf_lc &rArr; _printf_wchar &rArr; _printf_lcs_common &rArr; _printf_wctomb &rArr; _wcrtomb &rArr; __rt_ctype_table
</UL>
<BR>[Calls]<UL><LI><a href="#[93]">&gt;&gt;</a>&nbsp;&nbsp;&nbsp;_printf_wchar
</UL>

<P><STRONG><a name="[94]"></a>_printf_ls</STRONG> (Thumb, 0 bytes, Stack size unknown bytes, _printf_ls.o(.ARM.Collect$$_printf_percent$$00000016))
<BR><BR>[Stack]<UL><LI>Max Depth = 88 + Unknown Stack Size
<LI>Call Chain = _printf_ls &rArr; _printf_wstring &rArr; _printf_lcs_common &rArr; _printf_wctomb &rArr; _wcrtomb &rArr; __rt_ctype_table
</UL>
<BR>[Calls]<UL><LI><a href="#[95]">&gt;&gt;</a>&nbsp;&nbsp;&nbsp;_printf_wstring
</UL>

<P><STRONG><a name="[1f7]"></a>_printf_percent_end</STRONG> (Thumb, 0 bytes, Stack size unknown bytes, _printf_percent_end.o(.ARM.Collect$$_printf_percent$$00000017))

<P><STRONG><a name="[a0]"></a>__rt_lib_init</STRONG> (Thumb, 0 bytes, Stack size unknown bytes, libinit.o(.ARM.Collect$$libinit$$00000000))
<BR><BR>[Called By]<UL><LI><a href="#[9f]">&gt;&gt;</a>&nbsp;&nbsp;&nbsp;__rt_entry_li
</UL>

<P><STRONG><a name="[96]"></a>__rt_lib_init_fp_1</STRONG> (Thumb, 0 bytes, Stack size unknown bytes, libinit2.o(.ARM.Collect$$libinit$$00000001))
<BR><BR>[Calls]<UL><LI><a href="#[97]">&gt;&gt;</a>&nbsp;&nbsp;&nbsp;_fp_init
</UL>

<P><STRONG><a name="[1f8]"></a>__rt_lib_init_heap_1</STRONG> (Thumb, 0 bytes, Stack size unknown bytes, libinit2.o(.ARM.Collect$$libinit$$0000000A))

<P><STRONG><a name="[98]"></a>__rt_lib_init_lc_common</STRONG> (Thumb, 0 bytes, Stack size unknown bytes, libinit2.o(.ARM.Collect$$libinit$$0000000F))
<BR><BR>[Calls]<UL><LI><a href="#[99]">&gt;&gt;</a>&nbsp;&nbsp;&nbsp;__rt_locale
</UL>

<P><STRONG><a name="[1f9]"></a>__rt_lib_init_preinit_1</STRONG> (Thumb, 0 bytes, Stack size unknown bytes, libinit2.o(.ARM.Collect$$libinit$$00000004))

<P><STRONG><a name="[1fa]"></a>__rt_lib_init_rand_1</STRONG> (Thumb, 0 bytes, Stack size unknown bytes, libinit2.o(.ARM.Collect$$libinit$$0000000E))

<P><STRONG><a name="[1fb]"></a>__rt_lib_init_user_alloc_1</STRONG> (Thumb, 0 bytes, Stack size unknown bytes, libinit2.o(.ARM.Collect$$libinit$$0000000C))

<P><STRONG><a name="[1fc]"></a>__rt_lib_init_lc_collate_1</STRONG> (Thumb, 0 bytes, Stack size unknown bytes, libinit2.o(.ARM.Collect$$libinit$$00000011))

<P><STRONG><a name="[9a]"></a>__rt_lib_init_lc_ctype_2</STRONG> (Thumb, 0 bytes, Stack size unknown bytes, libinit2.o(.ARM.Collect$$libinit$$00000012))
<BR><BR>[Stack]<UL><LI>Max Depth = 8 + Unknown Stack Size
<LI>Call Chain = __rt_lib_init_lc_ctype_2 &rArr; _get_lc_ctype
</UL>
<BR>[Calls]<UL><LI><a href="#[65]">&gt;&gt;</a>&nbsp;&nbsp;&nbsp;_get_lc_ctype
</UL>

<P><STRONG><a name="[1fd]"></a>__rt_lib_init_lc_ctype_1</STRONG> (Thumb, 0 bytes, Stack size unknown bytes, libinit2.o(.ARM.Collect$$libinit$$00000013))

<P><STRONG><a name="[1fe]"></a>__rt_lib_init_lc_monetary_1</STRONG> (Thumb, 0 bytes, Stack size unknown bytes, libinit2.o(.ARM.Collect$$libinit$$00000015))

<P><STRONG><a name="[9b]"></a>__rt_lib_init_lc_numeric_2</STRONG> (Thumb, 0 bytes, Stack size unknown bytes, libinit2.o(.ARM.Collect$$libinit$$00000016))
<BR><BR>[Stack]<UL><LI>Max Depth = 8 + Unknown Stack Size
<LI>Call Chain = __rt_lib_init_lc_numeric_2 &rArr; _get_lc_numeric
</UL>
<BR>[Calls]<UL><LI><a href="#[9c]">&gt;&gt;</a>&nbsp;&nbsp;&nbsp;_get_lc_numeric
</UL>

<P><STRONG><a name="[1ff]"></a>__rt_lib_init_alloca_1</STRONG> (Thumb, 0 bytes, Stack size unknown bytes, libinit2.o(.ARM.Collect$$libinit$$0000002E))

<P><STRONG><a name="[200]"></a>__rt_lib_init_argv_1</STRONG> (Thumb, 0 bytes, Stack size unknown bytes, libinit2.o(.ARM.Collect$$libinit$$0000002C))

<P><STRONG><a name="[201]"></a>__rt_lib_init_atexit_1</STRONG> (Thumb, 0 bytes, Stack size unknown bytes, libinit2.o(.ARM.Collect$$libinit$$0000001B))

<P><STRONG><a name="[202]"></a>__rt_lib_init_clock_1</STRONG> (Thumb, 0 bytes, Stack size unknown bytes, libinit2.o(.ARM.Collect$$libinit$$00000021))

<P><STRONG><a name="[203]"></a>__rt_lib_init_cpp_1</STRONG> (Thumb, 0 bytes, Stack size unknown bytes, libinit2.o(.ARM.Collect$$libinit$$00000032))

<P><STRONG><a name="[204]"></a>__rt_lib_init_exceptions_1</STRONG> (Thumb, 0 bytes, Stack size unknown bytes, libinit2.o(.ARM.Collect$$libinit$$00000030))

<P><STRONG><a name="[205]"></a>__rt_lib_init_fp_trap_1</STRONG> (Thumb, 0 bytes, Stack size unknown bytes, libinit2.o(.ARM.Collect$$libinit$$0000001F))

<P><STRONG><a name="[206]"></a>__rt_lib_init_getenv_1</STRONG> (Thumb, 0 bytes, Stack size unknown bytes, libinit2.o(.ARM.Collect$$libinit$$00000023))

<P><STRONG><a name="[207]"></a>__rt_lib_init_lc_numeric_1</STRONG> (Thumb, 0 bytes, Stack size unknown bytes, libinit2.o(.ARM.Collect$$libinit$$00000017))

<P><STRONG><a name="[208]"></a>__rt_lib_init_lc_time_1</STRONG> (Thumb, 0 bytes, Stack size unknown bytes, libinit2.o(.ARM.Collect$$libinit$$00000019))

<P><STRONG><a name="[209]"></a>__rt_lib_init_return</STRONG> (Thumb, 0 bytes, Stack size unknown bytes, libinit2.o(.ARM.Collect$$libinit$$00000033))

<P><STRONG><a name="[20a]"></a>__rt_lib_init_signal_1</STRONG> (Thumb, 0 bytes, Stack size unknown bytes, libinit2.o(.ARM.Collect$$libinit$$0000001D))

<P><STRONG><a name="[20b]"></a>__rt_lib_init_stdio_1</STRONG> (Thumb, 0 bytes, Stack size unknown bytes, libinit2.o(.ARM.Collect$$libinit$$00000025))

<P><STRONG><a name="[a5]"></a>__rt_lib_shutdown</STRONG> (Thumb, 0 bytes, Stack size unknown bytes, libshutdown.o(.ARM.Collect$$libshutdown$$00000000))
<BR><BR>[Called By]<UL><LI><a href="#[a4]">&gt;&gt;</a>&nbsp;&nbsp;&nbsp;__rt_exit_ls
</UL>

<P><STRONG><a name="[20c]"></a>__rt_lib_shutdown_fp_trap_1</STRONG> (Thumb, 0 bytes, Stack size unknown bytes, libshutdown2.o(.ARM.Collect$$libshutdown$$00000006))

<P><STRONG><a name="[20d]"></a>__rt_lib_shutdown_heap_1</STRONG> (Thumb, 0 bytes, Stack size unknown bytes, libshutdown2.o(.ARM.Collect$$libshutdown$$0000000E))

<P><STRONG><a name="[20e]"></a>__rt_lib_shutdown_return</STRONG> (Thumb, 0 bytes, Stack size unknown bytes, libshutdown2.o(.ARM.Collect$$libshutdown$$0000000F))

<P><STRONG><a name="[20f]"></a>__rt_lib_shutdown_signal_1</STRONG> (Thumb, 0 bytes, Stack size unknown bytes, libshutdown2.o(.ARM.Collect$$libshutdown$$00000009))

<P><STRONG><a name="[210]"></a>__rt_lib_shutdown_stdio_1</STRONG> (Thumb, 0 bytes, Stack size unknown bytes, libshutdown2.o(.ARM.Collect$$libshutdown$$00000003))

<P><STRONG><a name="[211]"></a>__rt_lib_shutdown_user_alloc_1</STRONG> (Thumb, 0 bytes, Stack size unknown bytes, libshutdown2.o(.ARM.Collect$$libshutdown$$0000000B))

<P><STRONG><a name="[72]"></a>__rt_entry</STRONG> (Thumb, 0 bytes, Stack size unknown bytes, __rtentry.o(.ARM.Collect$$rtentry$$00000000))
<BR><BR>[Called By]<UL><LI><a href="#[70]">&gt;&gt;</a>&nbsp;&nbsp;&nbsp;__main
<LI><a href="#[73]">&gt;&gt;</a>&nbsp;&nbsp;&nbsp;__scatterload_rt2
</UL>

<P><STRONG><a name="[212]"></a>__rt_entry_presh_1</STRONG> (Thumb, 0 bytes, Stack size unknown bytes, __rtentry2.o(.ARM.Collect$$rtentry$$00000002))

<P><STRONG><a name="[9d]"></a>__rt_entry_sh</STRONG> (Thumb, 0 bytes, Stack size unknown bytes, __rtentry4.o(.ARM.Collect$$rtentry$$00000004))
<BR><BR>[Stack]<UL><LI>Max Depth = 8 + Unknown Stack Size
<LI>Call Chain = __rt_entry_sh &rArr; __user_setup_stackheap
</UL>
<BR>[Calls]<UL><LI><a href="#[9e]">&gt;&gt;</a>&nbsp;&nbsp;&nbsp;__user_setup_stackheap
</UL>

<P><STRONG><a name="[9f]"></a>__rt_entry_li</STRONG> (Thumb, 0 bytes, Stack size unknown bytes, __rtentry2.o(.ARM.Collect$$rtentry$$0000000A))
<BR><BR>[Calls]<UL><LI><a href="#[a0]">&gt;&gt;</a>&nbsp;&nbsp;&nbsp;__rt_lib_init
</UL>

<P><STRONG><a name="[213]"></a>__rt_entry_postsh_1</STRONG> (Thumb, 0 bytes, Stack size unknown bytes, __rtentry2.o(.ARM.Collect$$rtentry$$00000009))

<P><STRONG><a name="[a1]"></a>__rt_entry_main</STRONG> (Thumb, 0 bytes, Stack size unknown bytes, __rtentry2.o(.ARM.Collect$$rtentry$$0000000D))
<BR><BR>[Stack]<UL><LI>Max Depth = 664 + Unknown Stack Size
<LI>Call Chain = __rt_entry_main &rArr; main &rArr; vTaskStartScheduler &rArr; xTimerCreateTimerTask &rArr; xTaskCreate &rArr; prvAddNewTaskToReadyList &rArr; prvTraceStoreStringEvent &rArr; prvTraceStoreStringEventHelper &rArr; vTraceStop &rArr; prvSetRecorderEnabled &rArr; prvTraceStoreSymbolTable &rArr; prvTraceWarning &rArr; prvTraceStoreSimpleStringEventHelper &rArr;  vTraceStop (Cycle)
</UL>
<BR>[Calls]<UL><LI><a href="#[a2]">&gt;&gt;</a>&nbsp;&nbsp;&nbsp;main
<LI><a href="#[a3]">&gt;&gt;</a>&nbsp;&nbsp;&nbsp;exit
</UL>

<P><STRONG><a name="[214]"></a>__rt_entry_postli_1</STRONG> (Thumb, 0 bytes, Stack size unknown bytes, __rtentry2.o(.ARM.Collect$$rtentry$$0000000C))

<P><STRONG><a name="[d5]"></a>__rt_exit</STRONG> (Thumb, 0 bytes, Stack size unknown bytes, rtexit.o(.ARM.Collect$$rtexit$$00000000))
<BR><BR>[Called By]<UL><LI><a href="#[a3]">&gt;&gt;</a>&nbsp;&nbsp;&nbsp;exit
</UL>

<P><STRONG><a name="[a4]"></a>__rt_exit_ls</STRONG> (Thumb, 0 bytes, Stack size unknown bytes, rtexit2.o(.ARM.Collect$$rtexit$$00000003))
<BR><BR>[Calls]<UL><LI><a href="#[a5]">&gt;&gt;</a>&nbsp;&nbsp;&nbsp;__rt_lib_shutdown
</UL>

<P><STRONG><a name="[215]"></a>__rt_exit_prels_1</STRONG> (Thumb, 0 bytes, Stack size unknown bytes, rtexit2.o(.ARM.Collect$$rtexit$$00000002))

<P><STRONG><a name="[a6]"></a>__rt_exit_exit</STRONG> (Thumb, 0 bytes, Stack size unknown bytes, rtexit2.o(.ARM.Collect$$rtexit$$00000004))
<BR><BR>[Calls]<UL><LI><a href="#[a7]">&gt;&gt;</a>&nbsp;&nbsp;&nbsp;_sys_exit
</UL>

<P><STRONG><a name="[9]"></a>SVC_Handler</STRONG> (Thumb, 28 bytes, Stack size 0 bytes, port.o(.emb_text))
<BR>[Address Reference Count : 1]<UL><LI> startup_stm32f40_41xxx.o(RESET)
</UL>
<P><STRONG><a name="[1d8]"></a>__asm___6_port_c_39a90d8d__prvStartFirstTask</STRONG> (Thumb, 36 bytes, Stack size 0 bytes, port.o(.emb_text))
<BR><BR>[Called By]<UL><LI><a href="#[1d2]">&gt;&gt;</a>&nbsp;&nbsp;&nbsp;xPortStartScheduler
</UL>

<P><STRONG><a name="[1d7]"></a>__asm___6_port_c_39a90d8d__prvEnableVFP</STRONG> (Thumb, 16 bytes, Stack size 0 bytes, port.o(.emb_text))
<BR><BR>[Called By]<UL><LI><a href="#[1d2]">&gt;&gt;</a>&nbsp;&nbsp;&nbsp;xPortStartScheduler
</UL>

<P><STRONG><a name="[b]"></a>PendSV_Handler</STRONG> (Thumb, 88 bytes, Stack size 0 bytes, port.o(.emb_text))
<BR><BR>[Stack]<UL><LI>Max Depth = 368<LI>Call Chain = PendSV_Handler &rArr; vTaskSwitchContext &rArr; prvTraceStoreEvent2 &rArr; vTraceStop &rArr; prvSetRecorderEnabled &rArr; prvTraceStoreSymbolTable &rArr; prvTraceWarning &rArr; prvTraceStoreSimpleStringEventHelper &rArr;  vTraceStop (Cycle)
</UL>
<BR>[Calls]<UL><LI><a href="#[a8]">&gt;&gt;</a>&nbsp;&nbsp;&nbsp;vTaskSwitchContext
</UL>
<BR>[Address Reference Count : 1]<UL><LI> startup_stm32f40_41xxx.o(RESET)
</UL>
<P><STRONG><a name="[216]"></a>vPortGetIPSR</STRONG> (Thumb, 6 bytes, Stack size 0 bytes, port.o(.emb_text), UNUSED)

<P><STRONG><a name="[3]"></a>Reset_Handler</STRONG> (Thumb, 8 bytes, Stack size 0 bytes, startup_stm32f40_41xxx.o(.text))
<BR>[Address Reference Count : 1]<UL><LI> startup_stm32f40_41xxx.o(RESET)
</UL>
<P><STRONG><a name="[1f]"></a>ADC_IRQHandler</STRONG> (Thumb, 0 bytes, Stack size 0 bytes, startup_stm32f40_41xxx.o(.text))
<BR><BR>[Calls]<UL><LI><a href="#[1f]">&gt;&gt;</a>&nbsp;&nbsp;&nbsp;ADC_IRQHandler
</UL>
<BR>[Called By]<UL><LI><a href="#[1f]">&gt;&gt;</a>&nbsp;&nbsp;&nbsp;ADC_IRQHandler
</UL>
<BR>[Address Reference Count : 1]<UL><LI> startup_stm32f40_41xxx.o(RESET)
</UL>
<P><STRONG><a name="[21]"></a>CAN1_RX0_IRQHandler</STRONG> (Thumb, 0 bytes, Stack size 0 bytes, startup_stm32f40_41xxx.o(.text))
<BR>[Address Reference Count : 1]<UL><LI> startup_stm32f40_41xxx.o(RESET)
</UL>
<P><STRONG><a name="[22]"></a>CAN1_RX1_IRQHandler</STRONG> (Thumb, 0 bytes, Stack size 0 bytes, startup_stm32f40_41xxx.o(.text))
<BR>[Address Reference Count : 1]<UL><LI> startup_stm32f40_41xxx.o(RESET)
</UL>
<P><STRONG><a name="[23]"></a>CAN1_SCE_IRQHandler</STRONG> (Thumb, 0 bytes, Stack size 0 bytes, startup_stm32f40_41xxx.o(.text))
<BR>[Address Reference Count : 1]<UL><LI> startup_stm32f40_41xxx.o(RESET)
</UL>
<P><STRONG><a name="[20]"></a>CAN1_TX_IRQHandler</STRONG> (Thumb, 0 bytes, Stack size 0 bytes, startup_stm32f40_41xxx.o(.text))
<BR>[Address Reference Count : 1]<UL><LI> startup_stm32f40_41xxx.o(RESET)
</UL>
<P><STRONG><a name="[4d]"></a>CAN2_RX0_IRQHandler</STRONG> (Thumb, 0 bytes, Stack size 0 bytes, startup_stm32f40_41xxx.o(.text))
<BR>[Address Reference Count : 1]<UL><LI> startup_stm32f40_41xxx.o(RESET)
</UL>
<P><STRONG><a name="[4e]"></a>CAN2_RX1_IRQHandler</STRONG> (Thumb, 0 bytes, Stack size 0 bytes, startup_stm32f40_41xxx.o(.text))
<BR>[Address Reference Count : 1]<UL><LI> startup_stm32f40_41xxx.o(RESET)
</UL>
<P><STRONG><a name="[4f]"></a>CAN2_SCE_IRQHandler</STRONG> (Thumb, 0 bytes, Stack size 0 bytes, startup_stm32f40_41xxx.o(.text))
<BR>[Address Reference Count : 1]<UL><LI> startup_stm32f40_41xxx.o(RESET)
</UL>
<P><STRONG><a name="[4c]"></a>CAN2_TX_IRQHandler</STRONG> (Thumb, 0 bytes, Stack size 0 bytes, startup_stm32f40_41xxx.o(.text))
<BR>[Address Reference Count : 1]<UL><LI> startup_stm32f40_41xxx.o(RESET)
</UL>
<P><STRONG><a name="[5c]"></a>CRYP_IRQHandler</STRONG> (Thumb, 0 bytes, Stack size 0 bytes, startup_stm32f40_41xxx.o(.text))
<BR>[Address Reference Count : 1]<UL><LI> startup_stm32f40_41xxx.o(RESET)
</UL>
<P><STRONG><a name="[5b]"></a>DCMI_IRQHandler</STRONG> (Thumb, 0 bytes, Stack size 0 bytes, startup_stm32f40_41xxx.o(.text))
<BR>[Address Reference Count : 1]<UL><LI> startup_stm32f40_41xxx.o(RESET)
</UL>
<P><STRONG><a name="[18]"></a>DMA1_Stream0_IRQHandler</STRONG> (Thumb, 0 bytes, Stack size 0 bytes, startup_stm32f40_41xxx.o(.text))
<BR>[Address Reference Count : 1]<UL><LI> startup_stm32f40_41xxx.o(RESET)
</UL>
<P><STRONG><a name="[19]"></a>DMA1_Stream1_IRQHandler</STRONG> (Thumb, 0 bytes, Stack size 0 bytes, startup_stm32f40_41xxx.o(.text))
<BR>[Address Reference Count : 1]<UL><LI> startup_stm32f40_41xxx.o(RESET)
</UL>
<P><STRONG><a name="[1a]"></a>DMA1_Stream2_IRQHandler</STRONG> (Thumb, 0 bytes, Stack size 0 bytes, startup_stm32f40_41xxx.o(.text))
<BR>[Address Reference Count : 1]<UL><LI> startup_stm32f40_41xxx.o(RESET)
</UL>
<P><STRONG><a name="[1b]"></a>DMA1_Stream3_IRQHandler</STRONG> (Thumb, 0 bytes, Stack size 0 bytes, startup_stm32f40_41xxx.o(.text))
<BR>[Address Reference Count : 1]<UL><LI> startup_stm32f40_41xxx.o(RESET)
</UL>
<P><STRONG><a name="[1c]"></a>DMA1_Stream4_IRQHandler</STRONG> (Thumb, 0 bytes, Stack size 0 bytes, startup_stm32f40_41xxx.o(.text))
<BR>[Address Reference Count : 1]<UL><LI> startup_stm32f40_41xxx.o(RESET)
</UL>
<P><STRONG><a name="[1d]"></a>DMA1_Stream5_IRQHandler</STRONG> (Thumb, 0 bytes, Stack size 0 bytes, startup_stm32f40_41xxx.o(.text))
<BR>[Address Reference Count : 1]<UL><LI> startup_stm32f40_41xxx.o(RESET)
</UL>
<P><STRONG><a name="[1e]"></a>DMA1_Stream6_IRQHandler</STRONG> (Thumb, 0 bytes, Stack size 0 bytes, startup_stm32f40_41xxx.o(.text))
<BR>[Address Reference Count : 1]<UL><LI> startup_stm32f40_41xxx.o(RESET)
</UL>
<P><STRONG><a name="[3c]"></a>DMA1_Stream7_IRQHandler</STRONG> (Thumb, 0 bytes, Stack size 0 bytes, startup_stm32f40_41xxx.o(.text))
<BR>[Address Reference Count : 1]<UL><LI> startup_stm32f40_41xxx.o(RESET)
</UL>
<P><STRONG><a name="[46]"></a>DMA2_Stream1_IRQHandler</STRONG> (Thumb, 0 bytes, Stack size 0 bytes, startup_stm32f40_41xxx.o(.text))
<BR>[Address Reference Count : 1]<UL><LI> startup_stm32f40_41xxx.o(RESET)
</UL>
<P><STRONG><a name="[47]"></a>DMA2_Stream2_IRQHandler</STRONG> (Thumb, 0 bytes, Stack size 0 bytes, startup_stm32f40_41xxx.o(.text))
<BR>[Address Reference Count : 1]<UL><LI> startup_stm32f40_41xxx.o(RESET)
</UL>
<P><STRONG><a name="[48]"></a>DMA2_Stream3_IRQHandler</STRONG> (Thumb, 0 bytes, Stack size 0 bytes, startup_stm32f40_41xxx.o(.text))
<BR>[Address Reference Count : 1]<UL><LI> startup_stm32f40_41xxx.o(RESET)
</UL>
<P><STRONG><a name="[49]"></a>DMA2_Stream4_IRQHandler</STRONG> (Thumb, 0 bytes, Stack size 0 bytes, startup_stm32f40_41xxx.o(.text))
<BR>[Address Reference Count : 1]<UL><LI> startup_stm32f40_41xxx.o(RESET)
</UL>
<P><STRONG><a name="[51]"></a>DMA2_Stream5_IRQHandler</STRONG> (Thumb, 0 bytes, Stack size 0 bytes, startup_stm32f40_41xxx.o(.text))
<BR>[Address Reference Count : 1]<UL><LI> startup_stm32f40_41xxx.o(RESET)
</UL>
<P><STRONG><a name="[52]"></a>DMA2_Stream6_IRQHandler</STRONG> (Thumb, 0 bytes, Stack size 0 bytes, startup_stm32f40_41xxx.o(.text))
<BR>[Address Reference Count : 1]<UL><LI> startup_stm32f40_41xxx.o(RESET)
</UL>
<P><STRONG><a name="[53]"></a>DMA2_Stream7_IRQHandler</STRONG> (Thumb, 0 bytes, Stack size 0 bytes, startup_stm32f40_41xxx.o(.text))
<BR>[Address Reference Count : 1]<UL><LI> startup_stm32f40_41xxx.o(RESET)
</UL>
<P><STRONG><a name="[4a]"></a>ETH_IRQHandler</STRONG> (Thumb, 0 bytes, Stack size 0 bytes, startup_stm32f40_41xxx.o(.text))
<BR>[Address Reference Count : 1]<UL><LI> startup_stm32f40_41xxx.o(RESET)
</UL>
<P><STRONG><a name="[4b]"></a>ETH_WKUP_IRQHandler</STRONG> (Thumb, 0 bytes, Stack size 0 bytes, startup_stm32f40_41xxx.o(.text))
<BR>[Address Reference Count : 1]<UL><LI> startup_stm32f40_41xxx.o(RESET)
</UL>
<P><STRONG><a name="[13]"></a>EXTI0_IRQHandler</STRONG> (Thumb, 0 bytes, Stack size 0 bytes, startup_stm32f40_41xxx.o(.text))
<BR>[Address Reference Count : 1]<UL><LI> startup_stm32f40_41xxx.o(RESET)
</UL>
<P><STRONG><a name="[35]"></a>EXTI15_10_IRQHandler</STRONG> (Thumb, 0 bytes, Stack size 0 bytes, startup_stm32f40_41xxx.o(.text))
<BR>[Address Reference Count : 1]<UL><LI> startup_stm32f40_41xxx.o(RESET)
</UL>
<P><STRONG><a name="[14]"></a>EXTI1_IRQHandler</STRONG> (Thumb, 0 bytes, Stack size 0 bytes, startup_stm32f40_41xxx.o(.text))
<BR>[Address Reference Count : 1]<UL><LI> startup_stm32f40_41xxx.o(RESET)
</UL>
<P><STRONG><a name="[15]"></a>EXTI2_IRQHandler</STRONG> (Thumb, 0 bytes, Stack size 0 bytes, startup_stm32f40_41xxx.o(.text))
<BR>[Address Reference Count : 1]<UL><LI> startup_stm32f40_41xxx.o(RESET)
</UL>
<P><STRONG><a name="[16]"></a>EXTI3_IRQHandler</STRONG> (Thumb, 0 bytes, Stack size 0 bytes, startup_stm32f40_41xxx.o(.text))
<BR>[Address Reference Count : 1]<UL><LI> startup_stm32f40_41xxx.o(RESET)
</UL>
<P><STRONG><a name="[17]"></a>EXTI4_IRQHandler</STRONG> (Thumb, 0 bytes, Stack size 0 bytes, startup_stm32f40_41xxx.o(.text))
<BR>[Address Reference Count : 1]<UL><LI> startup_stm32f40_41xxx.o(RESET)
</UL>
<P><STRONG><a name="[24]"></a>EXTI9_5_IRQHandler</STRONG> (Thumb, 0 bytes, Stack size 0 bytes, startup_stm32f40_41xxx.o(.text))
<BR>[Address Reference Count : 1]<UL><LI> startup_stm32f40_41xxx.o(RESET)
</UL>
<P><STRONG><a name="[11]"></a>FLASH_IRQHandler</STRONG> (Thumb, 0 bytes, Stack size 0 bytes, startup_stm32f40_41xxx.o(.text))
<BR>[Address Reference Count : 1]<UL><LI> startup_stm32f40_41xxx.o(RESET)
</UL>
<P><STRONG><a name="[5e]"></a>FPU_IRQHandler</STRONG> (Thumb, 0 bytes, Stack size 0 bytes, startup_stm32f40_41xxx.o(.text))
<BR>[Address Reference Count : 1]<UL><LI> startup_stm32f40_41xxx.o(RESET)
</UL>
<P><STRONG><a name="[3d]"></a>FSMC_IRQHandler</STRONG> (Thumb, 0 bytes, Stack size 0 bytes, startup_stm32f40_41xxx.o(.text))
<BR>[Address Reference Count : 1]<UL><LI> startup_stm32f40_41xxx.o(RESET)
</UL>
<P><STRONG><a name="[5d]"></a>HASH_RNG_IRQHandler</STRONG> (Thumb, 0 bytes, Stack size 0 bytes, startup_stm32f40_41xxx.o(.text))
<BR>[Address Reference Count : 1]<UL><LI> startup_stm32f40_41xxx.o(RESET)
</UL>
<P><STRONG><a name="[2d]"></a>I2C1_ER_IRQHandler</STRONG> (Thumb, 0 bytes, Stack size 0 bytes, startup_stm32f40_41xxx.o(.text))
<BR>[Address Reference Count : 1]<UL><LI> startup_stm32f40_41xxx.o(RESET)
</UL>
<P><STRONG><a name="[2c]"></a>I2C1_EV_IRQHandler</STRONG> (Thumb, 0 bytes, Stack size 0 bytes, startup_stm32f40_41xxx.o(.text))
<BR>[Address Reference Count : 1]<UL><LI> startup_stm32f40_41xxx.o(RESET)
</UL>
<P><STRONG><a name="[2f]"></a>I2C2_ER_IRQHandler</STRONG> (Thumb, 0 bytes, Stack size 0 bytes, startup_stm32f40_41xxx.o(.text))
<BR>[Address Reference Count : 1]<UL><LI> startup_stm32f40_41xxx.o(RESET)
</UL>
<P><STRONG><a name="[2e]"></a>I2C2_EV_IRQHandler</STRONG> (Thumb, 0 bytes, Stack size 0 bytes, startup_stm32f40_41xxx.o(.text))
<BR>[Address Reference Count : 1]<UL><LI> startup_stm32f40_41xxx.o(RESET)
</UL>
<P><STRONG><a name="[56]"></a>I2C3_ER_IRQHandler</STRONG> (Thumb, 0 bytes, Stack size 0 bytes, startup_stm32f40_41xxx.o(.text))
<BR>[Address Reference Count : 1]<UL><LI> startup_stm32f40_41xxx.o(RESET)
</UL>
<P><STRONG><a name="[55]"></a>I2C3_EV_IRQHandler</STRONG> (Thumb, 0 bytes, Stack size 0 bytes, startup_stm32f40_41xxx.o(.text))
<BR>[Address Reference Count : 1]<UL><LI> startup_stm32f40_41xxx.o(RESET)
</UL>
<P><STRONG><a name="[50]"></a>OTG_FS_IRQHandler</STRONG> (Thumb, 0 bytes, Stack size 0 bytes, startup_stm32f40_41xxx.o(.text))
<BR>[Address Reference Count : 1]<UL><LI> startup_stm32f40_41xxx.o(RESET)
</UL>
<P><STRONG><a name="[37]"></a>OTG_FS_WKUP_IRQHandler</STRONG> (Thumb, 0 bytes, Stack size 0 bytes, startup_stm32f40_41xxx.o(.text))
<BR>[Address Reference Count : 1]<UL><LI> startup_stm32f40_41xxx.o(RESET)
</UL>
<P><STRONG><a name="[58]"></a>OTG_HS_EP1_IN_IRQHandler</STRONG> (Thumb, 0 bytes, Stack size 0 bytes, startup_stm32f40_41xxx.o(.text))
<BR>[Address Reference Count : 1]<UL><LI> startup_stm32f40_41xxx.o(RESET)
</UL>
<P><STRONG><a name="[57]"></a>OTG_HS_EP1_OUT_IRQHandler</STRONG> (Thumb, 0 bytes, Stack size 0 bytes, startup_stm32f40_41xxx.o(.text))
<BR>[Address Reference Count : 1]<UL><LI> startup_stm32f40_41xxx.o(RESET)
</UL>
<P><STRONG><a name="[5a]"></a>OTG_HS_IRQHandler</STRONG> (Thumb, 0 bytes, Stack size 0 bytes, startup_stm32f40_41xxx.o(.text))
<BR>[Address Reference Count : 1]<UL><LI> startup_stm32f40_41xxx.o(RESET)
</UL>
<P><STRONG><a name="[59]"></a>OTG_HS_WKUP_IRQHandler</STRONG> (Thumb, 0 bytes, Stack size 0 bytes, startup_stm32f40_41xxx.o(.text))
<BR>[Address Reference Count : 1]<UL><LI> startup_stm32f40_41xxx.o(RESET)
</UL>
<P><STRONG><a name="[e]"></a>PVD_IRQHandler</STRONG> (Thumb, 0 bytes, Stack size 0 bytes, startup_stm32f40_41xxx.o(.text))
<BR>[Address Reference Count : 1]<UL><LI> startup_stm32f40_41xxx.o(RESET)
</UL>
<P><STRONG><a name="[12]"></a>RCC_IRQHandler</STRONG> (Thumb, 0 bytes, Stack size 0 bytes, startup_stm32f40_41xxx.o(.text))
<BR>[Address Reference Count : 1]<UL><LI> startup_stm32f40_41xxx.o(RESET)
</UL>
<P><STRONG><a name="[36]"></a>RTC_Alarm_IRQHandler</STRONG> (Thumb, 0 bytes, Stack size 0 bytes, startup_stm32f40_41xxx.o(.text))
<BR>[Address Reference Count : 1]<UL><LI> startup_stm32f40_41xxx.o(RESET)
</UL>
<P><STRONG><a name="[10]"></a>RTC_WKUP_IRQHandler</STRONG> (Thumb, 0 bytes, Stack size 0 bytes, startup_stm32f40_41xxx.o(.text))
<BR>[Address Reference Count : 1]<UL><LI> startup_stm32f40_41xxx.o(RESET)
</UL>
<P><STRONG><a name="[3e]"></a>SDIO_IRQHandler</STRONG> (Thumb, 0 bytes, Stack size 0 bytes, startup_stm32f40_41xxx.o(.text))
<BR>[Address Reference Count : 1]<UL><LI> startup_stm32f40_41xxx.o(RESET)
</UL>
<P><STRONG><a name="[30]"></a>SPI1_IRQHandler</STRONG> (Thumb, 0 bytes, Stack size 0 bytes, startup_stm32f40_41xxx.o(.text))
<BR>[Address Reference Count : 1]<UL><LI> startup_stm32f40_41xxx.o(RESET)
</UL>
<P><STRONG><a name="[31]"></a>SPI2_IRQHandler</STRONG> (Thumb, 0 bytes, Stack size 0 bytes, startup_stm32f40_41xxx.o(.text))
<BR>[Address Reference Count : 1]<UL><LI> startup_stm32f40_41xxx.o(RESET)
</UL>
<P><STRONG><a name="[40]"></a>SPI3_IRQHandler</STRONG> (Thumb, 0 bytes, Stack size 0 bytes, startup_stm32f40_41xxx.o(.text))
<BR>[Address Reference Count : 1]<UL><LI> startup_stm32f40_41xxx.o(RESET)
</UL>
<P><STRONG><a name="[f]"></a>TAMP_STAMP_IRQHandler</STRONG> (Thumb, 0 bytes, Stack size 0 bytes, startup_stm32f40_41xxx.o(.text))
<BR>[Address Reference Count : 1]<UL><LI> startup_stm32f40_41xxx.o(RESET)
</UL>
<P><STRONG><a name="[25]"></a>TIM1_BRK_TIM9_IRQHandler</STRONG> (Thumb, 0 bytes, Stack size 0 bytes, startup_stm32f40_41xxx.o(.text))
<BR>[Address Reference Count : 1]<UL><LI> startup_stm32f40_41xxx.o(RESET)
</UL>
<P><STRONG><a name="[28]"></a>TIM1_CC_IRQHandler</STRONG> (Thumb, 0 bytes, Stack size 0 bytes, startup_stm32f40_41xxx.o(.text))
<BR>[Address Reference Count : 1]<UL><LI> startup_stm32f40_41xxx.o(RESET)
</UL>
<P><STRONG><a name="[27]"></a>TIM1_TRG_COM_TIM11_IRQHandler</STRONG> (Thumb, 0 bytes, Stack size 0 bytes, startup_stm32f40_41xxx.o(.text))
<BR>[Address Reference Count : 1]<UL><LI> startup_stm32f40_41xxx.o(RESET)
</UL>
<P><STRONG><a name="[26]"></a>TIM1_UP_TIM10_IRQHandler</STRONG> (Thumb, 0 bytes, Stack size 0 bytes, startup_stm32f40_41xxx.o(.text))
<BR>[Address Reference Count : 1]<UL><LI> startup_stm32f40_41xxx.o(RESET)
</UL>
<P><STRONG><a name="[2a]"></a>TIM3_IRQHandler</STRONG> (Thumb, 0 bytes, Stack size 0 bytes, startup_stm32f40_41xxx.o(.text))
<BR>[Address Reference Count : 1]<UL><LI> startup_stm32f40_41xxx.o(RESET)
</UL>
<P><STRONG><a name="[2b]"></a>TIM4_IRQHandler</STRONG> (Thumb, 0 bytes, Stack size 0 bytes, startup_stm32f40_41xxx.o(.text))
<BR>[Address Reference Count : 1]<UL><LI> startup_stm32f40_41xxx.o(RESET)
</UL>
<P><STRONG><a name="[43]"></a>TIM6_DAC_IRQHandler</STRONG> (Thumb, 0 bytes, Stack size 0 bytes, startup_stm32f40_41xxx.o(.text))
<BR>[Address Reference Count : 1]<UL><LI> startup_stm32f40_41xxx.o(RESET)
</UL>
<P><STRONG><a name="[44]"></a>TIM7_IRQHandler</STRONG> (Thumb, 0 bytes, Stack size 0 bytes, startup_stm32f40_41xxx.o(.text))
<BR>[Address Reference Count : 1]<UL><LI> startup_stm32f40_41xxx.o(RESET)
</UL>
<P><STRONG><a name="[38]"></a>TIM8_BRK_TIM12_IRQHandler</STRONG> (Thumb, 0 bytes, Stack size 0 bytes, startup_stm32f40_41xxx.o(.text))
<BR>[Address Reference Count : 1]<UL><LI> startup_stm32f40_41xxx.o(RESET)
</UL>
<P><STRONG><a name="[3b]"></a>TIM8_CC_IRQHandler</STRONG> (Thumb, 0 bytes, Stack size 0 bytes, startup_stm32f40_41xxx.o(.text))
<BR>[Address Reference Count : 1]<UL><LI> startup_stm32f40_41xxx.o(RESET)
</UL>
<P><STRONG><a name="[3a]"></a>TIM8_TRG_COM_TIM14_IRQHandler</STRONG> (Thumb, 0 bytes, Stack size 0 bytes, startup_stm32f40_41xxx.o(.text))
<BR>[Address Reference Count : 1]<UL><LI> startup_stm32f40_41xxx.o(RESET)
</UL>
<P><STRONG><a name="[39]"></a>TIM8_UP_TIM13_IRQHandler</STRONG> (Thumb, 0 bytes, Stack size 0 bytes, startup_stm32f40_41xxx.o(.text))
<BR>[Address Reference Count : 1]<UL><LI> startup_stm32f40_41xxx.o(RESET)
</UL>
<P><STRONG><a name="[41]"></a>UART4_IRQHandler</STRONG> (Thumb, 0 bytes, Stack size 0 bytes, startup_stm32f40_41xxx.o(.text))
<BR>[Address Reference Count : 1]<UL><LI> startup_stm32f40_41xxx.o(RESET)
</UL>
<P><STRONG><a name="[42]"></a>UART5_IRQHandler</STRONG> (Thumb, 0 bytes, Stack size 0 bytes, startup_stm32f40_41xxx.o(.text))
<BR>[Address Reference Count : 1]<UL><LI> startup_stm32f40_41xxx.o(RESET)
</UL>
<P><STRONG><a name="[33]"></a>USART2_IRQHandler</STRONG> (Thumb, 0 bytes, Stack size 0 bytes, startup_stm32f40_41xxx.o(.text))
<BR>[Address Reference Count : 1]<UL><LI> startup_stm32f40_41xxx.o(RESET)
</UL>
<P><STRONG><a name="[34]"></a>USART3_IRQHandler</STRONG> (Thumb, 0 bytes, Stack size 0 bytes, startup_stm32f40_41xxx.o(.text))
<BR>[Address Reference Count : 1]<UL><LI> startup_stm32f40_41xxx.o(RESET)
</UL>
<P><STRONG><a name="[54]"></a>USART6_IRQHandler</STRONG> (Thumb, 0 bytes, Stack size 0 bytes, startup_stm32f40_41xxx.o(.text))
<BR>[Address Reference Count : 1]<UL><LI> startup_stm32f40_41xxx.o(RESET)
</UL>
<P><STRONG><a name="[d]"></a>WWDG_IRQHandler</STRONG> (Thumb, 0 bytes, Stack size 0 bytes, startup_stm32f40_41xxx.o(.text))
<BR>[Address Reference Count : 1]<UL><LI> startup_stm32f40_41xxx.o(RESET)
</UL>
<P><STRONG><a name="[d4]"></a>__user_initial_stackheap</STRONG> (Thumb, 0 bytes, Stack size unknown bytes, startup_stm32f40_41xxx.o(.text))
<BR><BR>[Called By]<UL><LI><a href="#[9e]">&gt;&gt;</a>&nbsp;&nbsp;&nbsp;__user_setup_stackheap
</UL>

<P><STRONG><a name="[114]"></a>arm_cmplx_mag_f32</STRONG> (Thumb, 236 bytes, Stack size 0 bytes, arm_cmplx_mag_f32.o(.text))
<BR><BR>[Called By]<UL><LI><a href="#[113]">&gt;&gt;</a>&nbsp;&nbsp;&nbsp;FFT
</UL>

<P><STRONG><a name="[aa]"></a>arm_radix4_butterfly_f32</STRONG> (Thumb, 800 bytes, Stack size 60 bytes, arm_cfft_radix4_f32.o(.text))
<BR><BR>[Stack]<UL><LI>Max Depth = 60<LI>Call Chain = arm_radix4_butterfly_f32
</UL>
<BR>[Called By]<UL><LI><a href="#[a9]">&gt;&gt;</a>&nbsp;&nbsp;&nbsp;arm_cfft_radix4_f32
</UL>

<P><STRONG><a name="[ac]"></a>arm_radix4_butterfly_inverse_f32</STRONG> (Thumb, 836 bytes, Stack size 60 bytes, arm_cfft_radix4_f32.o(.text))
<BR><BR>[Stack]<UL><LI>Max Depth = 60<LI>Call Chain = arm_radix4_butterfly_inverse_f32
</UL>
<BR>[Called By]<UL><LI><a href="#[a9]">&gt;&gt;</a>&nbsp;&nbsp;&nbsp;arm_cfft_radix4_f32
</UL>

<P><STRONG><a name="[a9]"></a>arm_cfft_radix4_f32</STRONG> (Thumb, 60 bytes, Stack size 16 bytes, arm_cfft_radix4_f32.o(.text))
<BR><BR>[Stack]<UL><LI>Max Depth = 76<LI>Call Chain = arm_cfft_radix4_f32 &rArr; arm_radix4_butterfly_inverse_f32
</UL>
<BR>[Calls]<UL><LI><a href="#[ab]">&gt;&gt;</a>&nbsp;&nbsp;&nbsp;arm_bitreversal_f32
<LI><a href="#[ac]">&gt;&gt;</a>&nbsp;&nbsp;&nbsp;arm_radix4_butterfly_inverse_f32
<LI><a href="#[aa]">&gt;&gt;</a>&nbsp;&nbsp;&nbsp;arm_radix4_butterfly_f32
</UL>
<BR>[Called By]<UL><LI><a href="#[113]">&gt;&gt;</a>&nbsp;&nbsp;&nbsp;FFT
</UL>

<P><STRONG><a name="[169]"></a>arm_cfft_radix4_init_f32</STRONG> (Thumb, 146 bytes, Stack size 4 bytes, arm_cfft_radix4_init_f32.o(.text))
<BR><BR>[Stack]<UL><LI>Max Depth = 4<LI>Call Chain = arm_cfft_radix4_init_f32
</UL>
<BR>[Called By]<UL><LI><a href="#[a2]">&gt;&gt;</a>&nbsp;&nbsp;&nbsp;main
</UL>

<P><STRONG><a name="[ab]"></a>arm_bitreversal_f32</STRONG> (Thumb, 178 bytes, Stack size 20 bytes, arm_bitreversal.o(.text))
<BR><BR>[Stack]<UL><LI>Max Depth = 20<LI>Call Chain = arm_bitreversal_f32
</UL>
<BR>[Called By]<UL><LI><a href="#[a9]">&gt;&gt;</a>&nbsp;&nbsp;&nbsp;arm_cfft_radix4_f32
</UL>

<P><STRONG><a name="[217]"></a>arm_bitreversal_q31</STRONG> (Thumb, 180 bytes, Stack size 28 bytes, arm_bitreversal.o(.text), UNUSED)

<P><STRONG><a name="[218]"></a>arm_bitreversal_q15</STRONG> (Thumb, 128 bytes, Stack size 32 bytes, arm_bitreversal.o(.text), UNUSED)

<P><STRONG><a name="[219]"></a>__use_no_semihosting</STRONG> (Thumb, 2 bytes, Stack size 0 bytes, use_no_semi_2.o(.text), UNUSED)

<P><STRONG><a name="[ad]"></a>vsnprintf</STRONG> (Thumb, 48 bytes, Stack size 24 bytes, vsnprintf.o(.text))
<BR><BR>[Stack]<UL><LI>Max Depth = 128 + Unknown Stack Size
<LI>Call Chain = vsnprintf &rArr; _printf_char_common &rArr; __printf
</UL>
<BR>[Calls]<UL><LI><a href="#[62]">&gt;&gt;</a>&nbsp;&nbsp;&nbsp;_sputc
<LI><a href="#[ae]">&gt;&gt;</a>&nbsp;&nbsp;&nbsp;_printf_char_common
</UL>
<BR>[Called By]<UL><LI><a href="#[fc]">&gt;&gt;</a>&nbsp;&nbsp;&nbsp;App_Printf
</UL>

<P><STRONG><a name="[af]"></a>__2printf</STRONG> (Thumb, 20 bytes, Stack size 24 bytes, __2printf.o(.text))
<BR><BR>[Stack]<UL><LI>Max Depth = 144 + Unknown Stack Size
<LI>Call Chain = __2printf &rArr; _printf_char_file &rArr; _printf_char_common &rArr; __printf
</UL>
<BR>[Calls]<UL><LI><a href="#[b0]">&gt;&gt;</a>&nbsp;&nbsp;&nbsp;_printf_char_file
</UL>
<BR>[Called By]<UL><LI><a href="#[12c]">&gt;&gt;</a>&nbsp;&nbsp;&nbsp;LCD_Init
<LI><a href="#[fc]">&gt;&gt;</a>&nbsp;&nbsp;&nbsp;App_Printf
<LI><a href="#[68]">&gt;&gt;</a>&nbsp;&nbsp;&nbsp;LED_Task
<LI><a href="#[115]">&gt;&gt;</a>&nbsp;&nbsp;&nbsp;show_Maxima
<LI><a href="#[116]">&gt;&gt;</a>&nbsp;&nbsp;&nbsp;findTopTwo
<LI><a href="#[118]">&gt;&gt;</a>&nbsp;&nbsp;&nbsp;Rec_waveType2
<LI><a href="#[117]">&gt;&gt;</a>&nbsp;&nbsp;&nbsp;Rec_waveFreq
</UL>

<P><STRONG><a name="[b1]"></a>__2sprintf</STRONG> (Thumb, 38 bytes, Stack size 32 bytes, __2sprintf.o(.text))
<BR><BR>[Stack]<UL><LI>Max Depth = 136 + Unknown Stack Size
<LI>Call Chain = __2sprintf &rArr; _printf_char_common &rArr; __printf
</UL>
<BR>[Calls]<UL><LI><a href="#[62]">&gt;&gt;</a>&nbsp;&nbsp;&nbsp;_sputc
<LI><a href="#[ae]">&gt;&gt;</a>&nbsp;&nbsp;&nbsp;_printf_char_common
</UL>
<BR>[Called By]<UL><LI><a href="#[100]">&gt;&gt;</a>&nbsp;&nbsp;&nbsp;vTaskList
<LI><a href="#[101]">&gt;&gt;</a>&nbsp;&nbsp;&nbsp;vTaskGetRunTimeStats
</UL>

<P><STRONG><a name="[b2]"></a>_printf_str</STRONG> (Thumb, 82 bytes, Stack size 16 bytes, _printf_str.o(.text))
<BR><BR>[Stack]<UL><LI>Max Depth = 32<LI>Call Chain = _printf_str &rArr; _printf_post_padding
</UL>
<BR>[Calls]<UL><LI><a href="#[b4]">&gt;&gt;</a>&nbsp;&nbsp;&nbsp;_printf_post_padding
<LI><a href="#[b3]">&gt;&gt;</a>&nbsp;&nbsp;&nbsp;_printf_pre_padding
</UL>
<BR>[Called By]<UL><LI><a href="#[c9]">&gt;&gt;</a>&nbsp;&nbsp;&nbsp;_printf_cs_common
</UL>

<P><STRONG><a name="[7f]"></a>_printf_int_dec</STRONG> (Thumb, 104 bytes, Stack size 24 bytes, _printf_dec.o(.text))
<BR><BR>[Stack]<UL><LI>Max Depth = 72<LI>Call Chain = _printf_int_dec &rArr; _printf_int_common &rArr; _printf_post_padding
</UL>
<BR>[Calls]<UL><LI><a href="#[b7]">&gt;&gt;</a>&nbsp;&nbsp;&nbsp;_printf_int_common
<LI><a href="#[b6]">&gt;&gt;</a>&nbsp;&nbsp;&nbsp;_printf_truncate_unsigned
<LI><a href="#[b5]">&gt;&gt;</a>&nbsp;&nbsp;&nbsp;_printf_truncate_signed
</UL>
<BR>[Called By]<UL><LI><a href="#[7e]">&gt;&gt;</a>&nbsp;&nbsp;&nbsp;_printf_i
<LI><a href="#[81]">&gt;&gt;</a>&nbsp;&nbsp;&nbsp;_printf_u
<LI><a href="#[80]">&gt;&gt;</a>&nbsp;&nbsp;&nbsp;_printf_d
</UL>

<P><STRONG><a name="[b8]"></a>_printf_longlong_hex</STRONG> (Thumb, 86 bytes, Stack size 16 bytes, _printf_hex_int_ll_ptr.o(.text))
<BR><BR>[Stack]<UL><LI>Max Depth = 64<LI>Call Chain = _printf_longlong_hex &rArr; _printf_int_common &rArr; _printf_post_padding
</UL>
<BR>[Calls]<UL><LI><a href="#[b7]">&gt;&gt;</a>&nbsp;&nbsp;&nbsp;_printf_int_common
</UL>
<BR>[Called By]<UL><LI><a href="#[77]">&gt;&gt;</a>&nbsp;&nbsp;&nbsp;_printf_hex_ptr
<LI><a href="#[8d]">&gt;&gt;</a>&nbsp;&nbsp;&nbsp;_printf_ll_hex
<LI><a href="#[85]">&gt;&gt;</a>&nbsp;&nbsp;&nbsp;_printf_int_hex
</UL>

<P><STRONG><a name="[85]"></a>_printf_int_hex</STRONG> (Thumb, 28 bytes, Stack size 16 bytes, _printf_hex_int_ll_ptr.o(.text))
<BR><BR>[Stack]<UL><LI>Max Depth = 80<LI>Call Chain = _printf_int_hex &rArr; _printf_longlong_hex &rArr; _printf_int_common &rArr; _printf_post_padding
</UL>
<BR>[Calls]<UL><LI><a href="#[b6]">&gt;&gt;</a>&nbsp;&nbsp;&nbsp;_printf_truncate_unsigned
<LI><a href="#[b8]">&gt;&gt;</a>&nbsp;&nbsp;&nbsp;_printf_longlong_hex
</UL>
<BR>[Called By]<UL><LI><a href="#[84]">&gt;&gt;</a>&nbsp;&nbsp;&nbsp;_printf_x
</UL>

<P><STRONG><a name="[8d]"></a>_printf_ll_hex</STRONG> (Thumb, 12 bytes, Stack size 0 bytes, _printf_hex_int_ll_ptr.o(.text))
<BR><BR>[Stack]<UL><LI>Max Depth = 64<LI>Call Chain = _printf_ll_hex &rArr; _printf_longlong_hex &rArr; _printf_int_common &rArr; _printf_post_padding
</UL>
<BR>[Calls]<UL><LI><a href="#[b8]">&gt;&gt;</a>&nbsp;&nbsp;&nbsp;_printf_longlong_hex
</UL>
<BR>[Called By]<UL><LI><a href="#[8c]">&gt;&gt;</a>&nbsp;&nbsp;&nbsp;_printf_llx
</UL>

<P><STRONG><a name="[77]"></a>_printf_hex_ptr</STRONG> (Thumb, 18 bytes, Stack size 0 bytes, _printf_hex_int_ll_ptr.o(.text))
<BR><BR>[Stack]<UL><LI>Max Depth = 64<LI>Call Chain = _printf_hex_ptr &rArr; _printf_longlong_hex &rArr; _printf_int_common &rArr; _printf_post_padding
</UL>
<BR>[Calls]<UL><LI><a href="#[b8]">&gt;&gt;</a>&nbsp;&nbsp;&nbsp;_printf_longlong_hex
</UL>
<BR>[Called By]<UL><LI><a href="#[76]">&gt;&gt;</a>&nbsp;&nbsp;&nbsp;_printf_p
</UL>

<P><STRONG><a name="[b9]"></a>__printf</STRONG> (Thumb, 388 bytes, Stack size 40 bytes, __printf_flags_ss_wp.o(.text))
<BR><BR>[Stack]<UL><LI>Max Depth = 40 + Unknown Stack Size
<LI>Call Chain = __printf
</UL>
<BR>[Calls]<UL><LI><a href="#[bb]">&gt;&gt;</a>&nbsp;&nbsp;&nbsp;_printf_percent
<LI><a href="#[ba]">&gt;&gt;</a>&nbsp;&nbsp;&nbsp;_is_digit
</UL>
<BR>[Called By]<UL><LI><a href="#[ae]">&gt;&gt;</a>&nbsp;&nbsp;&nbsp;_printf_char_common
</UL>

<P><STRONG><a name="[15a]"></a>strcpy</STRONG> (Thumb, 72 bytes, Stack size 12 bytes, strcpy.o(.text))
<BR><BR>[Stack]<UL><LI>Max Depth = 12<LI>Call Chain = strcpy
</UL>
<BR>[Called By]<UL><LI><a href="#[1bd]">&gt;&gt;</a>&nbsp;&nbsp;&nbsp;prvWriteNameToBuffer
<LI><a href="#[138]">&gt;&gt;</a>&nbsp;&nbsp;&nbsp;_DoInit
</UL>

<P><STRONG><a name="[1be]"></a>strlen</STRONG> (Thumb, 62 bytes, Stack size 8 bytes, strlen.o(.text))
<BR><BR>[Stack]<UL><LI>Max Depth = 8<LI>Call Chain = strlen
</UL>
<BR>[Called By]<UL><LI><a href="#[100]">&gt;&gt;</a>&nbsp;&nbsp;&nbsp;vTaskList
<LI><a href="#[101]">&gt;&gt;</a>&nbsp;&nbsp;&nbsp;vTaskGetRunTimeStats
<LI><a href="#[1bd]">&gt;&gt;</a>&nbsp;&nbsp;&nbsp;prvWriteNameToBuffer
</UL>

<P><STRONG><a name="[13c]"></a>__aeabi_memcpy</STRONG> (Thumb, 0 bytes, Stack size 0 bytes, rt_memcpy_v6.o(.text))
<BR><BR>[Called By]<UL><LI><a href="#[183]">&gt;&gt;</a>&nbsp;&nbsp;&nbsp;prvCopyDataToQueue
<LI><a href="#[182]">&gt;&gt;</a>&nbsp;&nbsp;&nbsp;prvCopyDataFromQueue
<LI><a href="#[13b]">&gt;&gt;</a>&nbsp;&nbsp;&nbsp;SEGGER_RTT_ReadNoLock
<LI><a href="#[140]">&gt;&gt;</a>&nbsp;&nbsp;&nbsp;_WriteNoCheck
<LI><a href="#[141]">&gt;&gt;</a>&nbsp;&nbsp;&nbsp;_WriteBlocking
</UL>

<P><STRONG><a name="[bc]"></a>__rt_memcpy</STRONG> (Thumb, 138 bytes, Stack size 0 bytes, rt_memcpy_v6.o(.text), UNUSED)
<BR><BR>[Calls]<UL><LI><a href="#[bd]">&gt;&gt;</a>&nbsp;&nbsp;&nbsp;__aeabi_memcpy4
</UL>

<P><STRONG><a name="[21a]"></a>_memcpy_lastbytes</STRONG> (Thumb, 0 bytes, Stack size unknown bytes, rt_memcpy_v6.o(.text), UNUSED)

<P><STRONG><a name="[be]"></a>__aeabi_memset</STRONG> (Thumb, 16 bytes, Stack size 0 bytes, aeabi_memset.o(.text))
<BR><BR>[Calls]<UL><LI><a href="#[bf]">&gt;&gt;</a>&nbsp;&nbsp;&nbsp;_memset
</UL>
<BR>[Called By]<UL><LI><a href="#[18b]">&gt;&gt;</a>&nbsp;&nbsp;&nbsp;prvInitialiseNewTask
</UL>

<P><STRONG><a name="[ff]"></a>__aeabi_memclr4</STRONG> (Thumb, 0 bytes, Stack size 4 bytes, rt_memclr_w.o(.text))
<BR><BR>[Stack]<UL><LI>Max Depth = 4<LI>Call Chain = __aeabi_memclr4
</UL>
<BR>[Called By]<UL><LI><a href="#[69]">&gt;&gt;</a>&nbsp;&nbsp;&nbsp;CPU_Task
</UL>

<P><STRONG><a name="[21b]"></a>__aeabi_memclr8</STRONG> (Thumb, 0 bytes, Stack size 4 bytes, rt_memclr_w.o(.text), UNUSED)

<P><STRONG><a name="[21c]"></a>__rt_memclr_w</STRONG> (Thumb, 78 bytes, Stack size 4 bytes, rt_memclr_w.o(.text), UNUSED)

<P><STRONG><a name="[cf]"></a>_memset_w</STRONG> (Thumb, 0 bytes, Stack size unknown bytes, rt_memclr_w.o(.text), UNUSED)
<BR><BR>[Called By]<UL><LI><a href="#[ce]">&gt;&gt;</a>&nbsp;&nbsp;&nbsp;__rt_memclr
</UL>

<P><STRONG><a name="[21d]"></a>__use_two_region_memory</STRONG> (Thumb, 2 bytes, Stack size 0 bytes, heapauxi.o(.text), UNUSED)

<P><STRONG><a name="[21e]"></a>__rt_heap_escrow$2region</STRONG> (Thumb, 2 bytes, Stack size 0 bytes, heapauxi.o(.text), UNUSED)

<P><STRONG><a name="[21f]"></a>__rt_heap_expand$2region</STRONG> (Thumb, 2 bytes, Stack size 0 bytes, heapauxi.o(.text), UNUSED)

<P><STRONG><a name="[220]"></a>__I$use$semihosting</STRONG> (Thumb, 0 bytes, Stack size 0 bytes, use_no_semi.o(.text), UNUSED)

<P><STRONG><a name="[221]"></a>__use_no_semihosting_swi</STRONG> (Thumb, 2 bytes, Stack size 0 bytes, use_no_semi.o(.text), UNUSED)

<P><STRONG><a name="[b3]"></a>_printf_pre_padding</STRONG> (Thumb, 44 bytes, Stack size 16 bytes, _printf_pad.o(.text))
<BR><BR>[Stack]<UL><LI>Max Depth = 16<LI>Call Chain = _printf_pre_padding
</UL>
<BR>[Called By]<UL><LI><a href="#[c8]">&gt;&gt;</a>&nbsp;&nbsp;&nbsp;_printf_fp_infnan
<LI><a href="#[d0]">&gt;&gt;</a>&nbsp;&nbsp;&nbsp;_printf_fp_hex_real
<LI><a href="#[cb]">&gt;&gt;</a>&nbsp;&nbsp;&nbsp;_printf_wctomb
<LI><a href="#[c6]">&gt;&gt;</a>&nbsp;&nbsp;&nbsp;_printf_fp_dec_real
<LI><a href="#[b7]">&gt;&gt;</a>&nbsp;&nbsp;&nbsp;_printf_int_common
<LI><a href="#[b2]">&gt;&gt;</a>&nbsp;&nbsp;&nbsp;_printf_str
</UL>

<P><STRONG><a name="[b4]"></a>_printf_post_padding</STRONG> (Thumb, 34 bytes, Stack size 16 bytes, _printf_pad.o(.text))
<BR><BR>[Stack]<UL><LI>Max Depth = 16<LI>Call Chain = _printf_post_padding
</UL>
<BR>[Called By]<UL><LI><a href="#[c8]">&gt;&gt;</a>&nbsp;&nbsp;&nbsp;_printf_fp_infnan
<LI><a href="#[d0]">&gt;&gt;</a>&nbsp;&nbsp;&nbsp;_printf_fp_hex_real
<LI><a href="#[cb]">&gt;&gt;</a>&nbsp;&nbsp;&nbsp;_printf_wctomb
<LI><a href="#[c6]">&gt;&gt;</a>&nbsp;&nbsp;&nbsp;_printf_fp_dec_real
<LI><a href="#[b7]">&gt;&gt;</a>&nbsp;&nbsp;&nbsp;_printf_int_common
<LI><a href="#[b2]">&gt;&gt;</a>&nbsp;&nbsp;&nbsp;_printf_str
</UL>

<P><STRONG><a name="[b5]"></a>_printf_truncate_signed</STRONG> (Thumb, 18 bytes, Stack size 0 bytes, _printf_truncate.o(.text))
<BR><BR>[Called By]<UL><LI><a href="#[7f]">&gt;&gt;</a>&nbsp;&nbsp;&nbsp;_printf_int_dec
</UL>

<P><STRONG><a name="[b6]"></a>_printf_truncate_unsigned</STRONG> (Thumb, 18 bytes, Stack size 0 bytes, _printf_truncate.o(.text))
<BR><BR>[Called By]<UL><LI><a href="#[83]">&gt;&gt;</a>&nbsp;&nbsp;&nbsp;_printf_int_oct
<LI><a href="#[85]">&gt;&gt;</a>&nbsp;&nbsp;&nbsp;_printf_int_hex
<LI><a href="#[7f]">&gt;&gt;</a>&nbsp;&nbsp;&nbsp;_printf_int_dec
</UL>

<P><STRONG><a name="[b7]"></a>_printf_int_common</STRONG> (Thumb, 178 bytes, Stack size 32 bytes, _printf_intcommon.o(.text))
<BR><BR>[Stack]<UL><LI>Max Depth = 48<LI>Call Chain = _printf_int_common &rArr; _printf_post_padding
</UL>
<BR>[Calls]<UL><LI><a href="#[b4]">&gt;&gt;</a>&nbsp;&nbsp;&nbsp;_printf_post_padding
<LI><a href="#[b3]">&gt;&gt;</a>&nbsp;&nbsp;&nbsp;_printf_pre_padding
</UL>
<BR>[Called By]<UL><LI><a href="#[cd]">&gt;&gt;</a>&nbsp;&nbsp;&nbsp;_printf_longlong_oct
<LI><a href="#[87]">&gt;&gt;</a>&nbsp;&nbsp;&nbsp;_printf_longlong_dec
<LI><a href="#[b8]">&gt;&gt;</a>&nbsp;&nbsp;&nbsp;_printf_longlong_hex
<LI><a href="#[7f]">&gt;&gt;</a>&nbsp;&nbsp;&nbsp;_printf_int_dec
</UL>

<P><STRONG><a name="[75]"></a>_printf_charcount</STRONG> (Thumb, 40 bytes, Stack size 0 bytes, _printf_charcount.o(.text))
<BR><BR>[Called By]<UL><LI><a href="#[74]">&gt;&gt;</a>&nbsp;&nbsp;&nbsp;_printf_n
</UL>

<P><STRONG><a name="[222]"></a>__lib_sel_fp_printf</STRONG> (Thumb, 2 bytes, Stack size 0 bytes, _printf_fp_dec.o(.text), UNUSED)

<P><STRONG><a name="[c6]"></a>_printf_fp_dec_real</STRONG> (Thumb, 620 bytes, Stack size 104 bytes, _printf_fp_dec.o(.text))
<BR><BR>[Stack]<UL><LI>Max Depth = 320<LI>Call Chain = _printf_fp_dec_real &rArr; _fp_digits &rArr; _btod_etento &rArr; _btod_emul &rArr; _e2e
</UL>
<BR>[Calls]<UL><LI><a href="#[c7]">&gt;&gt;</a>&nbsp;&nbsp;&nbsp;__ARM_fpclassify
<LI><a href="#[c8]">&gt;&gt;</a>&nbsp;&nbsp;&nbsp;_printf_fp_infnan
<LI><a href="#[99]">&gt;&gt;</a>&nbsp;&nbsp;&nbsp;__rt_locale
<LI><a href="#[c0]">&gt;&gt;</a>&nbsp;&nbsp;&nbsp;_fp_digits
<LI><a href="#[b4]">&gt;&gt;</a>&nbsp;&nbsp;&nbsp;_printf_post_padding
<LI><a href="#[b3]">&gt;&gt;</a>&nbsp;&nbsp;&nbsp;_printf_pre_padding
</UL>
<BR>[Called By]<UL><LI><a href="#[79]">&gt;&gt;</a>&nbsp;&nbsp;&nbsp;_printf_fp_dec
</UL>

<P><STRONG><a name="[ae]"></a>_printf_char_common</STRONG> (Thumb, 32 bytes, Stack size 64 bytes, _printf_char_common.o(.text))
<BR><BR>[Stack]<UL><LI>Max Depth = 104 + Unknown Stack Size
<LI>Call Chain = _printf_char_common &rArr; __printf
</UL>
<BR>[Calls]<UL><LI><a href="#[b9]">&gt;&gt;</a>&nbsp;&nbsp;&nbsp;__printf
</UL>
<BR>[Called By]<UL><LI><a href="#[b0]">&gt;&gt;</a>&nbsp;&nbsp;&nbsp;_printf_char_file
<LI><a href="#[b1]">&gt;&gt;</a>&nbsp;&nbsp;&nbsp;__2sprintf
<LI><a href="#[ad]">&gt;&gt;</a>&nbsp;&nbsp;&nbsp;vsnprintf
</UL>

<P><STRONG><a name="[62]"></a>_sputc</STRONG> (Thumb, 10 bytes, Stack size 0 bytes, _sputc.o(.text))
<BR><BR>[Called By]<UL><LI><a href="#[b1]">&gt;&gt;</a>&nbsp;&nbsp;&nbsp;__2sprintf
<LI><a href="#[ad]">&gt;&gt;</a>&nbsp;&nbsp;&nbsp;vsnprintf
</UL>
<BR>[Address Reference Count : 1]<UL><LI> __2sprintf.o(.text)
</UL>
<P><STRONG><a name="[61]"></a>_snputc</STRONG> (Thumb, 16 bytes, Stack size 0 bytes, _snputc.o(.text))
<BR>[Address Reference Count : 1]<UL><LI> vsnprintf.o(.text)
</UL>
<P><STRONG><a name="[c9]"></a>_printf_cs_common</STRONG> (Thumb, 20 bytes, Stack size 8 bytes, _printf_char.o(.text))
<BR><BR>[Stack]<UL><LI>Max Depth = 40<LI>Call Chain = _printf_cs_common &rArr; _printf_str &rArr; _printf_post_padding
</UL>
<BR>[Calls]<UL><LI><a href="#[b2]">&gt;&gt;</a>&nbsp;&nbsp;&nbsp;_printf_str
</UL>
<BR>[Called By]<UL><LI><a href="#[91]">&gt;&gt;</a>&nbsp;&nbsp;&nbsp;_printf_string
<LI><a href="#[8f]">&gt;&gt;</a>&nbsp;&nbsp;&nbsp;_printf_char
</UL>

<P><STRONG><a name="[8f]"></a>_printf_char</STRONG> (Thumb, 16 bytes, Stack size 0 bytes, _printf_char.o(.text))
<BR><BR>[Stack]<UL><LI>Max Depth = 40<LI>Call Chain = _printf_char &rArr; _printf_cs_common &rArr; _printf_str &rArr; _printf_post_padding
</UL>
<BR>[Calls]<UL><LI><a href="#[c9]">&gt;&gt;</a>&nbsp;&nbsp;&nbsp;_printf_cs_common
</UL>
<BR>[Called By]<UL><LI><a href="#[8e]">&gt;&gt;</a>&nbsp;&nbsp;&nbsp;_printf_c
</UL>

<P><STRONG><a name="[91]"></a>_printf_string</STRONG> (Thumb, 8 bytes, Stack size 0 bytes, _printf_char.o(.text))
<BR><BR>[Stack]<UL><LI>Max Depth = 40<LI>Call Chain = _printf_string &rArr; _printf_cs_common &rArr; _printf_str &rArr; _printf_post_padding
</UL>
<BR>[Calls]<UL><LI><a href="#[c9]">&gt;&gt;</a>&nbsp;&nbsp;&nbsp;_printf_cs_common
</UL>
<BR>[Called By]<UL><LI><a href="#[90]">&gt;&gt;</a>&nbsp;&nbsp;&nbsp;_printf_s
</UL>

<P><STRONG><a name="[b0]"></a>_printf_char_file</STRONG> (Thumb, 32 bytes, Stack size 16 bytes, _printf_char_file.o(.text))
<BR><BR>[Stack]<UL><LI>Max Depth = 120 + Unknown Stack Size
<LI>Call Chain = _printf_char_file &rArr; _printf_char_common &rArr; __printf
</UL>
<BR>[Calls]<UL><LI><a href="#[ca]">&gt;&gt;</a>&nbsp;&nbsp;&nbsp;ferror
<LI><a href="#[ae]">&gt;&gt;</a>&nbsp;&nbsp;&nbsp;_printf_char_common
</UL>
<BR>[Called By]<UL><LI><a href="#[af]">&gt;&gt;</a>&nbsp;&nbsp;&nbsp;__2printf
</UL>

<P><STRONG><a name="[cb]"></a>_printf_wctomb</STRONG> (Thumb, 182 bytes, Stack size 56 bytes, _printf_wctomb.o(.text))
<BR><BR>[Stack]<UL><LI>Max Depth = 80<LI>Call Chain = _printf_wctomb &rArr; _wcrtomb &rArr; __rt_ctype_table
</UL>
<BR>[Calls]<UL><LI><a href="#[cc]">&gt;&gt;</a>&nbsp;&nbsp;&nbsp;_wcrtomb
<LI><a href="#[b4]">&gt;&gt;</a>&nbsp;&nbsp;&nbsp;_printf_post_padding
<LI><a href="#[b3]">&gt;&gt;</a>&nbsp;&nbsp;&nbsp;_printf_pre_padding
</UL>
<BR>[Called By]<UL><LI><a href="#[d1]">&gt;&gt;</a>&nbsp;&nbsp;&nbsp;_printf_lcs_common
</UL>

<P><STRONG><a name="[87]"></a>_printf_longlong_dec</STRONG> (Thumb, 108 bytes, Stack size 24 bytes, _printf_longlong_dec.o(.text))
<BR><BR>[Stack]<UL><LI>Max Depth = 72<LI>Call Chain = _printf_longlong_dec &rArr; _printf_int_common &rArr; _printf_post_padding
</UL>
<BR>[Calls]<UL><LI><a href="#[c5]">&gt;&gt;</a>&nbsp;&nbsp;&nbsp;_ll_udiv10
<LI><a href="#[b7]">&gt;&gt;</a>&nbsp;&nbsp;&nbsp;_printf_int_common
</UL>
<BR>[Called By]<UL><LI><a href="#[89]">&gt;&gt;</a>&nbsp;&nbsp;&nbsp;_printf_llu
<LI><a href="#[88]">&gt;&gt;</a>&nbsp;&nbsp;&nbsp;_printf_lld
<LI><a href="#[86]">&gt;&gt;</a>&nbsp;&nbsp;&nbsp;_printf_lli
</UL>

<P><STRONG><a name="[cd]"></a>_printf_longlong_oct</STRONG> (Thumb, 68 bytes, Stack size 8 bytes, _printf_oct_int_ll.o(.text))
<BR><BR>[Stack]<UL><LI>Max Depth = 56<LI>Call Chain = _printf_longlong_oct &rArr; _printf_int_common &rArr; _printf_post_padding
</UL>
<BR>[Calls]<UL><LI><a href="#[b7]">&gt;&gt;</a>&nbsp;&nbsp;&nbsp;_printf_int_common
</UL>
<BR>[Called By]<UL><LI><a href="#[8b]">&gt;&gt;</a>&nbsp;&nbsp;&nbsp;_printf_ll_oct
<LI><a href="#[83]">&gt;&gt;</a>&nbsp;&nbsp;&nbsp;_printf_int_oct
</UL>

<P><STRONG><a name="[83]"></a>_printf_int_oct</STRONG> (Thumb, 24 bytes, Stack size 8 bytes, _printf_oct_int_ll.o(.text))
<BR><BR>[Stack]<UL><LI>Max Depth = 64<LI>Call Chain = _printf_int_oct &rArr; _printf_longlong_oct &rArr; _printf_int_common &rArr; _printf_post_padding
</UL>
<BR>[Calls]<UL><LI><a href="#[cd]">&gt;&gt;</a>&nbsp;&nbsp;&nbsp;_printf_longlong_oct
<LI><a href="#[b6]">&gt;&gt;</a>&nbsp;&nbsp;&nbsp;_printf_truncate_unsigned
</UL>
<BR>[Called By]<UL><LI><a href="#[82]">&gt;&gt;</a>&nbsp;&nbsp;&nbsp;_printf_o
</UL>

<P><STRONG><a name="[8b]"></a>_printf_ll_oct</STRONG> (Thumb, 12 bytes, Stack size 0 bytes, _printf_oct_int_ll.o(.text))
<BR><BR>[Stack]<UL><LI>Max Depth = 56<LI>Call Chain = _printf_ll_oct &rArr; _printf_longlong_oct &rArr; _printf_int_common &rArr; _printf_post_padding
</UL>
<BR>[Calls]<UL><LI><a href="#[cd]">&gt;&gt;</a>&nbsp;&nbsp;&nbsp;_printf_longlong_oct
</UL>
<BR>[Called By]<UL><LI><a href="#[8a]">&gt;&gt;</a>&nbsp;&nbsp;&nbsp;_printf_llo
</UL>

<P><STRONG><a name="[bd]"></a>__aeabi_memcpy4</STRONG> (Thumb, 0 bytes, Stack size 8 bytes, rt_memcpy_w.o(.text), UNUSED)
<BR><BR>[Called By]<UL><LI><a href="#[bc]">&gt;&gt;</a>&nbsp;&nbsp;&nbsp;__rt_memcpy
</UL>

<P><STRONG><a name="[223]"></a>__aeabi_memcpy8</STRONG> (Thumb, 0 bytes, Stack size 8 bytes, rt_memcpy_w.o(.text), UNUSED)

<P><STRONG><a name="[224]"></a>__rt_memcpy_w</STRONG> (Thumb, 100 bytes, Stack size 8 bytes, rt_memcpy_w.o(.text), UNUSED)

<P><STRONG><a name="[225]"></a>_memcpy_lastbytes_aligned</STRONG> (Thumb, 0 bytes, Stack size unknown bytes, rt_memcpy_w.o(.text), UNUSED)

<P><STRONG><a name="[226]"></a>__aeabi_memclr</STRONG> (Thumb, 0 bytes, Stack size 0 bytes, rt_memclr.o(.text), UNUSED)

<P><STRONG><a name="[ce]"></a>__rt_memclr</STRONG> (Thumb, 68 bytes, Stack size 0 bytes, rt_memclr.o(.text), UNUSED)
<BR><BR>[Calls]<UL><LI><a href="#[cf]">&gt;&gt;</a>&nbsp;&nbsp;&nbsp;_memset_w
</UL>

<P><STRONG><a name="[bf]"></a>_memset</STRONG> (Thumb, 0 bytes, Stack size unknown bytes, rt_memclr.o(.text))
<BR><BR>[Called By]<UL><LI><a href="#[be]">&gt;&gt;</a>&nbsp;&nbsp;&nbsp;__aeabi_memset
</UL>

<P><STRONG><a name="[99]"></a>__rt_locale</STRONG> (Thumb, 8 bytes, Stack size 0 bytes, rt_locale_intlibspace.o(.text))
<BR><BR>[Called By]<UL><LI><a href="#[c6]">&gt;&gt;</a>&nbsp;&nbsp;&nbsp;_printf_fp_dec_real
<LI><a href="#[98]">&gt;&gt;</a>&nbsp;&nbsp;&nbsp;__rt_lib_init_lc_common
<LI><a href="#[d2]">&gt;&gt;</a>&nbsp;&nbsp;&nbsp;__rt_ctype_table
</UL>

<P><STRONG><a name="[c5]"></a>_ll_udiv10</STRONG> (Thumb, 138 bytes, Stack size 12 bytes, lludiv10.o(.text))
<BR><BR>[Stack]<UL><LI>Max Depth = 12<LI>Call Chain = _ll_udiv10
</UL>
<BR>[Called By]<UL><LI><a href="#[87]">&gt;&gt;</a>&nbsp;&nbsp;&nbsp;_printf_longlong_dec
<LI><a href="#[c0]">&gt;&gt;</a>&nbsp;&nbsp;&nbsp;_fp_digits
</UL>

<P><STRONG><a name="[d0]"></a>_printf_fp_hex_real</STRONG> (Thumb, 754 bytes, Stack size 72 bytes, _printf_fp_hex.o(.text))
<BR><BR>[Stack]<UL><LI>Max Depth = 112<LI>Call Chain = _printf_fp_hex_real &rArr; _printf_fp_infnan &rArr; _printf_post_padding
</UL>
<BR>[Calls]<UL><LI><a href="#[c7]">&gt;&gt;</a>&nbsp;&nbsp;&nbsp;__ARM_fpclassify
<LI><a href="#[c8]">&gt;&gt;</a>&nbsp;&nbsp;&nbsp;_printf_fp_infnan
<LI><a href="#[b4]">&gt;&gt;</a>&nbsp;&nbsp;&nbsp;_printf_post_padding
<LI><a href="#[b3]">&gt;&gt;</a>&nbsp;&nbsp;&nbsp;_printf_pre_padding
</UL>
<BR>[Called By]<UL><LI><a href="#[7d]">&gt;&gt;</a>&nbsp;&nbsp;&nbsp;_printf_fp_hex
</UL>

<P><STRONG><a name="[c8]"></a>_printf_fp_infnan</STRONG> (Thumb, 112 bytes, Stack size 24 bytes, _printf_fp_infnan.o(.text))
<BR><BR>[Stack]<UL><LI>Max Depth = 40<LI>Call Chain = _printf_fp_infnan &rArr; _printf_post_padding
</UL>
<BR>[Calls]<UL><LI><a href="#[b4]">&gt;&gt;</a>&nbsp;&nbsp;&nbsp;_printf_post_padding
<LI><a href="#[b3]">&gt;&gt;</a>&nbsp;&nbsp;&nbsp;_printf_pre_padding
</UL>
<BR>[Called By]<UL><LI><a href="#[d0]">&gt;&gt;</a>&nbsp;&nbsp;&nbsp;_printf_fp_hex_real
<LI><a href="#[c6]">&gt;&gt;</a>&nbsp;&nbsp;&nbsp;_printf_fp_dec_real
</UL>

<P><STRONG><a name="[d1]"></a>_printf_lcs_common</STRONG> (Thumb, 20 bytes, Stack size 8 bytes, _printf_wchar.o(.text))
<BR><BR>[Stack]<UL><LI>Max Depth = 88<LI>Call Chain = _printf_lcs_common &rArr; _printf_wctomb &rArr; _wcrtomb &rArr; __rt_ctype_table
</UL>
<BR>[Calls]<UL><LI><a href="#[cb]">&gt;&gt;</a>&nbsp;&nbsp;&nbsp;_printf_wctomb
</UL>
<BR>[Called By]<UL><LI><a href="#[95]">&gt;&gt;</a>&nbsp;&nbsp;&nbsp;_printf_wstring
<LI><a href="#[93]">&gt;&gt;</a>&nbsp;&nbsp;&nbsp;_printf_wchar
</UL>

<P><STRONG><a name="[93]"></a>_printf_wchar</STRONG> (Thumb, 16 bytes, Stack size 0 bytes, _printf_wchar.o(.text))
<BR><BR>[Stack]<UL><LI>Max Depth = 88<LI>Call Chain = _printf_wchar &rArr; _printf_lcs_common &rArr; _printf_wctomb &rArr; _wcrtomb &rArr; __rt_ctype_table
</UL>
<BR>[Calls]<UL><LI><a href="#[d1]">&gt;&gt;</a>&nbsp;&nbsp;&nbsp;_printf_lcs_common
</UL>
<BR>[Called By]<UL><LI><a href="#[92]">&gt;&gt;</a>&nbsp;&nbsp;&nbsp;_printf_lc
</UL>

<P><STRONG><a name="[95]"></a>_printf_wstring</STRONG> (Thumb, 8 bytes, Stack size 0 bytes, _printf_wchar.o(.text))
<BR><BR>[Stack]<UL><LI>Max Depth = 88<LI>Call Chain = _printf_wstring &rArr; _printf_lcs_common &rArr; _printf_wctomb &rArr; _wcrtomb &rArr; __rt_ctype_table
</UL>
<BR>[Calls]<UL><LI><a href="#[d1]">&gt;&gt;</a>&nbsp;&nbsp;&nbsp;_printf_lcs_common
</UL>
<BR>[Called By]<UL><LI><a href="#[94]">&gt;&gt;</a>&nbsp;&nbsp;&nbsp;_printf_ls
</UL>

<P><STRONG><a name="[c1]"></a>_btod_etento</STRONG> (Thumb, 216 bytes, Stack size 72 bytes, bigflt0.o(.text))
<BR><BR>[Stack]<UL><LI>Max Depth = 120<LI>Call Chain = _btod_etento &rArr; _btod_emul &rArr; _e2e
</UL>
<BR>[Calls]<UL><LI><a href="#[c4]">&gt;&gt;</a>&nbsp;&nbsp;&nbsp;_btod_emul
<LI><a href="#[c3]">&gt;&gt;</a>&nbsp;&nbsp;&nbsp;_btod_ediv
</UL>
<BR>[Called By]<UL><LI><a href="#[c0]">&gt;&gt;</a>&nbsp;&nbsp;&nbsp;_fp_digits
</UL>

<P><STRONG><a name="[ca]"></a>ferror</STRONG> (Thumb, 8 bytes, Stack size 0 bytes, ferror.o(.text))
<BR><BR>[Called By]<UL><LI><a href="#[b0]">&gt;&gt;</a>&nbsp;&nbsp;&nbsp;_printf_char_file
</UL>

<P><STRONG><a name="[cc]"></a>_wcrtomb</STRONG> (Thumb, 64 bytes, Stack size 16 bytes, _wcrtomb.o(.text))
<BR><BR>[Stack]<UL><LI>Max Depth = 24<LI>Call Chain = _wcrtomb &rArr; __rt_ctype_table
</UL>
<BR>[Calls]<UL><LI><a href="#[d2]">&gt;&gt;</a>&nbsp;&nbsp;&nbsp;__rt_ctype_table
</UL>
<BR>[Called By]<UL><LI><a href="#[cb]">&gt;&gt;</a>&nbsp;&nbsp;&nbsp;_printf_wctomb
</UL>

<P><STRONG><a name="[227]"></a>__user_libspace</STRONG> (Thumb, 8 bytes, Stack size 0 bytes, libspace.o(.text), UNUSED)

<P><STRONG><a name="[d3]"></a>__user_perproc_libspace</STRONG> (Thumb, 0 bytes, Stack size 0 bytes, libspace.o(.text))
<BR><BR>[Called By]<UL><LI><a href="#[9e]">&gt;&gt;</a>&nbsp;&nbsp;&nbsp;__user_setup_stackheap
</UL>

[...]
</UL>

<P><STRONG><a name="[19b]"></a>prvProcessTimerOrBlockTask</STRONG> (Thumb, 102 bytes, Stack size 24 bytes, timers.o(i.prvProcessTimerOrBlockTask))
<BR><BR>[Stack]<UL><LI>Max Depth = 496<LI>Call Chain = prvProcessTimerOrBlockTask &rArr; vQueueWaitForMessageRestricted &rArr; prvUnlockQueue &rArr; prvNotifyQueueSetContainer &rArr; prvCopyDataToQueue &rArr; xTaskPriorityDisinherit &rArr; prvTraceStoreEvent2 &rArr; vTraceStop &rArr; prvSetRecorderEnabled &rArr; prvTraceStoreSymbolTable &rArr; prvTraceWarning &rArr; prvTraceStoreSimpleStringEventHelper &rArr;  vTraceStop (Cycle)
</UL>
<BR>[Calls]<UL><LI><a href="#[19d]">&gt;&gt;</a>&nbsp;&nbsp;&nbsp;xTaskResumeAll
<LI><a href="#[19c]">&gt;&gt;</a>&nbsp;&nbsp;&nbsp;vTaskSuspendAll
<LI><a href="#[199]">&gt;&gt;</a>&nbsp;&nbsp;&nbsp;prvSampleTimeNow
<LI><a href="#[196]">&gt;&gt;</a>&nbsp;&nbsp;&nbsp;prvProcessExpiredTimer
<LI><a href="#[19e]">&gt;&gt;</a>&nbsp;&nbsp;&nbsp;vQueueWaitForMessageRestricted
</UL>
<BR>[Called By]<UL><LI><a href="#[6f]">&gt;&gt;</a>&nbsp;&nbsp;&nbsp;prvTimerTask
</UL>

<P><STRONG><a name="[197]"></a>prvReloadTimer</STRONG> (Thumb, 40 bytes, Stack size 16 bytes, timers.o(i.prvReloadTimer))
<BR><BR>[Stack]<UL><LI>Max Depth = 48<LI>Call Chain = prvReloadTimer &rArr; prvInsertTimerInActiveList &rArr; vListInsert
</UL>
<BR>[Calls]<UL><LI><a href="#[18e]">&gt;&gt;</a>&nbsp;&nbsp;&nbsp;prvInsertTimerInActiveList
</UL>
<BR>[Called By]<UL><LI><a href="#[198]">&gt;&gt;</a>&nbsp;&nbsp;&nbsp;prvProcessReceivedCommands
<LI><a href="#[196]">&gt;&gt;</a>&nbsp;&nbsp;&nbsp;prvProcessExpiredTimer
</UL>

<P><STRONG><a name="[199]"></a>prvSampleTimeNow</STRONG> (Thumb, 40 bytes, Stack size 16 bytes, timers.o(i.prvSampleTimeNow))
<BR><BR>[Stack]<UL><LI>Max Depth = 96<LI>Call Chain = prvSampleTimeNow &rArr; prvSwitchTimerLists &rArr; prvProcessExpiredTimer &rArr; prvReloadTimer &rArr; prvInsertTimerInActiveList &rArr; vListInsert
</UL>
<BR>[Calls]<UL><LI><a href="#[1a0]">&gt;&gt;</a>&nbsp;&nbsp;&nbsp;prvSwitchTimerLists
<LI><a href="#[19f]">&gt;&gt;</a>&nbsp;&nbsp;&nbsp;xTaskGetTickCount
</UL>
<BR>[Called By]<UL><LI><a href="#[19b]">&gt;&gt;</a>&nbsp;&nbsp;&nbsp;prvProcessTimerOrBlockTask
<LI><a href="#[198]">&gt;&gt;</a>&nbsp;&nbsp;&nbsp;prvProcessReceivedCommands
</UL>

<P><STRONG><a name="[1a0]"></a>prvSwitchTimerLists</STRONG> (Thumb, 58 bytes, Stack size 16 bytes, timers.o(i.prvSwitchTimerLists))
<BR><BR>[Stack]<UL><LI>Max Depth = 80<LI>Call Chain = prvSwitchTimerLists &rArr; prvProcessExpiredTimer &rArr; prvReloadTimer &rArr; prvInsertTimerInActiveList &rArr; vListInsert
</UL>
<BR>[Calls]<UL><LI><a href="#[196]">&gt;&gt;</a>&nbsp;&nbsp;&nbsp;prvProcessExpiredTimer
</UL>
<BR>[Called By]<UL><LI><a href="#[199]">&gt;&gt;</a>&nbsp;&nbsp;&nbsp;prvSampleTimeNow
</UL>

<P><STRONG><a name="[6f]"></a>prvTimerTask</STRONG> (Thumb, 26 bytes, Stack size 8 bytes, timers.o(i.prvTimerTask))
<BR><BR>[Stack]<UL><LI>Max Depth = 536<LI>Call Chain = prvTimerTask &rArr; prvProcessReceivedCommands &rArr; xQueueReceive &rArr; prvUnlockQueue &rArr; prvNotifyQueueSetContainer &rArr; prvCopyDataToQueue &rArr; xTaskPriorityDisinherit &rArr; prvTraceStoreEvent2 &rArr; vTraceStop &rArr; prvSetRecorderEnabled &rArr; prvTraceStoreSymbolTable &rArr; prvTraceWarning &rArr; prvTraceStoreSimpleStringEventHelper &rArr;  vTraceStop (Cycle)
</UL>
<BR>[Calls]<UL><LI><a href="#[19b]">&gt;&gt;</a>&nbsp;&nbsp;&nbsp;prvProcessTimerOrBlockTask
<LI><a href="#[198]">&gt;&gt;</a>&nbsp;&nbsp;&nbsp;prvProcessReceivedCommands
<LI><a href="#[1a9]">&gt;&gt;</a>&nbsp;&nbsp;&nbsp;prvGetNextExpireTime
</UL>
<BR>[Address Reference Count : 1]<UL><LI> timers.o(i.xTimerCreateTimerTask)
</UL>
<P><STRONG><a name="[67]"></a>prvTaskExitError</STRONG> (Thumb, 60 bytes, Stack size 0 bytes, port.o(i.prvTaskExitError))
<BR>[Address Reference Count : 1]<UL><LI> port.o(i.pxPortInitialiseStack)
</UL>
<P><STRONG><a name="[1c0]"></a>prvHeapInit</STRONG> (Thumb, 98 bytes, Stack size 12 bytes, heap_4.o(i.prvHeapInit))
<BR><BR>[Stack]<UL><LI>Max Depth = 12<LI>Call Chain = prvHeapInit
</UL>
<BR>[Called By]<UL><LI><a href="#[1bf]">&gt;&gt;</a>&nbsp;&nbsp;&nbsp;pvPortMalloc
</UL>

<P><STRONG><a name="[1c1]"></a>prvInsertBlockIntoFreeList</STRONG> (Thumb, 96 bytes, Stack size 8 bytes, heap_4.o(i.prvInsertBlockIntoFreeList))
<BR><BR>[Stack]<UL><LI>Max Depth = 8<LI>Call Chain = prvInsertBlockIntoFreeList
</UL>
<BR>[Called By]<UL><LI><a href="#[185]">&gt;&gt;</a>&nbsp;&nbsp;&nbsp;vPortFree
<LI><a href="#[1bf]">&gt;&gt;</a>&nbsp;&nbsp;&nbsp;pvPortMalloc
</UL>

<P><STRONG><a name="[6e]"></a>TzCtrl</STRONG> (Thumb, 80 bytes, Stack size 16 bytes, trckernelport.o(i.TzCtrl))
<BR><BR>[Stack]<UL><LI>Max Depth = 424<LI>Call Chain = TzCtrl &rArr; vTaskDelay &rArr; xTaskResumeAll &rArr; xTaskIncrementTick &rArr; prvTraceStoreEvent1 &rArr; vTraceStop &rArr; prvSetRecorderEnabled &rArr; prvTraceStoreSymbolTable &rArr; prvTraceWarning &rArr; prvTraceStoreSimpleStringEventHelper &rArr;  vTraceStop (Cycle)
</UL>
<BR>[Calls]<UL><LI><a href="#[ea]">&gt;&gt;</a>&nbsp;&nbsp;&nbsp;vTaskDelay
<LI><a href="#[154]">&gt;&gt;</a>&nbsp;&nbsp;&nbsp;xTraceIsRecordingEnabled
<LI><a href="#[151]">&gt;&gt;</a>&nbsp;&nbsp;&nbsp;vTraceStop
<LI><a href="#[150]">&gt;&gt;</a>&nbsp;&nbsp;&nbsp;readFromRTT
<LI><a href="#[153]">&gt;&gt;</a>&nbsp;&nbsp;&nbsp;prvProcessCommand
<LI><a href="#[152]">&gt;&gt;</a>&nbsp;&nbsp;&nbsp;prvIsValidCommand
<LI><a href="#[155]">&gt;&gt;</a>&nbsp;&nbsp;&nbsp;prvCheckRecorderStatus
</UL>
<BR>[Address Reference Count : 1]<UL><LI> trckernelport.o(i.vTraceEnable)
</UL>
<P><STRONG><a name="[155]"></a>prvCheckRecorderStatus</STRONG> (Thumb, 78 bytes, Stack size 8 bytes, trckernelport.o(i.prvCheckRecorderStatus))
<BR><BR>[Stack]<UL><LI>Max Depth = 272<LI>Call Chain = prvCheckRecorderStatus &rArr; prvTraceWarning &rArr; prvTraceStoreSimpleStringEventHelper &rArr;  vTraceStop (Cycle)
</UL>
<BR>[Calls]<UL><LI><a href="#[17f]">&gt;&gt;</a>&nbsp;&nbsp;&nbsp;prvTraceWarning
</UL>
<BR>[Called By]<UL><LI><a href="#[6e]">&gt;&gt;</a>&nbsp;&nbsp;&nbsp;TzCtrl
</UL>

<P><STRONG><a name="[1a1]"></a>__get_PRIMASK</STRONG> (Thumb, 6 bytes, Stack size 0 bytes, trcstreamingrecorder.o(i.__get_PRIMASK))
<BR><BR>[Called By]<UL><LI><a href="#[174]">&gt;&gt;</a>&nbsp;&nbsp;&nbsp;prvTraceSaveObjectData
<LI><a href="#[1aa]">&gt;&gt;</a>&nbsp;&nbsp;&nbsp;prvTraceDeleteObjectData
<LI><a href="#[1b9]">&gt;&gt;</a>&nbsp;&nbsp;&nbsp;prvTraceStoreEvent3
<LI><a href="#[179]">&gt;&gt;</a>&nbsp;&nbsp;&nbsp;prvTraceStoreEvent2
<LI><a href="#[17a]">&gt;&gt;</a>&nbsp;&nbsp;&nbsp;prvTraceStoreEvent1
<LI><a href="#[173]">&gt;&gt;</a>&nbsp;&nbsp;&nbsp;prvTraceSaveObjectSymbol
<LI><a href="#[1ab]">&gt;&gt;</a>&nbsp;&nbsp;&nbsp;prvTraceDeleteSymbol
<LI><a href="#[1ae]">&gt;&gt;</a>&nbsp;&nbsp;&nbsp;prvTraceStoreSimpleStringEventHelper
<LI><a href="#[1b4]">&gt;&gt;</a>&nbsp;&nbsp;&nbsp;prvTraceSaveSymbol
<LI><a href="#[1a4]">&gt;&gt;</a>&nbsp;&nbsp;&nbsp;prvTraceStoreSymbolTable
<LI><a href="#[1ba]">&gt;&gt;</a>&nbsp;&nbsp;&nbsp;prvTraceStoreStringEventHelper
<LI><a href="#[1a7]">&gt;&gt;</a>&nbsp;&nbsp;&nbsp;prvTraceStoreStartEvent
<LI><a href="#[1a5]">&gt;&gt;</a>&nbsp;&nbsp;&nbsp;prvTraceStoreObjectDataTable
<LI><a href="#[1a3]">&gt;&gt;</a>&nbsp;&nbsp;&nbsp;prvTraceStoreHeader
<LI><a href="#[1a6]">&gt;&gt;</a>&nbsp;&nbsp;&nbsp;prvTraceStoreExtensionInfo
<LI><a href="#[195]">&gt;&gt;</a>&nbsp;&nbsp;&nbsp;prvSetRecorderEnabled
</UL>

<P><STRONG><a name="[1a2]"></a>__set_PRIMASK</STRONG> (Thumb, 6 bytes, Stack size 0 bytes, trcstreamingrecorder.o(i.__set_PRIMASK))
<BR><BR>[Called By]<UL><LI><a href="#[174]">&gt;&gt;</a>&nbsp;&nbsp;&nbsp;prvTraceSaveObjectData
<LI><a href="#[1aa]">&gt;&gt;</a>&nbsp;&nbsp;&nbsp;prvTraceDeleteObjectData
<LI><a href="#[1b9]">&gt;&gt;</a>&nbsp;&nbsp;&nbsp;prvTraceStoreEvent3
<LI><a href="#[179]">&gt;&gt;</a>&nbsp;&nbsp;&nbsp;prvTraceStoreEvent2
<LI><a href="#[17a]">&gt;&gt;</a>&nbsp;&nbsp;&nbsp;prvTraceStoreEvent1
<LI><a href="#[173]">&gt;&gt;</a>&nbsp;&nbsp;&nbsp;prvTraceSaveObjectSymbol
<LI><a href="#[1ab]">&gt;&gt;</a>&nbsp;&nbsp;&nbsp;prvTraceDeleteSymbol
<LI><a href="#[1ae]">&gt;&gt;</a>&nbsp;&nbsp;&nbsp;prvTraceStoreSimpleStringEventHelper
<LI><a href="#[1b4]">&gt;&gt;</a>&nbsp;&nbsp;&nbsp;prvTraceSaveSymbol
<LI><a href="#[1a4]">&gt;&gt;</a>&nbsp;&nbsp;&nbsp;prvTraceStoreSymbolTable
<LI><a href="#[1ba]">&gt;&gt;</a>&nbsp;&nbsp;&nbsp;prvTraceStoreStringEventHelper
<LI><a href="#[1a7]">&gt;&gt;</a>&nbsp;&nbsp;&nbsp;prvTraceStoreStartEvent
<LI><a href="#[1a5]">&gt;&gt;</a>&nbsp;&nbsp;&nbsp;prvTraceStoreObjectDataTable
<LI><a href="#[1a3]">&gt;&gt;</a>&nbsp;&nbsp;&nbsp;prvTraceStoreHeader
<LI><a href="#[1a6]">&gt;&gt;</a>&nbsp;&nbsp;&nbsp;prvTraceStoreExtensionInfo
<LI><a href="#[195]">&gt;&gt;</a>&nbsp;&nbsp;&nbsp;prvSetRecorderEnabled
</UL>

<P><STRONG><a name="[1b7]"></a>prvGetTimestamp32</STRONG> (Thumb, 6 bytes, Stack size 0 bytes, trcstreamingrecorder.o(i.prvGetTimestamp32))
<BR><BR>[Called By]<UL><LI><a href="#[1b9]">&gt;&gt;</a>&nbsp;&nbsp;&nbsp;prvTraceStoreEvent3
<LI><a href="#[179]">&gt;&gt;</a>&nbsp;&nbsp;&nbsp;prvTraceStoreEvent2
<LI><a href="#[17a]">&gt;&gt;</a>&nbsp;&nbsp;&nbsp;prvTraceStoreEvent1
<LI><a href="#[1ae]">&gt;&gt;</a>&nbsp;&nbsp;&nbsp;prvTraceStoreSimpleStringEventHelper
<LI><a href="#[1a8]">&gt;&gt;</a>&nbsp;&nbsp;&nbsp;prvTraceStoreTSConfig
<LI><a href="#[1ba]">&gt;&gt;</a>&nbsp;&nbsp;&nbsp;prvTraceStoreStringEventHelper
<LI><a href="#[1a7]">&gt;&gt;</a>&nbsp;&nbsp;&nbsp;prvTraceStoreStartEvent
</UL>

<P><STRONG><a name="[195]"></a>prvSetRecorderEnabled</STRONG> (Thumb, 78 bytes, Stack size 16 bytes, trcstreamingrecorder.o(i.prvSetRecorderEnabled))
<BR><BR>[Stack]<UL><LI>Max Depth = 320<LI>Call Chain = prvSetRecorderEnabled &rArr; prvTraceStoreSymbolTable &rArr; prvTraceWarning &rArr; prvTraceStoreSimpleStringEventHelper &rArr;  vTraceStop (Cycle)
</UL>
<BR>[Calls]<UL><LI><a href="#[1a8]">&gt;&gt;</a>&nbsp;&nbsp;&nbsp;prvTraceStoreTSConfig
<LI><a href="#[1a4]">&gt;&gt;</a>&nbsp;&nbsp;&nbsp;prvTraceStoreSymbolTable
<LI><a href="#[1a7]">&gt;&gt;</a>&nbsp;&nbsp;&nbsp;prvTraceStoreStartEvent
<LI><a href="#[1a5]">&gt;&gt;</a>&nbsp;&nbsp;&nbsp;prvTraceStoreObjectDataTable
<LI><a href="#[1a3]">&gt;&gt;</a>&nbsp;&nbsp;&nbsp;prvTraceStoreHeader
<LI><a href="#[1a6]">&gt;&gt;</a>&nbsp;&nbsp;&nbsp;prvTraceStoreExtensionInfo
<LI><a href="#[1a2]">&gt;&gt;</a>&nbsp;&nbsp;&nbsp;__set_PRIMASK
<LI><a href="#[1a1]">&gt;&gt;</a>&nbsp;&nbsp;&nbsp;__get_PRIMASK
</UL>
<BR>[Called By]<UL><LI><a href="#[151]">&gt;&gt;</a>&nbsp;&nbsp;&nbsp;vTraceStop
<LI><a href="#[1ac]">&gt;&gt;</a>&nbsp;&nbsp;&nbsp;prvTraceError
<LI><a href="#[153]">&gt;&gt;</a>&nbsp;&nbsp;&nbsp;prvProcessCommand
</UL>

<P><STRONG><a name="[1ad]"></a>prvTraceGetError</STRONG> (Thumb, 86 bytes, Stack size 0 bytes, trcstreamingrecorder.o(i.prvTraceGetError))
<BR><BR>[Called By]<UL><LI><a href="#[17f]">&gt;&gt;</a>&nbsp;&nbsp;&nbsp;prvTraceWarning
<LI><a href="#[1ac]">&gt;&gt;</a>&nbsp;&nbsp;&nbsp;prvTraceError
</UL>

<P><STRONG><a name="[1a6]"></a>prvTraceStoreExtensionInfo</STRONG> (Thumb, 100 bytes, Stack size 32 bytes, trcstreamingrecorder.o(i.prvTraceStoreExtensionInfo))
<BR><BR>[Stack]<UL><LI>Max Depth = 296<LI>Call Chain = prvTraceStoreExtensionInfo &rArr; prvTraceWarning &rArr; prvTraceStoreSimpleStringEventHelper &rArr;  vTraceStop (Cycle)
</UL>
<BR>[Calls]<UL><LI><a href="#[1b8]">&gt;&gt;</a>&nbsp;&nbsp;&nbsp;writeToRTT
<LI><a href="#[1a2]">&gt;&gt;</a>&nbsp;&nbsp;&nbsp;__set_PRIMASK
<LI><a href="#[1a1]">&gt;&gt;</a>&nbsp;&nbsp;&nbsp;__get_PRIMASK
<LI><a href="#[17f]">&gt;&gt;</a>&nbsp;&nbsp;&nbsp;prvTraceWarning
<LI><a href="#[1ac]">&gt;&gt;</a>&nbsp;&nbsp;&nbsp;prvTraceError
</UL>
<BR>[Called By]<UL><LI><a href="#[195]">&gt;&gt;</a>&nbsp;&nbsp;&nbsp;prvSetRecorderEnabled
</UL>

<P><STRONG><a name="[1a3]"></a>prvTraceStoreHeader</STRONG> (Thumb, 200 bytes, Stack size 40 bytes, trcstreamingrecorder.o(i.prvTraceStoreHeader))
<BR><BR>[Stack]<UL><LI>Max Depth = 304<LI>Call Chain = prvTraceStoreHeader &rArr; prvTraceWarning &rArr; prvTraceStoreSimpleStringEventHelper &rArr;  vTraceStop (Cycle)
</UL>
<BR>[Calls]<UL><LI><a href="#[1b8]">&gt;&gt;</a>&nbsp;&nbsp;&nbsp;writeToRTT
<LI><a href="#[1a2]">&gt;&gt;</a>&nbsp;&nbsp;&nbsp;__set_PRIMASK
<LI><a href="#[1a1]">&gt;&gt;</a>&nbsp;&nbsp;&nbsp;__get_PRIMASK
<LI><a href="#[17f]">&gt;&gt;</a>&nbsp;&nbsp;&nbsp;prvTraceWarning
<LI><a href="#[1ac]">&gt;&gt;</a>&nbsp;&nbsp;&nbsp;prvTraceError
</UL>
<BR>[Called By]<UL><LI><a href="#[195]">&gt;&gt;</a>&nbsp;&nbsp;&nbsp;prvSetRecorderEnabled
</UL>

<P><STRONG><a name="[1a5]"></a>prvTraceStoreObjectDataTable</STRONG> (Thumb, 132 bytes, Stack size 40 bytes, trcstreamingrecorder.o(i.prvTraceStoreObjectDataTable))
<BR><BR>[Stack]<UL><LI>Max Depth = 304<LI>Call Chain = prvTraceStoreObjectDataTable &rArr; prvTraceWarning &rArr; prvTraceStoreSimpleStringEventHelper &rArr;  vTraceStop (Cycle)
</UL>
<BR>[Calls]<UL><LI><a href="#[1b8]">&gt;&gt;</a>&nbsp;&nbsp;&nbsp;writeToRTT
<LI><a href="#[1a2]">&gt;&gt;</a>&nbsp;&nbsp;&nbsp;__set_PRIMASK
<LI><a href="#[1a1]">&gt;&gt;</a>&nbsp;&nbsp;&nbsp;__get_PRIMASK
<LI><a href="#[17f]">&gt;&gt;</a>&nbsp;&nbsp;&nbsp;prvTraceWarning
<LI><a href="#[1ac]">&gt;&gt;</a>&nbsp;&nbsp;&nbsp;prvTraceError
</UL>
<BR>[Called By]<UL><LI><a href="#[195]">&gt;&gt;</a>&nbsp;&nbsp;&nbsp;prvSetRecorderEnabled
</UL>

<P><STRONG><a name="[1a7]"></a>prvTraceStoreStartEvent</STRONG> (Thumb, 168 bytes, Stack size 40 bytes, trcstreamingrecorder.o(i.prvTraceStoreStartEvent))
<BR><BR>[Stack]<UL><LI>Max Depth = 304<LI>Call Chain = prvTraceStoreStartEvent &rArr; prvTraceWarning &rArr; prvTraceStoreSimpleStringEventHelper &rArr;  vTraceStop (Cycle)
</UL>
<BR>[Calls]<UL><LI><a href="#[177]">&gt;&gt;</a>&nbsp;&nbsp;&nbsp;prvTraceGetCurrentTaskHandle
<LI><a href="#[1b8]">&gt;&gt;</a>&nbsp;&nbsp;&nbsp;writeToRTT
<LI><a href="#[1b7]">&gt;&gt;</a>&nbsp;&nbsp;&nbsp;prvGetTimestamp32
<LI><a href="#[1a2]">&gt;&gt;</a>&nbsp;&nbsp;&nbsp;__set_PRIMASK
<LI><a href="#[1a1]">&gt;&gt;</a>&nbsp;&nbsp;&nbsp;__get_PRIMASK
<LI><a href="#[17f]">&gt;&gt;</a>&nbsp;&nbsp;&nbsp;prvTraceWarning
<LI><a href="#[1ac]">&gt;&gt;</a>&nbsp;&nbsp;&nbsp;prvTraceError
</UL>
<BR>[Called By]<UL><LI><a href="#[195]">&gt;&gt;</a>&nbsp;&nbsp;&nbsp;prvSetRecorderEnabled
</UL>

<P><STRONG><a name="[1ba]"></a>prvTraceStoreStringEventHelper</STRONG> (Thumb, 264 bytes, Stack size 144 bytes, trcstreamingrecorder.o(i.prvTraceStoreStringEventHelper))
<BR><BR>[Stack]<UL><LI>Max Depth = 472<LI>Call Chain = prvTraceStoreStringEventHelper &rArr; vTraceStop &rArr; prvSetRecorderEnabled &rArr; prvTraceStoreSymbolTable &rArr; prvTraceWarning &rArr; prvTraceStoreSimpleStringEventHelper &rArr;  vTraceStop (Cycle)
</UL>
<BR>[Calls]<UL><LI><a href="#[1b8]">&gt;&gt;</a>&nbsp;&nbsp;&nbsp;writeToRTT
<LI><a href="#[1b7]">&gt;&gt;</a>&nbsp;&nbsp;&nbsp;prvGetTimestamp32
<LI><a href="#[1a2]">&gt;&gt;</a>&nbsp;&nbsp;&nbsp;__set_PRIMASK
<LI><a href="#[1a1]">&gt;&gt;</a>&nbsp;&nbsp;&nbsp;__get_PRIMASK
<LI><a href="#[151]">&gt;&gt;</a>&nbsp;&nbsp;&nbsp;vTraceStop
</UL>
<BR>[Called By]<UL><LI><a href="#[175]">&gt;&gt;</a>&nbsp;&nbsp;&nbsp;prvTraceStoreStringEvent
</UL>

<P><STRONG><a name="[1a4]"></a>prvTraceStoreSymbolTable</STRONG> (Thumb, 134 bytes, Stack size 40 bytes, trcstreamingrecorder.o(i.prvTraceStoreSymbolTable))
<BR><BR>[Stack]<UL><LI>Max Depth = 304<LI>Call Chain = prvTraceStoreSymbolTable &rArr; prvTraceWarning &rArr; prvTraceStoreSimpleStringEventHelper &rArr;  vTraceStop (Cycle)
</UL>
<BR>[Calls]<UL><LI><a href="#[1b8]">&gt;&gt;</a>&nbsp;&nbsp;&nbsp;writeToRTT
<LI><a href="#[1a2]">&gt;&gt;</a>&nbsp;&nbsp;&nbsp;__set_PRIMASK
<LI><a href="#[1a1]">&gt;&gt;</a>&nbsp;&nbsp;&nbsp;__get_PRIMASK
<LI><a href="#[17f]">&gt;&gt;</a>&nbsp;&nbsp;&nbsp;prvTraceWarning
<LI><a href="#[1ac]">&gt;&gt;</a>&nbsp;&nbsp;&nbsp;prvTraceError
</UL>
<BR>[Called By]<UL><LI><a href="#[195]">&gt;&gt;</a>&nbsp;&nbsp;&nbsp;prvSetRecorderEnabled
</UL>

<P><STRONG><a name="[1a8]"></a>prvTraceStoreTSConfig</STRONG> (Thumb, 142 bytes, Stack size 32 bytes, trcstreamingrecorder.o(i.prvTraceStoreTSConfig))
<BR><BR>[Stack]<UL><LI>Max Depth = 296<LI>Call Chain = prvTraceStoreTSConfig &rArr; prvTraceWarning &rArr; prvTraceStoreSimpleStringEventHelper &rArr;  vTraceStop (Cycle)
</UL>
<BR>[Calls]<UL><LI><a href="#[1b8]">&gt;&gt;</a>&nbsp;&nbsp;&nbsp;writeToRTT
<LI><a href="#[1b7]">&gt;&gt;</a>&nbsp;&nbsp;&nbsp;prvGetTimestamp32
<LI><a href="#[17f]">&gt;&gt;</a>&nbsp;&nbsp;&nbsp;prvTraceWarning
<LI><a href="#[1ac]">&gt;&gt;</a>&nbsp;&nbsp;&nbsp;prvTraceError
</UL>
<BR>[Called By]<UL><LI><a href="#[195]">&gt;&gt;</a>&nbsp;&nbsp;&nbsp;prvSetRecorderEnabled
</UL>

<P><STRONG><a name="[138]"></a>_DoInit</STRONG> (Thumb, 72 bytes, Stack size 8 bytes, segger_rtt.o(i._DoInit))
<BR><BR>[Stack]<UL><LI>Max Depth = 20<LI>Call Chain = _DoInit &rArr; strcpy
</UL>
<BR>[Calls]<UL><LI><a href="#[15a]">&gt;&gt;</a>&nbsp;&nbsp;&nbsp;strcpy
</UL>
<BR>[Called By]<UL><LI><a href="#[13d]">&gt;&gt;</a>&nbsp;&nbsp;&nbsp;SEGGER_RTT_Write
<LI><a href="#[13b]">&gt;&gt;</a>&nbsp;&nbsp;&nbsp;SEGGER_RTT_ReadNoLock
<LI><a href="#[139]">&gt;&gt;</a>&nbsp;&nbsp;&nbsp;SEGGER_RTT_ConfigUpBuffer
<LI><a href="#[137]">&gt;&gt;</a>&nbsp;&nbsp;&nbsp;SEGGER_RTT_ConfigDownBuffer
</UL>

<P><STRONG><a name="[13f]"></a>_GetAvailWriteSpace</STRONG> (Thumb, 28 bytes, Stack size 8 bytes, segger_rtt.o(i._GetAvailWriteSpace))
<BR><BR>[Stack]<UL><LI>Max Depth = 8<LI>Call Chain = _GetAvailWriteSpace
</UL>
<BR>[Called By]<UL><LI><a href="#[13e]">&gt;&gt;</a>&nbsp;&nbsp;&nbsp;SEGGER_RTT_WriteNoLock
</UL>

<P><STRONG><a name="[141]"></a>_WriteBlocking</STRONG> (Thumb, 114 bytes, Stack size 32 bytes, segger_rtt.o(i._WriteBlocking))
<BR><BR>[Stack]<UL><LI>Max Depth = 32<LI>Call Chain = _WriteBlocking
</UL>
<BR>[Calls]<UL><LI><a href="#[13c]">&gt;&gt;</a>&nbsp;&nbsp;&nbsp;__aeabi_memcpy
</UL>
<BR>[Called By]<UL><LI><a href="#[13e]">&gt;&gt;</a>&nbsp;&nbsp;&nbsp;SEGGER_RTT_WriteNoLock
</UL>

<P><STRONG><a name="[140]"></a>_WriteNoCheck</STRONG> (Thumb, 76 bytes, Stack size 32 bytes, segger_rtt.o(i._WriteNoCheck))
<BR><BR>[Stack]<UL><LI>Max Depth = 32<LI>Call Chain = _WriteNoCheck
</UL>
<BR>[Calls]<UL><LI><a href="#[13c]">&gt;&gt;</a>&nbsp;&nbsp;&nbsp;__aeabi_memcpy
</UL>
<BR>[Called By]<UL><LI><a href="#[13e]">&gt;&gt;</a>&nbsp;&nbsp;&nbsp;SEGGER_RTT_WriteNoLock
</UL>

<P><STRONG><a name="[c0]"></a>_fp_digits</STRONG> (Thumb, 428 bytes, Stack size 96 bytes, _printf_fp_dec.o(.text))
<BR><BR>[Stack]<UL><LI>Max Depth = 216<LI>Call Chain = _fp_digits &rArr; _btod_etento &rArr; _btod_emul &rArr; _e2e
</UL>
<BR>[Calls]<UL><LI><a href="#[c4]">&gt;&gt;</a>&nbsp;&nbsp;&nbsp;_btod_emul
<LI><a href="#[c3]">&gt;&gt;</a>&nbsp;&nbsp;&nbsp;_btod_ediv
<LI><a href="#[c2]">&gt;&gt;</a>&nbsp;&nbsp;&nbsp;_btod_d2e
<LI><a href="#[c1]">&gt;&gt;</a>&nbsp;&nbsp;&nbsp;_btod_etento
<LI><a href="#[c5]">&gt;&gt;</a>&nbsp;&nbsp;&nbsp;_ll_udiv10
</UL>
<BR>[Called By]<UL><LI><a href="#[c6]">&gt;&gt;</a>&nbsp;&nbsp;&nbsp;_printf_fp_dec_real
</UL>

<P><STRONG><a name="[63]"></a>_printf_input_char</STRONG> (Thumb, 10 bytes, Stack size 0 bytes, _printf_char_common.o(.text))
<BR>[Address Reference Count : 1]<UL><LI> _printf_char_common.o(.text)
</UL>
<P><STRONG><a name="[1ed]"></a>_dadd1</STRONG> (Thumb, 0 bytes, Stack size unknown bytes, daddsub_clz.o(x$fpl$dadd), UNUSED)
<BR><BR>[Called By]<UL><LI><a href="#[1ec]">&gt;&gt;</a>&nbsp;&nbsp;&nbsp;_dsub
</UL>

<P><STRONG><a name="[1e1]"></a>_dsub1</STRONG> (Thumb, 0 bytes, Stack size unknown bytes, daddsub_clz.o(x$fpl$dsub), UNUSED)
<BR><BR>[Called By]<UL><LI><a href="#[1e0]">&gt;&gt;</a>&nbsp;&nbsp;&nbsp;_dadd
</UL>
<P>
<H3>
Undefined Global Symbols
</H3><HR></body></html>
