<html>
<body>
<pre>
<h1>礦ision Build Log</h1>
<h2>Tool Versions:</h2>
IDE-Version: μVision V5.14.0.0
Copyright (C) 2015 ARM Ltd and ARM Germany GmbH. All rights reserved.
License Information: 1 greer, 1, LIC=14HV2-9E41S-EVR1R-K0ZAX-RJ7CP-ZK6ZS
 
Tool Versions:
Toolchain:       MDK-ARM Plus  Version: 5.14.0.0
Toolchain Path:  D:\Keil5\ARM\ARMCC\Bin
C Compiler:      Armcc.exe V5.05 update 1 (build 106)
Assembler:       Armasm.exe V5.05 update 1 (build 106)
Linker/Locator:  ArmLink.exe V5.05 update 1 (build 106)
Library Manager: ArmAr.exe V5.05 update 1 (build 106)
Hex Converter:   FromElf.exe V5.05 update 1 (build 106)
CPU DLL:         SARMCM3.DLL V5.14.0.0
Dialog DLL:      DCM.DLL V1.13.1.0
Target DLL:      STLink\ST-LINKIII-KEIL_SWO.dll V2.0.14.0_KEIL
Dialog DLL:      TCM.DLL V1.14.4.0
 
<h2>Project:</h2>
D:\Wonder\电赛\往年赛题\2023年赛题\H\stm32f407_osc_V1.0\USER\FreeRTOS.uvprojx
Project File Date:  08/05/2023

<h2>Output:</h2>
Rebuild target 'STM32_OSC'
compiling main.c...
compiling stm32f4xx_it.c...
assembling startup_stm32f40_41xxx.s...
compiling misc.c...
compiling system_stm32f4xx.c...
compiling stm32f4xx_gpio.c...
compiling stm32f4xx_syscfg.c...
compiling stm32f4xx_usart.c...
compiling stm32f4xx_rcc.c...
compiling stm32f4xx_tim.c...
compiling stm32f4xx_dac.c...
compiling stm32f4xx_dma.c...
compiling stm32f4xx_adc.c...
compiling stm32f4xx_fsmc.c...
compiling stm32f4xx_i2c.c...
compiling sys.c...
compiling usart.c...
compiling delay.c...
compiling bsp_iic.c...
compiling bsp_led.c...
compiling bsp_dac.c...
compiling bsp_adc.c...
compiling bsp_dso.c...
compiling bsp_sram.c...
compiling bsp_ctiic.c...
compiling bsp_24cxx.c...
compiling bsp_TiMbase.c...
compiling ad9833.c...
compiling lcd.c...
compiling key.c...
compiling croutine.c...
compiling event_groups.c...
compiling list.c...
compiling queue.c...
compiling stream_buffer.c...
compiling tasks.c...
compiling timers.c...
compiling port.c...
compiling heap_4.c...
compiling trcKernelPort.c...
..\TraceRecorder\trcKernelPort.c(321): warning:  #177-D: variable "pCurrentTCB" was declared but never referenced
  static void* pCurrentTCB = NULL;
..\TraceRecorder\trcKernelPort.c: 1 warning, 0 errors
compiling trcStreamingRecorder.c...
compiling SEGGER_RTT.c...
compiling trcStreamingPort.c...
linking...
Program Size: Code=56104 RO-data=42232 RW-data=544 ZI-data=62656  
FromELF: creating hex file...
"..\OBJ\LED.axf" - 0 Error(s), 1 Warning(s).

<h2>Collection of Component include folders:</h2>
  D:\Wonder\电赛\往年赛题\2023年赛题\H\stm32f407_osc_V1.0\USER\RTE
  D:\Keil5\ARM\PACK\Keil\STM32F4xx_DFP\2.13.0

<h2>Collection of Component Files used:</h2>
</pre>
</body>
</html>
